WARNING - 2025-04-19 07:19:06 --> [DEPRECATED] Creation of dynamic property App\Controllers\StudentAdmissionController::$StudentAdmissionModel is deprecated in APPPATH\Controllers\StudentAdmissionController.php on line 16.
 1 SYSTEMPATH\CodeIgniter.php(903): App\Controllers\StudentAdmissionController->__construct()
 2 SYSTEMPATH\CodeIgniter.php(498): CodeIgniter\CodeIgniter->createController()
 3 SYSTEMPATH\CodeIgniter.php(354): CodeIgniter\CodeIgniter->handleRequest(null, Object(Config\Cache), false)
 4 SYSTEMPATH\Boot.php(334): CodeIgniter\CodeIgniter->run()
 5 SYSTEMPATH\Boot.php(67): CodeIgniter\Boot::runCodeIgniter(Object(CodeIgniter\CodeIgniter))
 6 FCPATH\index.php(56): CodeIgniter\Boot::bootWeb(Object(Config\Paths))
WARNING - 2025-04-19 07:19:06 --> [DEPRECATED] Creation of dynamic property App\Controllers\StudentAdmissionController::$ClassModel is deprecated in APPPATH\Controllers\StudentAdmissionController.php on line 17.
 1 SYSTEMPATH\CodeIgniter.php(903): App\Controllers\StudentAdmissionController->__construct()
 2 SYSTEMPATH\CodeIgniter.php(498): CodeIgniter\CodeIgniter->createController()
 3 SYSTEMPATH\CodeIgniter.php(354): CodeIgniter\CodeIgniter->handleRequest(null, Object(Config\Cache), false)
 4 SYSTEMPATH\Boot.php(334): CodeIgniter\CodeIgniter->run()
 5 SYSTEMPATH\Boot.php(67): CodeIgniter\Boot::runCodeIgniter(Object(CodeIgniter\CodeIgniter))
 6 FCPATH\index.php(56): CodeIgniter\Boot::bootWeb(Object(Config\Paths))
WARNING - 2025-04-19 07:19:10 --> [DEPRECATED] Creation of dynamic property App\Controllers\StudentAdmissionController::$StudentAdmissionModel is deprecated in APPPATH\Controllers\StudentAdmissionController.php on line 16.
 1 SYSTEMPATH\CodeIgniter.php(903): App\Controllers\StudentAdmissionController->__construct()
 2 SYSTEMPATH\CodeIgniter.php(498): CodeIgniter\CodeIgniter->createController()
 3 SYSTEMPATH\CodeIgniter.php(354): CodeIgniter\CodeIgniter->handleRequest(null, Object(Config\Cache), false)
 4 SYSTEMPATH\Boot.php(334): CodeIgniter\CodeIgniter->run()
 5 SYSTEMPATH\Boot.php(67): CodeIgniter\Boot::runCodeIgniter(Object(CodeIgniter\CodeIgniter))
 6 FCPATH\index.php(56): CodeIgniter\Boot::bootWeb(Object(Config\Paths))
WARNING - 2025-04-19 07:19:10 --> [DEPRECATED] Creation of dynamic property App\Controllers\StudentAdmissionController::$ClassModel is deprecated in APPPATH\Controllers\StudentAdmissionController.php on line 17.
 1 SYSTEMPATH\CodeIgniter.php(903): App\Controllers\StudentAdmissionController->__construct()
 2 SYSTEMPATH\CodeIgniter.php(498): CodeIgniter\CodeIgniter->createController()
 3 SYSTEMPATH\CodeIgniter.php(354): CodeIgniter\CodeIgniter->handleRequest(null, Object(Config\Cache), false)
 4 SYSTEMPATH\Boot.php(334): CodeIgniter\CodeIgniter->run()
 5 SYSTEMPATH\Boot.php(67): CodeIgniter\Boot::runCodeIgniter(Object(CodeIgniter\CodeIgniter))
 6 FCPATH\index.php(56): CodeIgniter\Boot::bootWeb(Object(Config\Paths))
WARNING - 2025-04-19 07:25:52 --> [DEPRECATED] Creation of dynamic property App\Controllers\StudentAdmissionController::$StudentAdmissionModel is deprecated in APPPATH\Controllers\StudentAdmissionController.php on line 16.
 1 SYSTEMPATH\CodeIgniter.php(903): App\Controllers\StudentAdmissionController->__construct()
 2 SYSTEMPATH\CodeIgniter.php(498): CodeIgniter\CodeIgniter->createController()
 3 SYSTEMPATH\CodeIgniter.php(354): CodeIgniter\CodeIgniter->handleRequest(null, Object(Config\Cache), false)
 4 SYSTEMPATH\Boot.php(334): CodeIgniter\CodeIgniter->run()
 5 SYSTEMPATH\Boot.php(67): CodeIgniter\Boot::runCodeIgniter(Object(CodeIgniter\CodeIgniter))
 6 FCPATH\index.php(56): CodeIgniter\Boot::bootWeb(Object(Config\Paths))
WARNING - 2025-04-19 07:25:52 --> [DEPRECATED] Creation of dynamic property App\Controllers\StudentAdmissionController::$ClassModel is deprecated in APPPATH\Controllers\StudentAdmissionController.php on line 17.
 1 SYSTEMPATH\CodeIgniter.php(903): App\Controllers\StudentAdmissionController->__construct()
 2 SYSTEMPATH\CodeIgniter.php(498): CodeIgniter\CodeIgniter->createController()
 3 SYSTEMPATH\CodeIgniter.php(354): CodeIgniter\CodeIgniter->handleRequest(null, Object(Config\Cache), false)
 4 SYSTEMPATH\Boot.php(334): CodeIgniter\CodeIgniter->run()
 5 SYSTEMPATH\Boot.php(67): CodeIgniter\Boot::runCodeIgniter(Object(CodeIgniter\CodeIgniter))
 6 FCPATH\index.php(56): CodeIgniter\Boot::bootWeb(Object(Config\Paths))
WARNING - 2025-04-19 07:28:49 --> [DEPRECATED] Creation of dynamic property App\Controllers\StudentAdmissionController::$StudentAdmissionModel is deprecated in APPPATH\Controllers\StudentAdmissionController.php on line 16.
 1 SYSTEMPATH\CodeIgniter.php(903): App\Controllers\StudentAdmissionController->__construct()
 2 SYSTEMPATH\CodeIgniter.php(498): CodeIgniter\CodeIgniter->createController()
 3 SYSTEMPATH\CodeIgniter.php(354): CodeIgniter\CodeIgniter->handleRequest(null, Object(Config\Cache), false)
 4 SYSTEMPATH\Boot.php(334): CodeIgniter\CodeIgniter->run()
 5 SYSTEMPATH\Boot.php(67): CodeIgniter\Boot::runCodeIgniter(Object(CodeIgniter\CodeIgniter))
 6 FCPATH\index.php(56): CodeIgniter\Boot::bootWeb(Object(Config\Paths))
WARNING - 2025-04-19 07:28:49 --> [DEPRECATED] Creation of dynamic property App\Controllers\StudentAdmissionController::$ClassModel is deprecated in APPPATH\Controllers\StudentAdmissionController.php on line 17.
 1 SYSTEMPATH\CodeIgniter.php(903): App\Controllers\StudentAdmissionController->__construct()
 2 SYSTEMPATH\CodeIgniter.php(498): CodeIgniter\CodeIgniter->createController()
 3 SYSTEMPATH\CodeIgniter.php(354): CodeIgniter\CodeIgniter->handleRequest(null, Object(Config\Cache), false)
 4 SYSTEMPATH\Boot.php(334): CodeIgniter\CodeIgniter->run()
 5 SYSTEMPATH\Boot.php(67): CodeIgniter\Boot::runCodeIgniter(Object(CodeIgniter\CodeIgniter))
 6 FCPATH\index.php(56): CodeIgniter\Boot::bootWeb(Object(Config\Paths))
WARNING - 2025-04-19 07:30:00 --> [DEPRECATED] Creation of dynamic property App\Controllers\StudentAdmissionController::$StudentAdmissionModel is deprecated in APPPATH\Controllers\StudentAdmissionController.php on line 16.
 1 SYSTEMPATH\CodeIgniter.php(903): App\Controllers\StudentAdmissionController->__construct()
 2 SYSTEMPATH\CodeIgniter.php(498): CodeIgniter\CodeIgniter->createController()
 3 SYSTEMPATH\CodeIgniter.php(354): CodeIgniter\CodeIgniter->handleRequest(null, Object(Config\Cache), false)
 4 SYSTEMPATH\Boot.php(334): CodeIgniter\CodeIgniter->run()
 5 SYSTEMPATH\Boot.php(67): CodeIgniter\Boot::runCodeIgniter(Object(CodeIgniter\CodeIgniter))
 6 FCPATH\index.php(56): CodeIgniter\Boot::bootWeb(Object(Config\Paths))
WARNING - 2025-04-19 07:30:00 --> [DEPRECATED] Creation of dynamic property App\Controllers\StudentAdmissionController::$ClassModel is deprecated in APPPATH\Controllers\StudentAdmissionController.php on line 17.
 1 SYSTEMPATH\CodeIgniter.php(903): App\Controllers\StudentAdmissionController->__construct()
 2 SYSTEMPATH\CodeIgniter.php(498): CodeIgniter\CodeIgniter->createController()
 3 SYSTEMPATH\CodeIgniter.php(354): CodeIgniter\CodeIgniter->handleRequest(null, Object(Config\Cache), false)
 4 SYSTEMPATH\Boot.php(334): CodeIgniter\CodeIgniter->run()
 5 SYSTEMPATH\Boot.php(67): CodeIgniter\Boot::runCodeIgniter(Object(CodeIgniter\CodeIgniter))
 6 FCPATH\index.php(56): CodeIgniter\Boot::bootWeb(Object(Config\Paths))
WARNING - 2025-04-19 07:35:41 --> [DEPRECATED] Creation of dynamic property App\Controllers\StudentAdmissionController::$StudentAdmissionModel is deprecated in APPPATH\Controllers\StudentAdmissionController.php on line 16.
 1 SYSTEMPATH\CodeIgniter.php(903): App\Controllers\StudentAdmissionController->__construct()
 2 SYSTEMPATH\CodeIgniter.php(498): CodeIgniter\CodeIgniter->createController()
 3 SYSTEMPATH\CodeIgniter.php(354): CodeIgniter\CodeIgniter->handleRequest(null, Object(Config\Cache), false)
 4 SYSTEMPATH\Boot.php(334): CodeIgniter\CodeIgniter->run()
 5 SYSTEMPATH\Boot.php(67): CodeIgniter\Boot::runCodeIgniter(Object(CodeIgniter\CodeIgniter))
 6 FCPATH\index.php(56): CodeIgniter\Boot::bootWeb(Object(Config\Paths))
WARNING - 2025-04-19 07:35:41 --> [DEPRECATED] Creation of dynamic property App\Controllers\StudentAdmissionController::$ClassModel is deprecated in APPPATH\Controllers\StudentAdmissionController.php on line 17.
 1 SYSTEMPATH\CodeIgniter.php(903): App\Controllers\StudentAdmissionController->__construct()
 2 SYSTEMPATH\CodeIgniter.php(498): CodeIgniter\CodeIgniter->createController()
 3 SYSTEMPATH\CodeIgniter.php(354): CodeIgniter\CodeIgniter->handleRequest(null, Object(Config\Cache), false)
 4 SYSTEMPATH\Boot.php(334): CodeIgniter\CodeIgniter->run()
 5 SYSTEMPATH\Boot.php(67): CodeIgniter\Boot::runCodeIgniter(Object(CodeIgniter\CodeIgniter))
 6 FCPATH\index.php(56): CodeIgniter\Boot::bootWeb(Object(Config\Paths))
WARNING - 2025-04-19 07:36:05 --> [DEPRECATED] Creation of dynamic property App\Controllers\StudentAdmissionController::$StudentAdmissionModel is deprecated in APPPATH\Controllers\StudentAdmissionController.php on line 16.
 1 SYSTEMPATH\CodeIgniter.php(903): App\Controllers\StudentAdmissionController->__construct()
 2 SYSTEMPATH\CodeIgniter.php(498): CodeIgniter\CodeIgniter->createController()
 3 SYSTEMPATH\CodeIgniter.php(354): CodeIgniter\CodeIgniter->handleRequest(null, Object(Config\Cache), false)
 4 SYSTEMPATH\Boot.php(334): CodeIgniter\CodeIgniter->run()
 5 SYSTEMPATH\Boot.php(67): CodeIgniter\Boot::runCodeIgniter(Object(CodeIgniter\CodeIgniter))
 6 FCPATH\index.php(56): CodeIgniter\Boot::bootWeb(Object(Config\Paths))
WARNING - 2025-04-19 07:36:05 --> [DEPRECATED] Creation of dynamic property App\Controllers\StudentAdmissionController::$ClassModel is deprecated in APPPATH\Controllers\StudentAdmissionController.php on line 17.
 1 SYSTEMPATH\CodeIgniter.php(903): App\Controllers\StudentAdmissionController->__construct()
 2 SYSTEMPATH\CodeIgniter.php(498): CodeIgniter\CodeIgniter->createController()
 3 SYSTEMPATH\CodeIgniter.php(354): CodeIgniter\CodeIgniter->handleRequest(null, Object(Config\Cache), false)
 4 SYSTEMPATH\Boot.php(334): CodeIgniter\CodeIgniter->run()
 5 SYSTEMPATH\Boot.php(67): CodeIgniter\Boot::runCodeIgniter(Object(CodeIgniter\CodeIgniter))
 6 FCPATH\index.php(56): CodeIgniter\Boot::bootWeb(Object(Config\Paths))
WARNING - 2025-04-19 07:36:12 --> [DEPRECATED] Creation of dynamic property App\Controllers\StudentAdmissionController::$StudentAdmissionModel is deprecated in APPPATH\Controllers\StudentAdmissionController.php on line 16.
 1 SYSTEMPATH\CodeIgniter.php(903): App\Controllers\StudentAdmissionController->__construct()
 2 SYSTEMPATH\CodeIgniter.php(498): CodeIgniter\CodeIgniter->createController()
 3 SYSTEMPATH\CodeIgniter.php(354): CodeIgniter\CodeIgniter->handleRequest(null, Object(Config\Cache), false)
 4 SYSTEMPATH\Boot.php(334): CodeIgniter\CodeIgniter->run()
 5 SYSTEMPATH\Boot.php(67): CodeIgniter\Boot::runCodeIgniter(Object(CodeIgniter\CodeIgniter))
 6 FCPATH\index.php(56): CodeIgniter\Boot::bootWeb(Object(Config\Paths))
WARNING - 2025-04-19 07:36:12 --> [DEPRECATED] Creation of dynamic property App\Controllers\StudentAdmissionController::$ClassModel is deprecated in APPPATH\Controllers\StudentAdmissionController.php on line 17.
 1 SYSTEMPATH\CodeIgniter.php(903): App\Controllers\StudentAdmissionController->__construct()
 2 SYSTEMPATH\CodeIgniter.php(498): CodeIgniter\CodeIgniter->createController()
 3 SYSTEMPATH\CodeIgniter.php(354): CodeIgniter\CodeIgniter->handleRequest(null, Object(Config\Cache), false)
 4 SYSTEMPATH\Boot.php(334): CodeIgniter\CodeIgniter->run()
 5 SYSTEMPATH\Boot.php(67): CodeIgniter\Boot::runCodeIgniter(Object(CodeIgniter\CodeIgniter))
 6 FCPATH\index.php(56): CodeIgniter\Boot::bootWeb(Object(Config\Paths))
WARNING - 2025-04-19 07:36:17 --> [DEPRECATED] Creation of dynamic property App\Controllers\StudentAdmissionController::$StudentAdmissionModel is deprecated in APPPATH\Controllers\StudentAdmissionController.php on line 16.
 1 SYSTEMPATH\CodeIgniter.php(903): App\Controllers\StudentAdmissionController->__construct()
 2 SYSTEMPATH\CodeIgniter.php(498): CodeIgniter\CodeIgniter->createController()
 3 SYSTEMPATH\CodeIgniter.php(354): CodeIgniter\CodeIgniter->handleRequest(null, Object(Config\Cache), false)
 4 SYSTEMPATH\Boot.php(334): CodeIgniter\CodeIgniter->run()
 5 SYSTEMPATH\Boot.php(67): CodeIgniter\Boot::runCodeIgniter(Object(CodeIgniter\CodeIgniter))
 6 FCPATH\index.php(56): CodeIgniter\Boot::bootWeb(Object(Config\Paths))
WARNING - 2025-04-19 07:36:17 --> [DEPRECATED] Creation of dynamic property App\Controllers\StudentAdmissionController::$ClassModel is deprecated in APPPATH\Controllers\StudentAdmissionController.php on line 17.
 1 SYSTEMPATH\CodeIgniter.php(903): App\Controllers\StudentAdmissionController->__construct()
 2 SYSTEMPATH\CodeIgniter.php(498): CodeIgniter\CodeIgniter->createController()
 3 SYSTEMPATH\CodeIgniter.php(354): CodeIgniter\CodeIgniter->handleRequest(null, Object(Config\Cache), false)
 4 SYSTEMPATH\Boot.php(334): CodeIgniter\CodeIgniter->run()
 5 SYSTEMPATH\Boot.php(67): CodeIgniter\Boot::runCodeIgniter(Object(CodeIgniter\CodeIgniter))
 6 FCPATH\index.php(56): CodeIgniter\Boot::bootWeb(Object(Config\Paths))
WARNING - 2025-04-19 13:17:25 --> [DEPRECATED] Creation of dynamic property App\Controllers\StudentAdmissionController::$StudentAdmissionModel is deprecated in APPPATH\Controllers\StudentAdmissionController.php on line 16.
 1 SYSTEMPATH\CodeIgniter.php(903): App\Controllers\StudentAdmissionController->__construct()
 2 SYSTEMPATH\CodeIgniter.php(498): CodeIgniter\CodeIgniter->createController()
 3 SYSTEMPATH\CodeIgniter.php(354): CodeIgniter\CodeIgniter->handleRequest(null, Object(Config\Cache), false)
 4 SYSTEMPATH\Boot.php(334): CodeIgniter\CodeIgniter->run()
 5 SYSTEMPATH\Boot.php(67): CodeIgniter\Boot::runCodeIgniter(Object(CodeIgniter\CodeIgniter))
 6 FCPATH\index.php(56): CodeIgniter\Boot::bootWeb(Object(Config\Paths))
WARNING - 2025-04-19 13:17:25 --> [DEPRECATED] Creation of dynamic property App\Controllers\StudentAdmissionController::$ClassModel is deprecated in APPPATH\Controllers\StudentAdmissionController.php on line 17.
 1 SYSTEMPATH\CodeIgniter.php(903): App\Controllers\StudentAdmissionController->__construct()
 2 SYSTEMPATH\CodeIgniter.php(498): CodeIgniter\CodeIgniter->createController()
 3 SYSTEMPATH\CodeIgniter.php(354): CodeIgniter\CodeIgniter->handleRequest(null, Object(Config\Cache), false)
 4 SYSTEMPATH\Boot.php(334): CodeIgniter\CodeIgniter->run()
 5 SYSTEMPATH\Boot.php(67): CodeIgniter\Boot::runCodeIgniter(Object(CodeIgniter\CodeIgniter))
 6 FCPATH\index.php(56): CodeIgniter\Boot::bootWeb(Object(Config\Paths))
WARNING - 2025-04-19 16:00:37 --> [DEPRECATED] Creation of dynamic property App\Controllers\StudentAdmissionController::$StudentAdmissionModel is deprecated in APPPATH\Controllers\StudentAdmissionController.php on line 16.
 1 SYSTEMPATH\CodeIgniter.php(903): App\Controllers\StudentAdmissionController->__construct()
 2 SYSTEMPATH\CodeIgniter.php(498): CodeIgniter\CodeIgniter->createController()
 3 SYSTEMPATH\CodeIgniter.php(354): CodeIgniter\CodeIgniter->handleRequest(null, Object(Config\Cache), false)
 4 SYSTEMPATH\Boot.php(334): CodeIgniter\CodeIgniter->run()
 5 SYSTEMPATH\Boot.php(67): CodeIgniter\Boot::runCodeIgniter(Object(CodeIgniter\CodeIgniter))
 6 FCPATH\index.php(56): CodeIgniter\Boot::bootWeb(Object(Config\Paths))
WARNING - 2025-04-19 16:00:37 --> [DEPRECATED] Creation of dynamic property App\Controllers\StudentAdmissionController::$ClassModel is deprecated in APPPATH\Controllers\StudentAdmissionController.php on line 17.
 1 SYSTEMPATH\CodeIgniter.php(903): App\Controllers\StudentAdmissionController->__construct()
 2 SYSTEMPATH\CodeIgniter.php(498): CodeIgniter\CodeIgniter->createController()
 3 SYSTEMPATH\CodeIgniter.php(354): CodeIgniter\CodeIgniter->handleRequest(null, Object(Config\Cache), false)
 4 SYSTEMPATH\Boot.php(334): CodeIgniter\CodeIgniter->run()
 5 SYSTEMPATH\Boot.php(67): CodeIgniter\Boot::runCodeIgniter(Object(CodeIgniter\CodeIgniter))
 6 FCPATH\index.php(56): CodeIgniter\Boot::bootWeb(Object(Config\Paths))
WARNING - 2025-04-19 16:56:01 --> [DEPRECATED] Creation of dynamic property App\Controllers\StudentAdmissionController::$StudentAdmissionModel is deprecated in APPPATH\Controllers\StudentAdmissionController.php on line 16.
 1 SYSTEMPATH\CodeIgniter.php(903): App\Controllers\StudentAdmissionController->__construct()
 2 SYSTEMPATH\CodeIgniter.php(498): CodeIgniter\CodeIgniter->createController()
 3 SYSTEMPATH\CodeIgniter.php(354): CodeIgniter\CodeIgniter->handleRequest(null, Object(Config\Cache), false)
 4 SYSTEMPATH\Boot.php(334): CodeIgniter\CodeIgniter->run()
 5 SYSTEMPATH\Boot.php(67): CodeIgniter\Boot::runCodeIgniter(Object(CodeIgniter\CodeIgniter))
 6 FCPATH\index.php(56): CodeIgniter\Boot::bootWeb(Object(Config\Paths))
WARNING - 2025-04-19 16:56:01 --> [DEPRECATED] Creation of dynamic property App\Controllers\StudentAdmissionController::$ClassModel is deprecated in APPPATH\Controllers\StudentAdmissionController.php on line 17.
 1 SYSTEMPATH\CodeIgniter.php(903): App\Controllers\StudentAdmissionController->__construct()
 2 SYSTEMPATH\CodeIgniter.php(498): CodeIgniter\CodeIgniter->createController()
 3 SYSTEMPATH\CodeIgniter.php(354): CodeIgniter\CodeIgniter->handleRequest(null, Object(Config\Cache), false)
 4 SYSTEMPATH\Boot.php(334): CodeIgniter\CodeIgniter->run()
 5 SYSTEMPATH\Boot.php(67): CodeIgniter\Boot::runCodeIgniter(Object(CodeIgniter\CodeIgniter))
 6 FCPATH\index.php(56): CodeIgniter\Boot::bootWeb(Object(Config\Paths))
WARNING - 2025-04-19 16:56:08 --> [DEPRECATED] Creation of dynamic property App\Controllers\StudentAdmissionController::$StudentAdmissionModel is deprecated in APPPATH\Controllers\StudentAdmissionController.php on line 16.
 1 SYSTEMPATH\CodeIgniter.php(903): App\Controllers\StudentAdmissionController->__construct()
 2 SYSTEMPATH\CodeIgniter.php(498): CodeIgniter\CodeIgniter->createController()
 3 SYSTEMPATH\CodeIgniter.php(354): CodeIgniter\CodeIgniter->handleRequest(null, Object(Config\Cache), false)
 4 SYSTEMPATH\Boot.php(334): CodeIgniter\CodeIgniter->run()
 5 SYSTEMPATH\Boot.php(67): CodeIgniter\Boot::runCodeIgniter(Object(CodeIgniter\CodeIgniter))
 6 FCPATH\index.php(56): CodeIgniter\Boot::bootWeb(Object(Config\Paths))
WARNING - 2025-04-19 16:56:08 --> [DEPRECATED] Creation of dynamic property App\Controllers\StudentAdmissionController::$ClassModel is deprecated in APPPATH\Controllers\StudentAdmissionController.php on line 17.
 1 SYSTEMPATH\CodeIgniter.php(903): App\Controllers\StudentAdmissionController->__construct()
 2 SYSTEMPATH\CodeIgniter.php(498): CodeIgniter\CodeIgniter->createController()
 3 SYSTEMPATH\CodeIgniter.php(354): CodeIgniter\CodeIgniter->handleRequest(null, Object(Config\Cache), false)
 4 SYSTEMPATH\Boot.php(334): CodeIgniter\CodeIgniter->run()
 5 SYSTEMPATH\Boot.php(67): CodeIgniter\Boot::runCodeIgniter(Object(CodeIgniter\CodeIgniter))
 6 FCPATH\index.php(56): CodeIgniter\Boot::bootWeb(Object(Config\Paths))
WARNING - 2025-04-19 16:56:50 --> [DEPRECATED] Creation of dynamic property App\Controllers\StudentAdmissionController::$StudentAdmissionModel is deprecated in APPPATH\Controllers\StudentAdmissionController.php on line 16.
 1 SYSTEMPATH\CodeIgniter.php(903): App\Controllers\StudentAdmissionController->__construct()
 2 SYSTEMPATH\CodeIgniter.php(498): CodeIgniter\CodeIgniter->createController()
 3 SYSTEMPATH\CodeIgniter.php(354): CodeIgniter\CodeIgniter->handleRequest(null, Object(Config\Cache), false)
 4 SYSTEMPATH\Boot.php(334): CodeIgniter\CodeIgniter->run()
 5 SYSTEMPATH\Boot.php(67): CodeIgniter\Boot::runCodeIgniter(Object(CodeIgniter\CodeIgniter))
 6 FCPATH\index.php(56): CodeIgniter\Boot::bootWeb(Object(Config\Paths))
WARNING - 2025-04-19 16:56:50 --> [DEPRECATED] Creation of dynamic property App\Controllers\StudentAdmissionController::$ClassModel is deprecated in APPPATH\Controllers\StudentAdmissionController.php on line 17.
 1 SYSTEMPATH\CodeIgniter.php(903): App\Controllers\StudentAdmissionController->__construct()
 2 SYSTEMPATH\CodeIgniter.php(498): CodeIgniter\CodeIgniter->createController()
 3 SYSTEMPATH\CodeIgniter.php(354): CodeIgniter\CodeIgniter->handleRequest(null, Object(Config\Cache), false)
 4 SYSTEMPATH\Boot.php(334): CodeIgniter\CodeIgniter->run()
 5 SYSTEMPATH\Boot.php(67): CodeIgniter\Boot::runCodeIgniter(Object(CodeIgniter\CodeIgniter))
 6 FCPATH\index.php(56): CodeIgniter\Boot::bootWeb(Object(Config\Paths))
WARNING - 2025-04-19 17:19:33 --> [DEPRECATED] Creation of dynamic property App\Controllers\StudentAdmissionController::$StudentAdmissionModel is deprecated in APPPATH\Controllers\StudentAdmissionController.php on line 16.
 1 SYSTEMPATH\CodeIgniter.php(903): App\Controllers\StudentAdmissionController->__construct()
 2 SYSTEMPATH\CodeIgniter.php(498): CodeIgniter\CodeIgniter->createController()
 3 SYSTEMPATH\CodeIgniter.php(354): CodeIgniter\CodeIgniter->handleRequest(null, Object(Config\Cache), false)
 4 SYSTEMPATH\Boot.php(334): CodeIgniter\CodeIgniter->run()
 5 SYSTEMPATH\Boot.php(67): CodeIgniter\Boot::runCodeIgniter(Object(CodeIgniter\CodeIgniter))
 6 FCPATH\index.php(56): CodeIgniter\Boot::bootWeb(Object(Config\Paths))
WARNING - 2025-04-19 17:19:33 --> [DEPRECATED] Creation of dynamic property App\Controllers\StudentAdmissionController::$ClassModel is deprecated in APPPATH\Controllers\StudentAdmissionController.php on line 17.
 1 SYSTEMPATH\CodeIgniter.php(903): App\Controllers\StudentAdmissionController->__construct()
 2 SYSTEMPATH\CodeIgniter.php(498): CodeIgniter\CodeIgniter->createController()
 3 SYSTEMPATH\CodeIgniter.php(354): CodeIgniter\CodeIgniter->handleRequest(null, Object(Config\Cache), false)
 4 SYSTEMPATH\Boot.php(334): CodeIgniter\CodeIgniter->run()
 5 SYSTEMPATH\Boot.php(67): CodeIgniter\Boot::runCodeIgniter(Object(CodeIgniter\CodeIgniter))
 6 FCPATH\index.php(56): CodeIgniter\Boot::bootWeb(Object(Config\Paths))
WARNING - 2025-04-19 17:20:23 --> [DEPRECATED] Creation of dynamic property App\Controllers\StudentAdmissionController::$StudentAdmissionModel is deprecated in APPPATH\Controllers\StudentAdmissionController.php on line 16.
 1 SYSTEMPATH\CodeIgniter.php(903): App\Controllers\StudentAdmissionController->__construct()
 2 SYSTEMPATH\CodeIgniter.php(498): CodeIgniter\CodeIgniter->createController()
 3 SYSTEMPATH\CodeIgniter.php(354): CodeIgniter\CodeIgniter->handleRequest(null, Object(Config\Cache), false)
 4 SYSTEMPATH\Boot.php(334): CodeIgniter\CodeIgniter->run()
 5 SYSTEMPATH\Boot.php(67): CodeIgniter\Boot::runCodeIgniter(Object(CodeIgniter\CodeIgniter))
 6 FCPATH\index.php(56): CodeIgniter\Boot::bootWeb(Object(Config\Paths))
WARNING - 2025-04-19 17:20:23 --> [DEPRECATED] Creation of dynamic property App\Controllers\StudentAdmissionController::$ClassModel is deprecated in APPPATH\Controllers\StudentAdmissionController.php on line 17.
 1 SYSTEMPATH\CodeIgniter.php(903): App\Controllers\StudentAdmissionController->__construct()
 2 SYSTEMPATH\CodeIgniter.php(498): CodeIgniter\CodeIgniter->createController()
 3 SYSTEMPATH\CodeIgniter.php(354): CodeIgniter\CodeIgniter->handleRequest(null, Object(Config\Cache), false)
 4 SYSTEMPATH\Boot.php(334): CodeIgniter\CodeIgniter->run()
 5 SYSTEMPATH\Boot.php(67): CodeIgniter\Boot::runCodeIgniter(Object(CodeIgniter\CodeIgniter))
 6 FCPATH\index.php(56): CodeIgniter\Boot::bootWeb(Object(Config\Paths))
WARNING - 2025-04-19 18:13:53 --> [DEPRECATED] Creation of dynamic property App\Controllers\StudentAdmissionController::$StudentAdmissionModel is deprecated in APPPATH\Controllers\StudentAdmissionController.php on line 16.
 1 SYSTEMPATH\CodeIgniter.php(903): App\Controllers\StudentAdmissionController->__construct()
 2 SYSTEMPATH\CodeIgniter.php(498): CodeIgniter\CodeIgniter->createController()
 3 SYSTEMPATH\CodeIgniter.php(354): CodeIgniter\CodeIgniter->handleRequest(null, Object(Config\Cache), false)
 4 SYSTEMPATH\Boot.php(334): CodeIgniter\CodeIgniter->run()
 5 SYSTEMPATH\Boot.php(67): CodeIgniter\Boot::runCodeIgniter(Object(CodeIgniter\CodeIgniter))
 6 FCPATH\index.php(56): CodeIgniter\Boot::bootWeb(Object(Config\Paths))
WARNING - 2025-04-19 18:13:53 --> [DEPRECATED] Creation of dynamic property App\Controllers\StudentAdmissionController::$ClassModel is deprecated in APPPATH\Controllers\StudentAdmissionController.php on line 17.
 1 SYSTEMPATH\CodeIgniter.php(903): App\Controllers\StudentAdmissionController->__construct()
 2 SYSTEMPATH\CodeIgniter.php(498): CodeIgniter\CodeIgniter->createController()
 3 SYSTEMPATH\CodeIgniter.php(354): CodeIgniter\CodeIgniter->handleRequest(null, Object(Config\Cache), false)
 4 SYSTEMPATH\Boot.php(334): CodeIgniter\CodeIgniter->run()
 5 SYSTEMPATH\Boot.php(67): CodeIgniter\Boot::runCodeIgniter(Object(CodeIgniter\CodeIgniter))
 6 FCPATH\index.php(56): CodeIgniter\Boot::bootWeb(Object(Config\Paths))
WARNING - 2025-04-19 18:48:03 --> [DEPRECATED] Creation of dynamic property App\Controllers\StudentAdmissionController::$StudentAdmissionModel is deprecated in APPPATH\Controllers\StudentAdmissionController.php on line 16.
 1 SYSTEMPATH\CodeIgniter.php(903): App\Controllers\StudentAdmissionController->__construct()
 2 SYSTEMPATH\CodeIgniter.php(498): CodeIgniter\CodeIgniter->createController()
 3 SYSTEMPATH\CodeIgniter.php(354): CodeIgniter\CodeIgniter->handleRequest(null, Object(Config\Cache), false)
 4 SYSTEMPATH\Boot.php(334): CodeIgniter\CodeIgniter->run()
 5 SYSTEMPATH\Boot.php(67): CodeIgniter\Boot::runCodeIgniter(Object(CodeIgniter\CodeIgniter))
 6 FCPATH\index.php(56): CodeIgniter\Boot::bootWeb(Object(Config\Paths))
WARNING - 2025-04-19 18:48:03 --> [DEPRECATED] Creation of dynamic property App\Controllers\StudentAdmissionController::$ClassModel is deprecated in APPPATH\Controllers\StudentAdmissionController.php on line 17.
 1 SYSTEMPATH\CodeIgniter.php(903): App\Controllers\StudentAdmissionController->__construct()
 2 SYSTEMPATH\CodeIgniter.php(498): CodeIgniter\CodeIgniter->createController()
 3 SYSTEMPATH\CodeIgniter.php(354): CodeIgniter\CodeIgniter->handleRequest(null, Object(Config\Cache), false)
 4 SYSTEMPATH\Boot.php(334): CodeIgniter\CodeIgniter->run()
 5 SYSTEMPATH\Boot.php(67): CodeIgniter\Boot::runCodeIgniter(Object(CodeIgniter\CodeIgniter))
 6 FCPATH\index.php(56): CodeIgniter\Boot::bootWeb(Object(Config\Paths))
