WARNING - 2025-04-18 08:10:06 --> [DEPRECATED] Creation of dynamic property App\Controllers\StudentAdmissionController::$StudentAdmissionModel is deprecated in APPPATH\Controllers\StudentAdmissionController.php on line 14.
 1 SYSTEMPATH\CodeIgniter.php(903): App\Controllers\StudentAdmissionController->__construct()
 2 SYSTEMPATH\CodeIgniter.php(498): CodeIgniter\CodeIgniter->createController()
 3 SYSTEMPATH\CodeIgniter.php(354): CodeIgniter\CodeIgniter->handleRequest(null, Object(Config\Cache), false)
 4 SYSTEMPATH\Boot.php(334): CodeIgniter\CodeIgniter->run()
 5 SYSTEMPATH\Boot.php(67): CodeIgniter\Boot::runCodeIgniter(Object(CodeIgniter\CodeIgniter))
 6 FCPATH\index.php(56): CodeIgniter\Boot::bootWeb(Object(Config\Paths))
WARNING - 2025-04-18 08:11:20 --> [DEPRECATED] Creation of dynamic property App\Controllers\StudentAdmissionController::$StudentAdmissionModel is deprecated in APPPATH\Controllers\StudentAdmissionController.php on line 14.
 1 SYSTEMPATH\CodeIgniter.php(903): App\Controllers\StudentAdmissionController->__construct()
 2 SYSTEMPATH\CodeIgniter.php(498): CodeIgniter\CodeIgniter->createController()
 3 SYSTEMPATH\CodeIgniter.php(354): CodeIgniter\CodeIgniter->handleRequest(null, Object(Config\Cache), false)
 4 SYSTEMPATH\Boot.php(334): CodeIgniter\CodeIgniter->run()
 5 SYSTEMPATH\Boot.php(67): CodeIgniter\Boot::runCodeIgniter(Object(CodeIgniter\CodeIgniter))
 6 FCPATH\index.php(56): CodeIgniter\Boot::bootWeb(Object(Config\Paths))
WARNING - 2025-04-18 08:18:03 --> [DEPRECATED] Creation of dynamic property App\Controllers\StudentAdmissionController::$StudentAdmissionModel is deprecated in APPPATH\Controllers\StudentAdmissionController.php on line 14.
 1 SYSTEMPATH\CodeIgniter.php(903): App\Controllers\StudentAdmissionController->__construct()
 2 SYSTEMPATH\CodeIgniter.php(498): CodeIgniter\CodeIgniter->createController()
 3 SYSTEMPATH\CodeIgniter.php(354): CodeIgniter\CodeIgniter->handleRequest(null, Object(Config\Cache), false)
 4 SYSTEMPATH\Boot.php(334): CodeIgniter\CodeIgniter->run()
 5 SYSTEMPATH\Boot.php(67): CodeIgniter\Boot::runCodeIgniter(Object(CodeIgniter\CodeIgniter))
 6 FCPATH\index.php(56): CodeIgniter\Boot::bootWeb(Object(Config\Paths))
WARNING - 2025-04-18 08:18:35 --> [DEPRECATED] Creation of dynamic property App\Controllers\StudentAdmissionController::$StudentAdmissionModel is deprecated in APPPATH\Controllers\StudentAdmissionController.php on line 14.
 1 SYSTEMPATH\CodeIgniter.php(903): App\Controllers\StudentAdmissionController->__construct()
 2 SYSTEMPATH\CodeIgniter.php(498): CodeIgniter\CodeIgniter->createController()
 3 SYSTEMPATH\CodeIgniter.php(354): CodeIgniter\CodeIgniter->handleRequest(null, Object(Config\Cache), false)
 4 SYSTEMPATH\Boot.php(334): CodeIgniter\CodeIgniter->run()
 5 SYSTEMPATH\Boot.php(67): CodeIgniter\Boot::runCodeIgniter(Object(CodeIgniter\CodeIgniter))
 6 FCPATH\index.php(56): CodeIgniter\Boot::bootWeb(Object(Config\Paths))
WARNING - 2025-04-18 08:22:33 --> [DEPRECATED] Creation of dynamic property App\Controllers\StudentAdmissionController::$StudentAdmissionModel is deprecated in APPPATH\Controllers\StudentAdmissionController.php on line 14.
 1 SYSTEMPATH\CodeIgniter.php(903): App\Controllers\StudentAdmissionController->__construct()
 2 SYSTEMPATH\CodeIgniter.php(498): CodeIgniter\CodeIgniter->createController()
 3 SYSTEMPATH\CodeIgniter.php(354): CodeIgniter\CodeIgniter->handleRequest(null, Object(Config\Cache), false)
 4 SYSTEMPATH\Boot.php(334): CodeIgniter\CodeIgniter->run()
 5 SYSTEMPATH\Boot.php(67): CodeIgniter\Boot::runCodeIgniter(Object(CodeIgniter\CodeIgniter))
 6 FCPATH\index.php(56): CodeIgniter\Boot::bootWeb(Object(Config\Paths))
WARNING - 2025-04-18 09:00:03 --> [DEPRECATED] Creation of dynamic property App\Controllers\StudentAdmissionController::$StudentAdmissionModel is deprecated in APPPATH\Controllers\StudentAdmissionController.php on line 14.
 1 SYSTEMPATH\CodeIgniter.php(903): App\Controllers\StudentAdmissionController->__construct()
 2 SYSTEMPATH\CodeIgniter.php(498): CodeIgniter\CodeIgniter->createController()
 3 SYSTEMPATH\CodeIgniter.php(354): CodeIgniter\CodeIgniter->handleRequest(null, Object(Config\Cache), false)
 4 SYSTEMPATH\Boot.php(334): CodeIgniter\CodeIgniter->run()
 5 SYSTEMPATH\Boot.php(67): CodeIgniter\Boot::runCodeIgniter(Object(CodeIgniter\CodeIgniter))
 6 FCPATH\index.php(56): CodeIgniter\Boot::bootWeb(Object(Config\Paths))
WARNING - 2025-04-18 09:14:52 --> [DEPRECATED] Creation of dynamic property App\Controllers\StudentAdmissionController::$StudentAdmissionModel is deprecated in APPPATH\Controllers\StudentAdmissionController.php on line 14.
 1 SYSTEMPATH\CodeIgniter.php(903): App\Controllers\StudentAdmissionController->__construct()
 2 SYSTEMPATH\CodeIgniter.php(498): CodeIgniter\CodeIgniter->createController()
 3 SYSTEMPATH\CodeIgniter.php(354): CodeIgniter\CodeIgniter->handleRequest(null, Object(Config\Cache), false)
 4 SYSTEMPATH\Boot.php(334): CodeIgniter\CodeIgniter->run()
 5 SYSTEMPATH\Boot.php(67): CodeIgniter\Boot::runCodeIgniter(Object(CodeIgniter\CodeIgniter))
 6 FCPATH\index.php(56): CodeIgniter\Boot::bootWeb(Object(Config\Paths))
WARNING - 2025-04-18 09:15:20 --> [DEPRECATED] Creation of dynamic property App\Controllers\StudentAdmissionController::$StudentAdmissionModel is deprecated in APPPATH\Controllers\StudentAdmissionController.php on line 14.
 1 SYSTEMPATH\CodeIgniter.php(903): App\Controllers\StudentAdmissionController->__construct()
 2 SYSTEMPATH\CodeIgniter.php(498): CodeIgniter\CodeIgniter->createController()
 3 SYSTEMPATH\CodeIgniter.php(354): CodeIgniter\CodeIgniter->handleRequest(null, Object(Config\Cache), false)
 4 SYSTEMPATH\Boot.php(334): CodeIgniter\CodeIgniter->run()
 5 SYSTEMPATH\Boot.php(67): CodeIgniter\Boot::runCodeIgniter(Object(CodeIgniter\CodeIgniter))
 6 FCPATH\index.php(56): CodeIgniter\Boot::bootWeb(Object(Config\Paths))
WARNING - 2025-04-18 09:16:24 --> [DEPRECATED] Creation of dynamic property App\Controllers\StudentAdmissionController::$StudentAdmissionModel is deprecated in APPPATH\Controllers\StudentAdmissionController.php on line 14.
 1 SYSTEMPATH\CodeIgniter.php(903): App\Controllers\StudentAdmissionController->__construct()
 2 SYSTEMPATH\CodeIgniter.php(498): CodeIgniter\CodeIgniter->createController()
 3 SYSTEMPATH\CodeIgniter.php(354): CodeIgniter\CodeIgniter->handleRequest(null, Object(Config\Cache), false)
 4 SYSTEMPATH\Boot.php(334): CodeIgniter\CodeIgniter->run()
 5 SYSTEMPATH\Boot.php(67): CodeIgniter\Boot::runCodeIgniter(Object(CodeIgniter\CodeIgniter))
 6 FCPATH\index.php(56): CodeIgniter\Boot::bootWeb(Object(Config\Paths))
WARNING - 2025-04-18 09:16:47 --> [DEPRECATED] Creation of dynamic property App\Controllers\StudentAdmissionController::$StudentAdmissionModel is deprecated in APPPATH\Controllers\StudentAdmissionController.php on line 14.
 1 SYSTEMPATH\CodeIgniter.php(903): App\Controllers\StudentAdmissionController->__construct()
 2 SYSTEMPATH\CodeIgniter.php(498): CodeIgniter\CodeIgniter->createController()
 3 SYSTEMPATH\CodeIgniter.php(354): CodeIgniter\CodeIgniter->handleRequest(null, Object(Config\Cache), false)
 4 SYSTEMPATH\Boot.php(334): CodeIgniter\CodeIgniter->run()
 5 SYSTEMPATH\Boot.php(67): CodeIgniter\Boot::runCodeIgniter(Object(CodeIgniter\CodeIgniter))
 6 FCPATH\index.php(56): CodeIgniter\Boot::bootWeb(Object(Config\Paths))
WARNING - 2025-04-18 09:26:18 --> [DEPRECATED] Creation of dynamic property App\Controllers\StudentAdmissionController::$StudentAdmissionModel is deprecated in APPPATH\Controllers\StudentAdmissionController.php on line 14.
 1 SYSTEMPATH\CodeIgniter.php(903): App\Controllers\StudentAdmissionController->__construct()
 2 SYSTEMPATH\CodeIgniter.php(498): CodeIgniter\CodeIgniter->createController()
 3 SYSTEMPATH\CodeIgniter.php(354): CodeIgniter\CodeIgniter->handleRequest(null, Object(Config\Cache), false)
 4 SYSTEMPATH\Boot.php(334): CodeIgniter\CodeIgniter->run()
 5 SYSTEMPATH\Boot.php(67): CodeIgniter\Boot::runCodeIgniter(Object(CodeIgniter\CodeIgniter))
 6 FCPATH\index.php(56): CodeIgniter\Boot::bootWeb(Object(Config\Paths))
WARNING - 2025-04-18 13:03:49 --> [DEPRECATED] Creation of dynamic property App\Controllers\StudentAdmissionController::$StudentAdmissionModel is deprecated in APPPATH\Controllers\StudentAdmissionController.php on line 14.
 1 SYSTEMPATH\CodeIgniter.php(903): App\Controllers\StudentAdmissionController->__construct()
 2 SYSTEMPATH\CodeIgniter.php(498): CodeIgniter\CodeIgniter->createController()
 3 SYSTEMPATH\CodeIgniter.php(354): CodeIgniter\CodeIgniter->handleRequest(null, Object(Config\Cache), false)
 4 SYSTEMPATH\Boot.php(334): CodeIgniter\CodeIgniter->run()
 5 SYSTEMPATH\Boot.php(67): CodeIgniter\Boot::runCodeIgniter(Object(CodeIgniter\CodeIgniter))
 6 FCPATH\index.php(56): CodeIgniter\Boot::bootWeb(Object(Config\Paths))
WARNING - 2025-04-18 18:12:11 --> [DEPRECATED] Creation of dynamic property App\Controllers\StudentAdmissionController::$StudentAdmissionModel is deprecated in APPPATH\Controllers\StudentAdmissionController.php on line 15.
 1 SYSTEMPATH\CodeIgniter.php(903): App\Controllers\StudentAdmissionController->__construct()
 2 SYSTEMPATH\CodeIgniter.php(498): CodeIgniter\CodeIgniter->createController()
 3 SYSTEMPATH\CodeIgniter.php(354): CodeIgniter\CodeIgniter->handleRequest(null, Object(Config\Cache), false)
 4 SYSTEMPATH\Boot.php(334): CodeIgniter\CodeIgniter->run()
 5 SYSTEMPATH\Boot.php(67): CodeIgniter\Boot::runCodeIgniter(Object(CodeIgniter\CodeIgniter))
 6 FCPATH\index.php(56): CodeIgniter\Boot::bootWeb(Object(Config\Paths))
WARNING - 2025-04-18 18:35:32 --> [DEPRECATED] Creation of dynamic property App\Controllers\StudentAdmissionController::$StudentAdmissionModel is deprecated in APPPATH\Controllers\StudentAdmissionController.php on line 15.
 1 SYSTEMPATH\CodeIgniter.php(903): App\Controllers\StudentAdmissionController->__construct()
 2 SYSTEMPATH\CodeIgniter.php(498): CodeIgniter\CodeIgniter->createController()
 3 SYSTEMPATH\CodeIgniter.php(354): CodeIgniter\CodeIgniter->handleRequest(null, Object(Config\Cache), false)
 4 SYSTEMPATH\Boot.php(334): CodeIgniter\CodeIgniter->run()
 5 SYSTEMPATH\Boot.php(67): CodeIgniter\Boot::runCodeIgniter(Object(CodeIgniter\CodeIgniter))
 6 FCPATH\index.php(56): CodeIgniter\Boot::bootWeb(Object(Config\Paths))
WARNING - 2025-04-18 18:53:24 --> [DEPRECATED] Creation of dynamic property App\Controllers\StudentAdmissionController::$StudentAdmissionModel is deprecated in APPPATH\Controllers\StudentAdmissionController.php on line 16.
 1 SYSTEMPATH\CodeIgniter.php(903): App\Controllers\StudentAdmissionController->__construct()
 2 SYSTEMPATH\CodeIgniter.php(498): CodeIgniter\CodeIgniter->createController()
 3 SYSTEMPATH\CodeIgniter.php(354): CodeIgniter\CodeIgniter->handleRequest(null, Object(Config\Cache), false)
 4 SYSTEMPATH\Boot.php(334): CodeIgniter\CodeIgniter->run()
 5 SYSTEMPATH\Boot.php(67): CodeIgniter\Boot::runCodeIgniter(Object(CodeIgniter\CodeIgniter))
 6 FCPATH\index.php(56): CodeIgniter\Boot::bootWeb(Object(Config\Paths))
WARNING - 2025-04-18 18:53:24 --> [DEPRECATED] Creation of dynamic property App\Controllers\StudentAdmissionController::$ClassModel is deprecated in APPPATH\Controllers\StudentAdmissionController.php on line 17.
 1 SYSTEMPATH\CodeIgniter.php(903): App\Controllers\StudentAdmissionController->__construct()
 2 SYSTEMPATH\CodeIgniter.php(498): CodeIgniter\CodeIgniter->createController()
 3 SYSTEMPATH\CodeIgniter.php(354): CodeIgniter\CodeIgniter->handleRequest(null, Object(Config\Cache), false)
 4 SYSTEMPATH\Boot.php(334): CodeIgniter\CodeIgniter->run()
 5 SYSTEMPATH\Boot.php(67): CodeIgniter\Boot::runCodeIgniter(Object(CodeIgniter\CodeIgniter))
 6 FCPATH\index.php(56): CodeIgniter\Boot::bootWeb(Object(Config\Paths))
CRITICAL - 2025-04-18 18:53:24 --> ErrorException: Undefined array key "class_id"
[Method: GET, Route: studentadmission]
in APPPATH\Views\front\student_admission.php on line 63.
 1 APPPATH\Views\front\student_admission.php(63): CodeIgniter\Debug\Exceptions->errorHandler(2, 'Undefined array key "class_id"', 'D:\\forphp\\school_manage-master\\app\\Views\\front\\student_admission.php', 63)
 2 SYSTEMPATH\View\View.php(224): include('D:\\forphp\\school_manage-master\\app\\Views\\front\\student_admission.php')
 3 SYSTEMPATH\View\View.php(227): CodeIgniter\View\View->CodeIgniter\View\{closure}()
 4 SYSTEMPATH\Common.php(1173): CodeIgniter\View\View->render('front/student_admission', [], true)
 5 APPPATH\Libraries\Template.php(10): view('front/student_admission', [...])
 6 APPPATH\Controllers\StudentAdmissionController.php(22): App\Libraries\Template->front_panel('student_admission', [...])
 7 SYSTEMPATH\CodeIgniter.php(933): App\Controllers\StudentAdmissionController->index()
 8 SYSTEMPATH\CodeIgniter.php(507): CodeIgniter\CodeIgniter->runController(Object(App\Controllers\StudentAdmissionController))
 9 SYSTEMPATH\CodeIgniter.php(354): CodeIgniter\CodeIgniter->handleRequest(null, Object(Config\Cache), false)
10 SYSTEMPATH\Boot.php(334): CodeIgniter\CodeIgniter->run()
11 SYSTEMPATH\Boot.php(67): CodeIgniter\Boot::runCodeIgniter(Object(CodeIgniter\CodeIgniter))
12 FCPATH\index.php(56): CodeIgniter\Boot::bootWeb(Object(Config\Paths))
WARNING - 2025-04-18 18:56:02 --> [DEPRECATED] Creation of dynamic property App\Controllers\StudentAdmissionController::$StudentAdmissionModel is deprecated in APPPATH\Controllers\StudentAdmissionController.php on line 16.
 1 SYSTEMPATH\CodeIgniter.php(903): App\Controllers\StudentAdmissionController->__construct()
 2 SYSTEMPATH\CodeIgniter.php(498): CodeIgniter\CodeIgniter->createController()
 3 SYSTEMPATH\CodeIgniter.php(354): CodeIgniter\CodeIgniter->handleRequest(null, Object(Config\Cache), false)
 4 SYSTEMPATH\Boot.php(334): CodeIgniter\CodeIgniter->run()
 5 SYSTEMPATH\Boot.php(67): CodeIgniter\Boot::runCodeIgniter(Object(CodeIgniter\CodeIgniter))
 6 FCPATH\index.php(56): CodeIgniter\Boot::bootWeb(Object(Config\Paths))
WARNING - 2025-04-18 18:56:02 --> [DEPRECATED] Creation of dynamic property App\Controllers\StudentAdmissionController::$ClassModel is deprecated in APPPATH\Controllers\StudentAdmissionController.php on line 17.
 1 SYSTEMPATH\CodeIgniter.php(903): App\Controllers\StudentAdmissionController->__construct()
 2 SYSTEMPATH\CodeIgniter.php(498): CodeIgniter\CodeIgniter->createController()
 3 SYSTEMPATH\CodeIgniter.php(354): CodeIgniter\CodeIgniter->handleRequest(null, Object(Config\Cache), false)
 4 SYSTEMPATH\Boot.php(334): CodeIgniter\CodeIgniter->run()
 5 SYSTEMPATH\Boot.php(67): CodeIgniter\Boot::runCodeIgniter(Object(CodeIgniter\CodeIgniter))
 6 FCPATH\index.php(56): CodeIgniter\Boot::bootWeb(Object(Config\Paths))
WARNING - 2025-04-18 18:57:14 --> [DEPRECATED] Creation of dynamic property App\Controllers\StudentAdmissionController::$StudentAdmissionModel is deprecated in APPPATH\Controllers\StudentAdmissionController.php on line 16.
 1 SYSTEMPATH\CodeIgniter.php(903): App\Controllers\StudentAdmissionController->__construct()
 2 SYSTEMPATH\CodeIgniter.php(498): CodeIgniter\CodeIgniter->createController()
 3 SYSTEMPATH\CodeIgniter.php(354): CodeIgniter\CodeIgniter->handleRequest(null, Object(Config\Cache), false)
 4 SYSTEMPATH\Boot.php(334): CodeIgniter\CodeIgniter->run()
 5 SYSTEMPATH\Boot.php(67): CodeIgniter\Boot::runCodeIgniter(Object(CodeIgniter\CodeIgniter))
 6 FCPATH\index.php(56): CodeIgniter\Boot::bootWeb(Object(Config\Paths))
WARNING - 2025-04-18 18:57:14 --> [DEPRECATED] Creation of dynamic property App\Controllers\StudentAdmissionController::$ClassModel is deprecated in APPPATH\Controllers\StudentAdmissionController.php on line 17.
 1 SYSTEMPATH\CodeIgniter.php(903): App\Controllers\StudentAdmissionController->__construct()
 2 SYSTEMPATH\CodeIgniter.php(498): CodeIgniter\CodeIgniter->createController()
 3 SYSTEMPATH\CodeIgniter.php(354): CodeIgniter\CodeIgniter->handleRequest(null, Object(Config\Cache), false)
 4 SYSTEMPATH\Boot.php(334): CodeIgniter\CodeIgniter->run()
 5 SYSTEMPATH\Boot.php(67): CodeIgniter\Boot::runCodeIgniter(Object(CodeIgniter\CodeIgniter))
 6 FCPATH\index.php(56): CodeIgniter\Boot::bootWeb(Object(Config\Paths))
WARNING - 2025-04-18 18:57:32 --> [DEPRECATED] Creation of dynamic property App\Controllers\StudentAdmissionController::$StudentAdmissionModel is deprecated in APPPATH\Controllers\StudentAdmissionController.php on line 16.
 1 SYSTEMPATH\CodeIgniter.php(903): App\Controllers\StudentAdmissionController->__construct()
 2 SYSTEMPATH\CodeIgniter.php(498): CodeIgniter\CodeIgniter->createController()
 3 SYSTEMPATH\CodeIgniter.php(354): CodeIgniter\CodeIgniter->handleRequest(null, Object(Config\Cache), false)
 4 SYSTEMPATH\Boot.php(334): CodeIgniter\CodeIgniter->run()
 5 SYSTEMPATH\Boot.php(67): CodeIgniter\Boot::runCodeIgniter(Object(CodeIgniter\CodeIgniter))
 6 FCPATH\index.php(56): CodeIgniter\Boot::bootWeb(Object(Config\Paths))
WARNING - 2025-04-18 18:57:32 --> [DEPRECATED] Creation of dynamic property App\Controllers\StudentAdmissionController::$ClassModel is deprecated in APPPATH\Controllers\StudentAdmissionController.php on line 17.
 1 SYSTEMPATH\CodeIgniter.php(903): App\Controllers\StudentAdmissionController->__construct()
 2 SYSTEMPATH\CodeIgniter.php(498): CodeIgniter\CodeIgniter->createController()
 3 SYSTEMPATH\CodeIgniter.php(354): CodeIgniter\CodeIgniter->handleRequest(null, Object(Config\Cache), false)
 4 SYSTEMPATH\Boot.php(334): CodeIgniter\CodeIgniter->run()
 5 SYSTEMPATH\Boot.php(67): CodeIgniter\Boot::runCodeIgniter(Object(CodeIgniter\CodeIgniter))
 6 FCPATH\index.php(56): CodeIgniter\Boot::bootWeb(Object(Config\Paths))
WARNING - 2025-04-18 18:57:41 --> [DEPRECATED] Creation of dynamic property App\Controllers\StudentAdmissionController::$StudentAdmissionModel is deprecated in APPPATH\Controllers\StudentAdmissionController.php on line 16.
 1 SYSTEMPATH\CodeIgniter.php(903): App\Controllers\StudentAdmissionController->__construct()
 2 SYSTEMPATH\CodeIgniter.php(498): CodeIgniter\CodeIgniter->createController()
 3 SYSTEMPATH\CodeIgniter.php(354): CodeIgniter\CodeIgniter->handleRequest(null, Object(Config\Cache), false)
 4 SYSTEMPATH\Boot.php(334): CodeIgniter\CodeIgniter->run()
 5 SYSTEMPATH\Boot.php(67): CodeIgniter\Boot::runCodeIgniter(Object(CodeIgniter\CodeIgniter))
 6 FCPATH\index.php(56): CodeIgniter\Boot::bootWeb(Object(Config\Paths))
WARNING - 2025-04-18 18:57:41 --> [DEPRECATED] Creation of dynamic property App\Controllers\StudentAdmissionController::$ClassModel is deprecated in APPPATH\Controllers\StudentAdmissionController.php on line 17.
 1 SYSTEMPATH\CodeIgniter.php(903): App\Controllers\StudentAdmissionController->__construct()
 2 SYSTEMPATH\CodeIgniter.php(498): CodeIgniter\CodeIgniter->createController()
 3 SYSTEMPATH\CodeIgniter.php(354): CodeIgniter\CodeIgniter->handleRequest(null, Object(Config\Cache), false)
 4 SYSTEMPATH\Boot.php(334): CodeIgniter\CodeIgniter->run()
 5 SYSTEMPATH\Boot.php(67): CodeIgniter\Boot::runCodeIgniter(Object(CodeIgniter\CodeIgniter))
 6 FCPATH\index.php(56): CodeIgniter\Boot::bootWeb(Object(Config\Paths))
WARNING - 2025-04-18 18:58:40 --> [DEPRECATED] Creation of dynamic property App\Controllers\StudentAdmissionController::$StudentAdmissionModel is deprecated in APPPATH\Controllers\StudentAdmissionController.php on line 16.
 1 SYSTEMPATH\CodeIgniter.php(903): App\Controllers\StudentAdmissionController->__construct()
 2 SYSTEMPATH\CodeIgniter.php(498): CodeIgniter\CodeIgniter->createController()
 3 SYSTEMPATH\CodeIgniter.php(354): CodeIgniter\CodeIgniter->handleRequest(null, Object(Config\Cache), false)
 4 SYSTEMPATH\Boot.php(334): CodeIgniter\CodeIgniter->run()
 5 SYSTEMPATH\Boot.php(67): CodeIgniter\Boot::runCodeIgniter(Object(CodeIgniter\CodeIgniter))
 6 FCPATH\index.php(56): CodeIgniter\Boot::bootWeb(Object(Config\Paths))
WARNING - 2025-04-18 18:58:40 --> [DEPRECATED] Creation of dynamic property App\Controllers\StudentAdmissionController::$ClassModel is deprecated in APPPATH\Controllers\StudentAdmissionController.php on line 17.
 1 SYSTEMPATH\CodeIgniter.php(903): App\Controllers\StudentAdmissionController->__construct()
 2 SYSTEMPATH\CodeIgniter.php(498): CodeIgniter\CodeIgniter->createController()
 3 SYSTEMPATH\CodeIgniter.php(354): CodeIgniter\CodeIgniter->handleRequest(null, Object(Config\Cache), false)
 4 SYSTEMPATH\Boot.php(334): CodeIgniter\CodeIgniter->run()
 5 SYSTEMPATH\Boot.php(67): CodeIgniter\Boot::runCodeIgniter(Object(CodeIgniter\CodeIgniter))
 6 FCPATH\index.php(56): CodeIgniter\Boot::bootWeb(Object(Config\Paths))
WARNING - 2025-04-18 19:01:34 --> [DEPRECATED] Creation of dynamic property App\Controllers\StudentAdmissionController::$StudentAdmissionModel is deprecated in APPPATH\Controllers\StudentAdmissionController.php on line 16.
 1 SYSTEMPATH\CodeIgniter.php(903): App\Controllers\StudentAdmissionController->__construct()
 2 SYSTEMPATH\CodeIgniter.php(498): CodeIgniter\CodeIgniter->createController()
 3 SYSTEMPATH\CodeIgniter.php(354): CodeIgniter\CodeIgniter->handleRequest(null, Object(Config\Cache), false)
 4 SYSTEMPATH\Boot.php(334): CodeIgniter\CodeIgniter->run()
 5 SYSTEMPATH\Boot.php(67): CodeIgniter\Boot::runCodeIgniter(Object(CodeIgniter\CodeIgniter))
 6 FCPATH\index.php(56): CodeIgniter\Boot::bootWeb(Object(Config\Paths))
WARNING - 2025-04-18 19:01:34 --> [DEPRECATED] Creation of dynamic property App\Controllers\StudentAdmissionController::$ClassModel is deprecated in APPPATH\Controllers\StudentAdmissionController.php on line 17.
 1 SYSTEMPATH\CodeIgniter.php(903): App\Controllers\StudentAdmissionController->__construct()
 2 SYSTEMPATH\CodeIgniter.php(498): CodeIgniter\CodeIgniter->createController()
 3 SYSTEMPATH\CodeIgniter.php(354): CodeIgniter\CodeIgniter->handleRequest(null, Object(Config\Cache), false)
 4 SYSTEMPATH\Boot.php(334): CodeIgniter\CodeIgniter->run()
 5 SYSTEMPATH\Boot.php(67): CodeIgniter\Boot::runCodeIgniter(Object(CodeIgniter\CodeIgniter))
 6 FCPATH\index.php(56): CodeIgniter\Boot::bootWeb(Object(Config\Paths))
WARNING - 2025-04-18 19:01:50 --> [DEPRECATED] Creation of dynamic property App\Controllers\StudentAdmissionController::$StudentAdmissionModel is deprecated in APPPATH\Controllers\StudentAdmissionController.php on line 16.
 1 SYSTEMPATH\CodeIgniter.php(903): App\Controllers\StudentAdmissionController->__construct()
 2 SYSTEMPATH\CodeIgniter.php(498): CodeIgniter\CodeIgniter->createController()
 3 SYSTEMPATH\CodeIgniter.php(354): CodeIgniter\CodeIgniter->handleRequest(null, Object(Config\Cache), false)
 4 SYSTEMPATH\Boot.php(334): CodeIgniter\CodeIgniter->run()
 5 SYSTEMPATH\Boot.php(67): CodeIgniter\Boot::runCodeIgniter(Object(CodeIgniter\CodeIgniter))
 6 FCPATH\index.php(56): CodeIgniter\Boot::bootWeb(Object(Config\Paths))
WARNING - 2025-04-18 19:01:50 --> [DEPRECATED] Creation of dynamic property App\Controllers\StudentAdmissionController::$ClassModel is deprecated in APPPATH\Controllers\StudentAdmissionController.php on line 17.
 1 SYSTEMPATH\CodeIgniter.php(903): App\Controllers\StudentAdmissionController->__construct()
 2 SYSTEMPATH\CodeIgniter.php(498): CodeIgniter\CodeIgniter->createController()
 3 SYSTEMPATH\CodeIgniter.php(354): CodeIgniter\CodeIgniter->handleRequest(null, Object(Config\Cache), false)
 4 SYSTEMPATH\Boot.php(334): CodeIgniter\CodeIgniter->run()
 5 SYSTEMPATH\Boot.php(67): CodeIgniter\Boot::runCodeIgniter(Object(CodeIgniter\CodeIgniter))
 6 FCPATH\index.php(56): CodeIgniter\Boot::bootWeb(Object(Config\Paths))
WARNING - 2025-04-18 19:02:03 --> [DEPRECATED] Creation of dynamic property App\Controllers\StudentAdmissionController::$StudentAdmissionModel is deprecated in APPPATH\Controllers\StudentAdmissionController.php on line 16.
 1 SYSTEMPATH\CodeIgniter.php(903): App\Controllers\StudentAdmissionController->__construct()
 2 SYSTEMPATH\CodeIgniter.php(498): CodeIgniter\CodeIgniter->createController()
 3 SYSTEMPATH\CodeIgniter.php(354): CodeIgniter\CodeIgniter->handleRequest(null, Object(Config\Cache), false)
 4 SYSTEMPATH\Boot.php(334): CodeIgniter\CodeIgniter->run()
 5 SYSTEMPATH\Boot.php(67): CodeIgniter\Boot::runCodeIgniter(Object(CodeIgniter\CodeIgniter))
 6 FCPATH\index.php(56): CodeIgniter\Boot::bootWeb(Object(Config\Paths))
WARNING - 2025-04-18 19:02:03 --> [DEPRECATED] Creation of dynamic property App\Controllers\StudentAdmissionController::$ClassModel is deprecated in APPPATH\Controllers\StudentAdmissionController.php on line 17.
 1 SYSTEMPATH\CodeIgniter.php(903): App\Controllers\StudentAdmissionController->__construct()
 2 SYSTEMPATH\CodeIgniter.php(498): CodeIgniter\CodeIgniter->createController()
 3 SYSTEMPATH\CodeIgniter.php(354): CodeIgniter\CodeIgniter->handleRequest(null, Object(Config\Cache), false)
 4 SYSTEMPATH\Boot.php(334): CodeIgniter\CodeIgniter->run()
 5 SYSTEMPATH\Boot.php(67): CodeIgniter\Boot::runCodeIgniter(Object(CodeIgniter\CodeIgniter))
 6 FCPATH\index.php(56): CodeIgniter\Boot::bootWeb(Object(Config\Paths))
WARNING - 2025-04-18 19:02:17 --> [DEPRECATED] Creation of dynamic property App\Controllers\StudentAdmissionController::$StudentAdmissionModel is deprecated in APPPATH\Controllers\StudentAdmissionController.php on line 16.
 1 SYSTEMPATH\CodeIgniter.php(903): App\Controllers\StudentAdmissionController->__construct()
 2 SYSTEMPATH\CodeIgniter.php(498): CodeIgniter\CodeIgniter->createController()
 3 SYSTEMPATH\CodeIgniter.php(354): CodeIgniter\CodeIgniter->handleRequest(null, Object(Config\Cache), false)
 4 SYSTEMPATH\Boot.php(334): CodeIgniter\CodeIgniter->run()
 5 SYSTEMPATH\Boot.php(67): CodeIgniter\Boot::runCodeIgniter(Object(CodeIgniter\CodeIgniter))
 6 FCPATH\index.php(56): CodeIgniter\Boot::bootWeb(Object(Config\Paths))
WARNING - 2025-04-18 19:02:17 --> [DEPRECATED] Creation of dynamic property App\Controllers\StudentAdmissionController::$ClassModel is deprecated in APPPATH\Controllers\StudentAdmissionController.php on line 17.
 1 SYSTEMPATH\CodeIgniter.php(903): App\Controllers\StudentAdmissionController->__construct()
 2 SYSTEMPATH\CodeIgniter.php(498): CodeIgniter\CodeIgniter->createController()
 3 SYSTEMPATH\CodeIgniter.php(354): CodeIgniter\CodeIgniter->handleRequest(null, Object(Config\Cache), false)
 4 SYSTEMPATH\Boot.php(334): CodeIgniter\CodeIgniter->run()
 5 SYSTEMPATH\Boot.php(67): CodeIgniter\Boot::runCodeIgniter(Object(CodeIgniter\CodeIgniter))
 6 FCPATH\index.php(56): CodeIgniter\Boot::bootWeb(Object(Config\Paths))
WARNING - 2025-04-18 19:03:10 --> [DEPRECATED] Creation of dynamic property App\Controllers\StudentAdmissionController::$StudentAdmissionModel is deprecated in APPPATH\Controllers\StudentAdmissionController.php on line 16.
 1 SYSTEMPATH\CodeIgniter.php(903): App\Controllers\StudentAdmissionController->__construct()
 2 SYSTEMPATH\CodeIgniter.php(498): CodeIgniter\CodeIgniter->createController()
 3 SYSTEMPATH\CodeIgniter.php(354): CodeIgniter\CodeIgniter->handleRequest(null, Object(Config\Cache), false)
 4 SYSTEMPATH\Boot.php(334): CodeIgniter\CodeIgniter->run()
 5 SYSTEMPATH\Boot.php(67): CodeIgniter\Boot::runCodeIgniter(Object(CodeIgniter\CodeIgniter))
 6 FCPATH\index.php(56): CodeIgniter\Boot::bootWeb(Object(Config\Paths))
WARNING - 2025-04-18 19:03:10 --> [DEPRECATED] Creation of dynamic property App\Controllers\StudentAdmissionController::$ClassModel is deprecated in APPPATH\Controllers\StudentAdmissionController.php on line 17.
 1 SYSTEMPATH\CodeIgniter.php(903): App\Controllers\StudentAdmissionController->__construct()
 2 SYSTEMPATH\CodeIgniter.php(498): CodeIgniter\CodeIgniter->createController()
 3 SYSTEMPATH\CodeIgniter.php(354): CodeIgniter\CodeIgniter->handleRequest(null, Object(Config\Cache), false)
 4 SYSTEMPATH\Boot.php(334): CodeIgniter\CodeIgniter->run()
 5 SYSTEMPATH\Boot.php(67): CodeIgniter\Boot::runCodeIgniter(Object(CodeIgniter\CodeIgniter))
 6 FCPATH\index.php(56): CodeIgniter\Boot::bootWeb(Object(Config\Paths))
WARNING - 2025-04-18 19:03:35 --> [DEPRECATED] Creation of dynamic property App\Controllers\StudentAdmissionController::$StudentAdmissionModel is deprecated in APPPATH\Controllers\StudentAdmissionController.php on line 16.
 1 SYSTEMPATH\CodeIgniter.php(903): App\Controllers\StudentAdmissionController->__construct()
 2 SYSTEMPATH\CodeIgniter.php(498): CodeIgniter\CodeIgniter->createController()
 3 SYSTEMPATH\CodeIgniter.php(354): CodeIgniter\CodeIgniter->handleRequest(null, Object(Config\Cache), false)
 4 SYSTEMPATH\Boot.php(334): CodeIgniter\CodeIgniter->run()
 5 SYSTEMPATH\Boot.php(67): CodeIgniter\Boot::runCodeIgniter(Object(CodeIgniter\CodeIgniter))
 6 FCPATH\index.php(56): CodeIgniter\Boot::bootWeb(Object(Config\Paths))
WARNING - 2025-04-18 19:03:35 --> [DEPRECATED] Creation of dynamic property App\Controllers\StudentAdmissionController::$ClassModel is deprecated in APPPATH\Controllers\StudentAdmissionController.php on line 17.
 1 SYSTEMPATH\CodeIgniter.php(903): App\Controllers\StudentAdmissionController->__construct()
 2 SYSTEMPATH\CodeIgniter.php(498): CodeIgniter\CodeIgniter->createController()
 3 SYSTEMPATH\CodeIgniter.php(354): CodeIgniter\CodeIgniter->handleRequest(null, Object(Config\Cache), false)
 4 SYSTEMPATH\Boot.php(334): CodeIgniter\CodeIgniter->run()
 5 SYSTEMPATH\Boot.php(67): CodeIgniter\Boot::runCodeIgniter(Object(CodeIgniter\CodeIgniter))
 6 FCPATH\index.php(56): CodeIgniter\Boot::bootWeb(Object(Config\Paths))
WARNING - 2025-04-18 19:05:15 --> [DEPRECATED] Creation of dynamic property App\Controllers\StudentAdmissionController::$StudentAdmissionModel is deprecated in APPPATH\Controllers\StudentAdmissionController.php on line 16.
 1 SYSTEMPATH\CodeIgniter.php(903): App\Controllers\StudentAdmissionController->__construct()
 2 SYSTEMPATH\CodeIgniter.php(498): CodeIgniter\CodeIgniter->createController()
 3 SYSTEMPATH\CodeIgniter.php(354): CodeIgniter\CodeIgniter->handleRequest(null, Object(Config\Cache), false)
 4 SYSTEMPATH\Boot.php(334): CodeIgniter\CodeIgniter->run()
 5 SYSTEMPATH\Boot.php(67): CodeIgniter\Boot::runCodeIgniter(Object(CodeIgniter\CodeIgniter))
 6 FCPATH\index.php(56): CodeIgniter\Boot::bootWeb(Object(Config\Paths))
WARNING - 2025-04-18 19:05:15 --> [DEPRECATED] Creation of dynamic property App\Controllers\StudentAdmissionController::$ClassModel is deprecated in APPPATH\Controllers\StudentAdmissionController.php on line 17.
 1 SYSTEMPATH\CodeIgniter.php(903): App\Controllers\StudentAdmissionController->__construct()
 2 SYSTEMPATH\CodeIgniter.php(498): CodeIgniter\CodeIgniter->createController()
 3 SYSTEMPATH\CodeIgniter.php(354): CodeIgniter\CodeIgniter->handleRequest(null, Object(Config\Cache), false)
 4 SYSTEMPATH\Boot.php(334): CodeIgniter\CodeIgniter->run()
 5 SYSTEMPATH\Boot.php(67): CodeIgniter\Boot::runCodeIgniter(Object(CodeIgniter\CodeIgniter))
 6 FCPATH\index.php(56): CodeIgniter\Boot::bootWeb(Object(Config\Paths))
WARNING - 2025-04-18 19:10:24 --> [DEPRECATED] Creation of dynamic property App\Controllers\StudentAdmissionController::$StudentAdmissionModel is deprecated in APPPATH\Controllers\StudentAdmissionController.php on line 16.
 1 SYSTEMPATH\CodeIgniter.php(903): App\Controllers\StudentAdmissionController->__construct()
 2 SYSTEMPATH\CodeIgniter.php(498): CodeIgniter\CodeIgniter->createController()
 3 SYSTEMPATH\CodeIgniter.php(354): CodeIgniter\CodeIgniter->handleRequest(null, Object(Config\Cache), false)
 4 SYSTEMPATH\Boot.php(334): CodeIgniter\CodeIgniter->run()
 5 SYSTEMPATH\Boot.php(67): CodeIgniter\Boot::runCodeIgniter(Object(CodeIgniter\CodeIgniter))
 6 FCPATH\index.php(56): CodeIgniter\Boot::bootWeb(Object(Config\Paths))
WARNING - 2025-04-18 19:10:24 --> [DEPRECATED] Creation of dynamic property App\Controllers\StudentAdmissionController::$ClassModel is deprecated in APPPATH\Controllers\StudentAdmissionController.php on line 17.
 1 SYSTEMPATH\CodeIgniter.php(903): App\Controllers\StudentAdmissionController->__construct()
 2 SYSTEMPATH\CodeIgniter.php(498): CodeIgniter\CodeIgniter->createController()
 3 SYSTEMPATH\CodeIgniter.php(354): CodeIgniter\CodeIgniter->handleRequest(null, Object(Config\Cache), false)
 4 SYSTEMPATH\Boot.php(334): CodeIgniter\CodeIgniter->run()
 5 SYSTEMPATH\Boot.php(67): CodeIgniter\Boot::runCodeIgniter(Object(CodeIgniter\CodeIgniter))
 6 FCPATH\index.php(56): CodeIgniter\Boot::bootWeb(Object(Config\Paths))
WARNING - 2025-04-18 19:10:51 --> [DEPRECATED] Creation of dynamic property App\Controllers\StudentAdmissionController::$StudentAdmissionModel is deprecated in APPPATH\Controllers\StudentAdmissionController.php on line 16.
 1 SYSTEMPATH\CodeIgniter.php(903): App\Controllers\StudentAdmissionController->__construct()
 2 SYSTEMPATH\CodeIgniter.php(498): CodeIgniter\CodeIgniter->createController()
 3 SYSTEMPATH\CodeIgniter.php(354): CodeIgniter\CodeIgniter->handleRequest(null, Object(Config\Cache), false)
 4 SYSTEMPATH\Boot.php(334): CodeIgniter\CodeIgniter->run()
 5 SYSTEMPATH\Boot.php(67): CodeIgniter\Boot::runCodeIgniter(Object(CodeIgniter\CodeIgniter))
 6 FCPATH\index.php(56): CodeIgniter\Boot::bootWeb(Object(Config\Paths))
WARNING - 2025-04-18 19:10:51 --> [DEPRECATED] Creation of dynamic property App\Controllers\StudentAdmissionController::$ClassModel is deprecated in APPPATH\Controllers\StudentAdmissionController.php on line 17.
 1 SYSTEMPATH\CodeIgniter.php(903): App\Controllers\StudentAdmissionController->__construct()
 2 SYSTEMPATH\CodeIgniter.php(498): CodeIgniter\CodeIgniter->createController()
 3 SYSTEMPATH\CodeIgniter.php(354): CodeIgniter\CodeIgniter->handleRequest(null, Object(Config\Cache), false)
 4 SYSTEMPATH\Boot.php(334): CodeIgniter\CodeIgniter->run()
 5 SYSTEMPATH\Boot.php(67): CodeIgniter\Boot::runCodeIgniter(Object(CodeIgniter\CodeIgniter))
 6 FCPATH\index.php(56): CodeIgniter\Boot::bootWeb(Object(Config\Paths))
WARNING - 2025-04-18 19:15:21 --> [DEPRECATED] Creation of dynamic property App\Controllers\StudentAdmissionController::$StudentAdmissionModel is deprecated in APPPATH\Controllers\StudentAdmissionController.php on line 16.
 1 SYSTEMPATH\CodeIgniter.php(903): App\Controllers\StudentAdmissionController->__construct()
 2 SYSTEMPATH\CodeIgniter.php(498): CodeIgniter\CodeIgniter->createController()
 3 SYSTEMPATH\CodeIgniter.php(354): CodeIgniter\CodeIgniter->handleRequest(null, Object(Config\Cache), false)
 4 SYSTEMPATH\Boot.php(334): CodeIgniter\CodeIgniter->run()
 5 SYSTEMPATH\Boot.php(67): CodeIgniter\Boot::runCodeIgniter(Object(CodeIgniter\CodeIgniter))
 6 FCPATH\index.php(56): CodeIgniter\Boot::bootWeb(Object(Config\Paths))
WARNING - 2025-04-18 19:15:21 --> [DEPRECATED] Creation of dynamic property App\Controllers\StudentAdmissionController::$ClassModel is deprecated in APPPATH\Controllers\StudentAdmissionController.php on line 17.
 1 SYSTEMPATH\CodeIgniter.php(903): App\Controllers\StudentAdmissionController->__construct()
 2 SYSTEMPATH\CodeIgniter.php(498): CodeIgniter\CodeIgniter->createController()
 3 SYSTEMPATH\CodeIgniter.php(354): CodeIgniter\CodeIgniter->handleRequest(null, Object(Config\Cache), false)
 4 SYSTEMPATH\Boot.php(334): CodeIgniter\CodeIgniter->run()
 5 SYSTEMPATH\Boot.php(67): CodeIgniter\Boot::runCodeIgniter(Object(CodeIgniter\CodeIgniter))
 6 FCPATH\index.php(56): CodeIgniter\Boot::bootWeb(Object(Config\Paths))
WARNING - 2025-04-18 19:16:14 --> [DEPRECATED] Creation of dynamic property App\Controllers\StudentAdmissionController::$StudentAdmissionModel is deprecated in APPPATH\Controllers\StudentAdmissionController.php on line 16.
 1 SYSTEMPATH\CodeIgniter.php(903): App\Controllers\StudentAdmissionController->__construct()
 2 SYSTEMPATH\CodeIgniter.php(498): CodeIgniter\CodeIgniter->createController()
 3 SYSTEMPATH\CodeIgniter.php(354): CodeIgniter\CodeIgniter->handleRequest(null, Object(Config\Cache), false)
 4 SYSTEMPATH\Boot.php(334): CodeIgniter\CodeIgniter->run()
 5 SYSTEMPATH\Boot.php(67): CodeIgniter\Boot::runCodeIgniter(Object(CodeIgniter\CodeIgniter))
 6 FCPATH\index.php(56): CodeIgniter\Boot::bootWeb(Object(Config\Paths))
WARNING - 2025-04-18 19:16:14 --> [DEPRECATED] Creation of dynamic property App\Controllers\StudentAdmissionController::$ClassModel is deprecated in APPPATH\Controllers\StudentAdmissionController.php on line 17.
 1 SYSTEMPATH\CodeIgniter.php(903): App\Controllers\StudentAdmissionController->__construct()
 2 SYSTEMPATH\CodeIgniter.php(498): CodeIgniter\CodeIgniter->createController()
 3 SYSTEMPATH\CodeIgniter.php(354): CodeIgniter\CodeIgniter->handleRequest(null, Object(Config\Cache), false)
 4 SYSTEMPATH\Boot.php(334): CodeIgniter\CodeIgniter->run()
 5 SYSTEMPATH\Boot.php(67): CodeIgniter\Boot::runCodeIgniter(Object(CodeIgniter\CodeIgniter))
 6 FCPATH\index.php(56): CodeIgniter\Boot::bootWeb(Object(Config\Paths))
WARNING - 2025-04-18 19:19:17 --> [DEPRECATED] Creation of dynamic property App\Controllers\StudentAdmissionController::$StudentAdmissionModel is deprecated in APPPATH\Controllers\StudentAdmissionController.php on line 16.
 1 SYSTEMPATH\CodeIgniter.php(903): App\Controllers\StudentAdmissionController->__construct()
 2 SYSTEMPATH\CodeIgniter.php(498): CodeIgniter\CodeIgniter->createController()
 3 SYSTEMPATH\CodeIgniter.php(354): CodeIgniter\CodeIgniter->handleRequest(null, Object(Config\Cache), false)
 4 SYSTEMPATH\Boot.php(334): CodeIgniter\CodeIgniter->run()
 5 SYSTEMPATH\Boot.php(67): CodeIgniter\Boot::runCodeIgniter(Object(CodeIgniter\CodeIgniter))
 6 FCPATH\index.php(56): CodeIgniter\Boot::bootWeb(Object(Config\Paths))
WARNING - 2025-04-18 19:19:17 --> [DEPRECATED] Creation of dynamic property App\Controllers\StudentAdmissionController::$ClassModel is deprecated in APPPATH\Controllers\StudentAdmissionController.php on line 17.
 1 SYSTEMPATH\CodeIgniter.php(903): App\Controllers\StudentAdmissionController->__construct()
 2 SYSTEMPATH\CodeIgniter.php(498): CodeIgniter\CodeIgniter->createController()
 3 SYSTEMPATH\CodeIgniter.php(354): CodeIgniter\CodeIgniter->handleRequest(null, Object(Config\Cache), false)
 4 SYSTEMPATH\Boot.php(334): CodeIgniter\CodeIgniter->run()
 5 SYSTEMPATH\Boot.php(67): CodeIgniter\Boot::runCodeIgniter(Object(CodeIgniter\CodeIgniter))
 6 FCPATH\index.php(56): CodeIgniter\Boot::bootWeb(Object(Config\Paths))
WARNING - 2025-04-18 19:21:48 --> [DEPRECATED] Creation of dynamic property App\Controllers\StudentAdmissionController::$StudentAdmissionModel is deprecated in APPPATH\Controllers\StudentAdmissionController.php on line 16.
 1 SYSTEMPATH\CodeIgniter.php(903): App\Controllers\StudentAdmissionController->__construct()
 2 SYSTEMPATH\CodeIgniter.php(498): CodeIgniter\CodeIgniter->createController()
 3 SYSTEMPATH\CodeIgniter.php(354): CodeIgniter\CodeIgniter->handleRequest(null, Object(Config\Cache), false)
 4 SYSTEMPATH\Boot.php(334): CodeIgniter\CodeIgniter->run()
 5 SYSTEMPATH\Boot.php(67): CodeIgniter\Boot::runCodeIgniter(Object(CodeIgniter\CodeIgniter))
 6 FCPATH\index.php(56): CodeIgniter\Boot::bootWeb(Object(Config\Paths))
WARNING - 2025-04-18 19:21:48 --> [DEPRECATED] Creation of dynamic property App\Controllers\StudentAdmissionController::$ClassModel is deprecated in APPPATH\Controllers\StudentAdmissionController.php on line 17.
 1 SYSTEMPATH\CodeIgniter.php(903): App\Controllers\StudentAdmissionController->__construct()
 2 SYSTEMPATH\CodeIgniter.php(498): CodeIgniter\CodeIgniter->createController()
 3 SYSTEMPATH\CodeIgniter.php(354): CodeIgniter\CodeIgniter->handleRequest(null, Object(Config\Cache), false)
 4 SYSTEMPATH\Boot.php(334): CodeIgniter\CodeIgniter->run()
 5 SYSTEMPATH\Boot.php(67): CodeIgniter\Boot::runCodeIgniter(Object(CodeIgniter\CodeIgniter))
 6 FCPATH\index.php(56): CodeIgniter\Boot::bootWeb(Object(Config\Paths))
DEBUG - 2025-04-18 19:21:48 --> Session: Class initialized using 'CodeIgniter\Session\Handlers\FileHandler' driver.
WARNING - 2025-04-18 19:21:48 --> [DEPRECATED] Creation of dynamic property App\Controllers\StudentAdmissionController::$StudentAdmissionModel is deprecated in APPPATH\Controllers\StudentAdmissionController.php on line 16.
 1 SYSTEMPATH\CodeIgniter.php(903): App\Controllers\StudentAdmissionController->__construct()
 2 SYSTEMPATH\CodeIgniter.php(498): CodeIgniter\CodeIgniter->createController()
 3 SYSTEMPATH\CodeIgniter.php(354): CodeIgniter\CodeIgniter->handleRequest(null, Object(Config\Cache), false)
 4 SYSTEMPATH\Boot.php(334): CodeIgniter\CodeIgniter->run()
 5 SYSTEMPATH\Boot.php(67): CodeIgniter\Boot::runCodeIgniter(Object(CodeIgniter\CodeIgniter))
 6 FCPATH\index.php(56): CodeIgniter\Boot::bootWeb(Object(Config\Paths))
WARNING - 2025-04-18 19:21:48 --> [DEPRECATED] Creation of dynamic property App\Controllers\StudentAdmissionController::$ClassModel is deprecated in APPPATH\Controllers\StudentAdmissionController.php on line 17.
 1 SYSTEMPATH\CodeIgniter.php(903): App\Controllers\StudentAdmissionController->__construct()
 2 SYSTEMPATH\CodeIgniter.php(498): CodeIgniter\CodeIgniter->createController()
 3 SYSTEMPATH\CodeIgniter.php(354): CodeIgniter\CodeIgniter->handleRequest(null, Object(Config\Cache), false)
 4 SYSTEMPATH\Boot.php(334): CodeIgniter\CodeIgniter->run()
 5 SYSTEMPATH\Boot.php(67): CodeIgniter\Boot::runCodeIgniter(Object(CodeIgniter\CodeIgniter))
 6 FCPATH\index.php(56): CodeIgniter\Boot::bootWeb(Object(Config\Paths))
WARNING - 2025-04-18 19:24:22 --> [DEPRECATED] Creation of dynamic property App\Controllers\StudentAdmissionController::$StudentAdmissionModel is deprecated in APPPATH\Controllers\StudentAdmissionController.php on line 16.
 1 SYSTEMPATH\CodeIgniter.php(903): App\Controllers\StudentAdmissionController->__construct()
 2 SYSTEMPATH\CodeIgniter.php(498): CodeIgniter\CodeIgniter->createController()
 3 SYSTEMPATH\CodeIgniter.php(354): CodeIgniter\CodeIgniter->handleRequest(null, Object(Config\Cache), false)
 4 SYSTEMPATH\Boot.php(334): CodeIgniter\CodeIgniter->run()
 5 SYSTEMPATH\Boot.php(67): CodeIgniter\Boot::runCodeIgniter(Object(CodeIgniter\CodeIgniter))
 6 FCPATH\index.php(56): CodeIgniter\Boot::bootWeb(Object(Config\Paths))
WARNING - 2025-04-18 19:24:22 --> [DEPRECATED] Creation of dynamic property App\Controllers\StudentAdmissionController::$ClassModel is deprecated in APPPATH\Controllers\StudentAdmissionController.php on line 17.
 1 SYSTEMPATH\CodeIgniter.php(903): App\Controllers\StudentAdmissionController->__construct()
 2 SYSTEMPATH\CodeIgniter.php(498): CodeIgniter\CodeIgniter->createController()
 3 SYSTEMPATH\CodeIgniter.php(354): CodeIgniter\CodeIgniter->handleRequest(null, Object(Config\Cache), false)
 4 SYSTEMPATH\Boot.php(334): CodeIgniter\CodeIgniter->run()
 5 SYSTEMPATH\Boot.php(67): CodeIgniter\Boot::runCodeIgniter(Object(CodeIgniter\CodeIgniter))
 6 FCPATH\index.php(56): CodeIgniter\Boot::bootWeb(Object(Config\Paths))
DEBUG - 2025-04-18 19:24:22 --> Session: Class initialized using 'CodeIgniter\Session\Handlers\FileHandler' driver.
WARNING - 2025-04-18 19:24:29 --> [DEPRECATED] Creation of dynamic property App\Controllers\StudentAdmissionController::$StudentAdmissionModel is deprecated in APPPATH\Controllers\StudentAdmissionController.php on line 16.
 1 SYSTEMPATH\CodeIgniter.php(903): App\Controllers\StudentAdmissionController->__construct()
 2 SYSTEMPATH\CodeIgniter.php(498): CodeIgniter\CodeIgniter->createController()
 3 SYSTEMPATH\CodeIgniter.php(354): CodeIgniter\CodeIgniter->handleRequest(null, Object(Config\Cache), false)
 4 SYSTEMPATH\Boot.php(334): CodeIgniter\CodeIgniter->run()
 5 SYSTEMPATH\Boot.php(67): CodeIgniter\Boot::runCodeIgniter(Object(CodeIgniter\CodeIgniter))
 6 FCPATH\index.php(56): CodeIgniter\Boot::bootWeb(Object(Config\Paths))
WARNING - 2025-04-18 19:24:29 --> [DEPRECATED] Creation of dynamic property App\Controllers\StudentAdmissionController::$ClassModel is deprecated in APPPATH\Controllers\StudentAdmissionController.php on line 17.
 1 SYSTEMPATH\CodeIgniter.php(903): App\Controllers\StudentAdmissionController->__construct()
 2 SYSTEMPATH\CodeIgniter.php(498): CodeIgniter\CodeIgniter->createController()
 3 SYSTEMPATH\CodeIgniter.php(354): CodeIgniter\CodeIgniter->handleRequest(null, Object(Config\Cache), false)
 4 SYSTEMPATH\Boot.php(334): CodeIgniter\CodeIgniter->run()
 5 SYSTEMPATH\Boot.php(67): CodeIgniter\Boot::runCodeIgniter(Object(CodeIgniter\CodeIgniter))
 6 FCPATH\index.php(56): CodeIgniter\Boot::bootWeb(Object(Config\Paths))
DEBUG - 2025-04-18 19:24:29 --> Session: Class initialized using 'CodeIgniter\Session\Handlers\FileHandler' driver.
WARNING - 2025-04-18 19:24:58 --> [DEPRECATED] Creation of dynamic property App\Controllers\StudentAdmissionController::$StudentAdmissionModel is deprecated in APPPATH\Controllers\StudentAdmissionController.php on line 16.
 1 SYSTEMPATH\CodeIgniter.php(903): App\Controllers\StudentAdmissionController->__construct()
 2 SYSTEMPATH\CodeIgniter.php(498): CodeIgniter\CodeIgniter->createController()
 3 SYSTEMPATH\CodeIgniter.php(354): CodeIgniter\CodeIgniter->handleRequest(null, Object(Config\Cache), false)
 4 SYSTEMPATH\Boot.php(334): CodeIgniter\CodeIgniter->run()
 5 SYSTEMPATH\Boot.php(67): CodeIgniter\Boot::runCodeIgniter(Object(CodeIgniter\CodeIgniter))
 6 FCPATH\index.php(56): CodeIgniter\Boot::bootWeb(Object(Config\Paths))
WARNING - 2025-04-18 19:24:58 --> [DEPRECATED] Creation of dynamic property App\Controllers\StudentAdmissionController::$ClassModel is deprecated in APPPATH\Controllers\StudentAdmissionController.php on line 17.
 1 SYSTEMPATH\CodeIgniter.php(903): App\Controllers\StudentAdmissionController->__construct()
 2 SYSTEMPATH\CodeIgniter.php(498): CodeIgniter\CodeIgniter->createController()
 3 SYSTEMPATH\CodeIgniter.php(354): CodeIgniter\CodeIgniter->handleRequest(null, Object(Config\Cache), false)
 4 SYSTEMPATH\Boot.php(334): CodeIgniter\CodeIgniter->run()
 5 SYSTEMPATH\Boot.php(67): CodeIgniter\Boot::runCodeIgniter(Object(CodeIgniter\CodeIgniter))
 6 FCPATH\index.php(56): CodeIgniter\Boot::bootWeb(Object(Config\Paths))
DEBUG - 2025-04-18 19:24:58 --> Session: Class initialized using 'CodeIgniter\Session\Handlers\FileHandler' driver.
WARNING - 2025-04-18 19:24:58 --> [DEPRECATED] Creation of dynamic property App\Controllers\StudentAdmissionController::$StudentAdmissionModel is deprecated in APPPATH\Controllers\StudentAdmissionController.php on line 16.
 1 SYSTEMPATH\CodeIgniter.php(903): App\Controllers\StudentAdmissionController->__construct()
 2 SYSTEMPATH\CodeIgniter.php(498): CodeIgniter\CodeIgniter->createController()
 3 SYSTEMPATH\CodeIgniter.php(354): CodeIgniter\CodeIgniter->handleRequest(null, Object(Config\Cache), false)
 4 SYSTEMPATH\Boot.php(334): CodeIgniter\CodeIgniter->run()
 5 SYSTEMPATH\Boot.php(67): CodeIgniter\Boot::runCodeIgniter(Object(CodeIgniter\CodeIgniter))
 6 FCPATH\index.php(56): CodeIgniter\Boot::bootWeb(Object(Config\Paths))
WARNING - 2025-04-18 19:24:58 --> [DEPRECATED] Creation of dynamic property App\Controllers\StudentAdmissionController::$ClassModel is deprecated in APPPATH\Controllers\StudentAdmissionController.php on line 17.
 1 SYSTEMPATH\CodeIgniter.php(903): App\Controllers\StudentAdmissionController->__construct()
 2 SYSTEMPATH\CodeIgniter.php(498): CodeIgniter\CodeIgniter->createController()
 3 SYSTEMPATH\CodeIgniter.php(354): CodeIgniter\CodeIgniter->handleRequest(null, Object(Config\Cache), false)
 4 SYSTEMPATH\Boot.php(334): CodeIgniter\CodeIgniter->run()
 5 SYSTEMPATH\Boot.php(67): CodeIgniter\Boot::runCodeIgniter(Object(CodeIgniter\CodeIgniter))
 6 FCPATH\index.php(56): CodeIgniter\Boot::bootWeb(Object(Config\Paths))
DEBUG - 2025-04-18 19:24:58 --> Session: Class initialized using 'CodeIgniter\Session\Handlers\FileHandler' driver.
WARNING - 2025-04-18 19:25:59 --> [DEPRECATED] Creation of dynamic property App\Controllers\StudentAdmissionController::$StudentAdmissionModel is deprecated in APPPATH\Controllers\StudentAdmissionController.php on line 16.
 1 SYSTEMPATH\CodeIgniter.php(903): App\Controllers\StudentAdmissionController->__construct()
 2 SYSTEMPATH\CodeIgniter.php(498): CodeIgniter\CodeIgniter->createController()
 3 SYSTEMPATH\CodeIgniter.php(354): CodeIgniter\CodeIgniter->handleRequest(null, Object(Config\Cache), false)
 4 SYSTEMPATH\Boot.php(334): CodeIgniter\CodeIgniter->run()
 5 SYSTEMPATH\Boot.php(67): CodeIgniter\Boot::runCodeIgniter(Object(CodeIgniter\CodeIgniter))
 6 FCPATH\index.php(56): CodeIgniter\Boot::bootWeb(Object(Config\Paths))
WARNING - 2025-04-18 19:25:59 --> [DEPRECATED] Creation of dynamic property App\Controllers\StudentAdmissionController::$ClassModel is deprecated in APPPATH\Controllers\StudentAdmissionController.php on line 17.
 1 SYSTEMPATH\CodeIgniter.php(903): App\Controllers\StudentAdmissionController->__construct()
 2 SYSTEMPATH\CodeIgniter.php(498): CodeIgniter\CodeIgniter->createController()
 3 SYSTEMPATH\CodeIgniter.php(354): CodeIgniter\CodeIgniter->handleRequest(null, Object(Config\Cache), false)
 4 SYSTEMPATH\Boot.php(334): CodeIgniter\CodeIgniter->run()
 5 SYSTEMPATH\Boot.php(67): CodeIgniter\Boot::runCodeIgniter(Object(CodeIgniter\CodeIgniter))
 6 FCPATH\index.php(56): CodeIgniter\Boot::bootWeb(Object(Config\Paths))
DEBUG - 2025-04-18 19:25:59 --> Session: Class initialized using 'CodeIgniter\Session\Handlers\FileHandler' driver.
WARNING - 2025-04-18 19:26:58 --> [DEPRECATED] Creation of dynamic property App\Controllers\StudentAdmissionController::$StudentAdmissionModel is deprecated in APPPATH\Controllers\StudentAdmissionController.php on line 16.
 1 SYSTEMPATH\CodeIgniter.php(903): App\Controllers\StudentAdmissionController->__construct()
 2 SYSTEMPATH\CodeIgniter.php(498): CodeIgniter\CodeIgniter->createController()
 3 SYSTEMPATH\CodeIgniter.php(354): CodeIgniter\CodeIgniter->handleRequest(null, Object(Config\Cache), false)
 4 SYSTEMPATH\Boot.php(334): CodeIgniter\CodeIgniter->run()
 5 SYSTEMPATH\Boot.php(67): CodeIgniter\Boot::runCodeIgniter(Object(CodeIgniter\CodeIgniter))
 6 FCPATH\index.php(56): CodeIgniter\Boot::bootWeb(Object(Config\Paths))
WARNING - 2025-04-18 19:26:58 --> [DEPRECATED] Creation of dynamic property App\Controllers\StudentAdmissionController::$ClassModel is deprecated in APPPATH\Controllers\StudentAdmissionController.php on line 17.
 1 SYSTEMPATH\CodeIgniter.php(903): App\Controllers\StudentAdmissionController->__construct()
 2 SYSTEMPATH\CodeIgniter.php(498): CodeIgniter\CodeIgniter->createController()
 3 SYSTEMPATH\CodeIgniter.php(354): CodeIgniter\CodeIgniter->handleRequest(null, Object(Config\Cache), false)
 4 SYSTEMPATH\Boot.php(334): CodeIgniter\CodeIgniter->run()
 5 SYSTEMPATH\Boot.php(67): CodeIgniter\Boot::runCodeIgniter(Object(CodeIgniter\CodeIgniter))
 6 FCPATH\index.php(56): CodeIgniter\Boot::bootWeb(Object(Config\Paths))
DEBUG - 2025-04-18 19:26:58 --> Session: Class initialized using 'CodeIgniter\Session\Handlers\FileHandler' driver.
WARNING - 2025-04-18 19:27:20 --> [DEPRECATED] Creation of dynamic property App\Controllers\StudentAdmissionController::$StudentAdmissionModel is deprecated in APPPATH\Controllers\StudentAdmissionController.php on line 16.
 1 SYSTEMPATH\CodeIgniter.php(903): App\Controllers\StudentAdmissionController->__construct()
 2 SYSTEMPATH\CodeIgniter.php(498): CodeIgniter\CodeIgniter->createController()
 3 SYSTEMPATH\CodeIgniter.php(354): CodeIgniter\CodeIgniter->handleRequest(null, Object(Config\Cache), false)
 4 SYSTEMPATH\Boot.php(334): CodeIgniter\CodeIgniter->run()
 5 SYSTEMPATH\Boot.php(67): CodeIgniter\Boot::runCodeIgniter(Object(CodeIgniter\CodeIgniter))
 6 FCPATH\index.php(56): CodeIgniter\Boot::bootWeb(Object(Config\Paths))
WARNING - 2025-04-18 19:27:20 --> [DEPRECATED] Creation of dynamic property App\Controllers\StudentAdmissionController::$ClassModel is deprecated in APPPATH\Controllers\StudentAdmissionController.php on line 17.
 1 SYSTEMPATH\CodeIgniter.php(903): App\Controllers\StudentAdmissionController->__construct()
 2 SYSTEMPATH\CodeIgniter.php(498): CodeIgniter\CodeIgniter->createController()
 3 SYSTEMPATH\CodeIgniter.php(354): CodeIgniter\CodeIgniter->handleRequest(null, Object(Config\Cache), false)
 4 SYSTEMPATH\Boot.php(334): CodeIgniter\CodeIgniter->run()
 5 SYSTEMPATH\Boot.php(67): CodeIgniter\Boot::runCodeIgniter(Object(CodeIgniter\CodeIgniter))
 6 FCPATH\index.php(56): CodeIgniter\Boot::bootWeb(Object(Config\Paths))
DEBUG - 2025-04-18 19:27:20 --> Session: Class initialized using 'CodeIgniter\Session\Handlers\FileHandler' driver.
WARNING - 2025-04-18 19:40:12 --> [DEPRECATED] Creation of dynamic property App\Controllers\StudentAdmissionController::$StudentAdmissionModel is deprecated in APPPATH\Controllers\StudentAdmissionController.php on line 16.
 1 SYSTEMPATH\CodeIgniter.php(903): App\Controllers\StudentAdmissionController->__construct()
 2 SYSTEMPATH\CodeIgniter.php(498): CodeIgniter\CodeIgniter->createController()
 3 SYSTEMPATH\CodeIgniter.php(354): CodeIgniter\CodeIgniter->handleRequest(null, Object(Config\Cache), false)
 4 SYSTEMPATH\Boot.php(334): CodeIgniter\CodeIgniter->run()
 5 SYSTEMPATH\Boot.php(67): CodeIgniter\Boot::runCodeIgniter(Object(CodeIgniter\CodeIgniter))
 6 FCPATH\index.php(56): CodeIgniter\Boot::bootWeb(Object(Config\Paths))
WARNING - 2025-04-18 19:40:12 --> [DEPRECATED] Creation of dynamic property App\Controllers\StudentAdmissionController::$ClassModel is deprecated in APPPATH\Controllers\StudentAdmissionController.php on line 17.
 1 SYSTEMPATH\CodeIgniter.php(903): App\Controllers\StudentAdmissionController->__construct()
 2 SYSTEMPATH\CodeIgniter.php(498): CodeIgniter\CodeIgniter->createController()
 3 SYSTEMPATH\CodeIgniter.php(354): CodeIgniter\CodeIgniter->handleRequest(null, Object(Config\Cache), false)
 4 SYSTEMPATH\Boot.php(334): CodeIgniter\CodeIgniter->run()
 5 SYSTEMPATH\Boot.php(67): CodeIgniter\Boot::runCodeIgniter(Object(CodeIgniter\CodeIgniter))
 6 FCPATH\index.php(56): CodeIgniter\Boot::bootWeb(Object(Config\Paths))
DEBUG - 2025-04-18 19:40:12 --> Session: Class initialized using 'CodeIgniter\Session\Handlers\FileHandler' driver.
WARNING - 2025-04-18 19:40:25 --> [DEPRECATED] Creation of dynamic property App\Controllers\StudentAdmissionController::$StudentAdmissionModel is deprecated in APPPATH\Controllers\StudentAdmissionController.php on line 16.
 1 SYSTEMPATH\CodeIgniter.php(903): App\Controllers\StudentAdmissionController->__construct()
 2 SYSTEMPATH\CodeIgniter.php(498): CodeIgniter\CodeIgniter->createController()
 3 SYSTEMPATH\CodeIgniter.php(354): CodeIgniter\CodeIgniter->handleRequest(null, Object(Config\Cache), false)
 4 SYSTEMPATH\Boot.php(334): CodeIgniter\CodeIgniter->run()
 5 SYSTEMPATH\Boot.php(67): CodeIgniter\Boot::runCodeIgniter(Object(CodeIgniter\CodeIgniter))
 6 FCPATH\index.php(56): CodeIgniter\Boot::bootWeb(Object(Config\Paths))
WARNING - 2025-04-18 19:40:25 --> [DEPRECATED] Creation of dynamic property App\Controllers\StudentAdmissionController::$ClassModel is deprecated in APPPATH\Controllers\StudentAdmissionController.php on line 17.
 1 SYSTEMPATH\CodeIgniter.php(903): App\Controllers\StudentAdmissionController->__construct()
 2 SYSTEMPATH\CodeIgniter.php(498): CodeIgniter\CodeIgniter->createController()
 3 SYSTEMPATH\CodeIgniter.php(354): CodeIgniter\CodeIgniter->handleRequest(null, Object(Config\Cache), false)
 4 SYSTEMPATH\Boot.php(334): CodeIgniter\CodeIgniter->run()
 5 SYSTEMPATH\Boot.php(67): CodeIgniter\Boot::runCodeIgniter(Object(CodeIgniter\CodeIgniter))
 6 FCPATH\index.php(56): CodeIgniter\Boot::bootWeb(Object(Config\Paths))
DEBUG - 2025-04-18 19:40:25 --> Session: Class initialized using 'CodeIgniter\Session\Handlers\FileHandler' driver.
WARNING - 2025-04-18 19:41:02 --> [DEPRECATED] Creation of dynamic property App\Controllers\StudentAdmissionController::$StudentAdmissionModel is deprecated in APPPATH\Controllers\StudentAdmissionController.php on line 16.
 1 SYSTEMPATH\CodeIgniter.php(903): App\Controllers\StudentAdmissionController->__construct()
 2 SYSTEMPATH\CodeIgniter.php(498): CodeIgniter\CodeIgniter->createController()
 3 SYSTEMPATH\CodeIgniter.php(354): CodeIgniter\CodeIgniter->handleRequest(null, Object(Config\Cache), false)
 4 SYSTEMPATH\Boot.php(334): CodeIgniter\CodeIgniter->run()
 5 SYSTEMPATH\Boot.php(67): CodeIgniter\Boot::runCodeIgniter(Object(CodeIgniter\CodeIgniter))
 6 FCPATH\index.php(56): CodeIgniter\Boot::bootWeb(Object(Config\Paths))
WARNING - 2025-04-18 19:41:02 --> [DEPRECATED] Creation of dynamic property App\Controllers\StudentAdmissionController::$ClassModel is deprecated in APPPATH\Controllers\StudentAdmissionController.php on line 17.
 1 SYSTEMPATH\CodeIgniter.php(903): App\Controllers\StudentAdmissionController->__construct()
 2 SYSTEMPATH\CodeIgniter.php(498): CodeIgniter\CodeIgniter->createController()
 3 SYSTEMPATH\CodeIgniter.php(354): CodeIgniter\CodeIgniter->handleRequest(null, Object(Config\Cache), false)
 4 SYSTEMPATH\Boot.php(334): CodeIgniter\CodeIgniter->run()
 5 SYSTEMPATH\Boot.php(67): CodeIgniter\Boot::runCodeIgniter(Object(CodeIgniter\CodeIgniter))
 6 FCPATH\index.php(56): CodeIgniter\Boot::bootWeb(Object(Config\Paths))
CRITICAL - 2025-04-18 19:41:02 --> Error: Call to undefined method CodeIgniter\HTTP\IncomingRequest::get()
[Method: GET, Route: studentadmissionview]
in APPPATH\Controllers\StudentAdmissionController.php on line 58.
 1 SYSTEMPATH\CodeIgniter.php(933): App\Controllers\StudentAdmissionController->student_admission_single_view()
 2 SYSTEMPATH\CodeIgniter.php(507): CodeIgniter\CodeIgniter->runController(Object(App\Controllers\StudentAdmissionController))
 3 SYSTEMPATH\CodeIgniter.php(354): CodeIgniter\CodeIgniter->handleRequest(null, Object(Config\Cache), false)
 4 SYSTEMPATH\Boot.php(334): CodeIgniter\CodeIgniter->run()
 5 SYSTEMPATH\Boot.php(67): CodeIgniter\Boot::runCodeIgniter(Object(CodeIgniter\CodeIgniter))
 6 FCPATH\index.php(56): CodeIgniter\Boot::bootWeb(Object(Config\Paths))
WARNING - 2025-04-18 19:41:39 --> [DEPRECATED] Creation of dynamic property App\Controllers\StudentAdmissionController::$StudentAdmissionModel is deprecated in APPPATH\Controllers\StudentAdmissionController.php on line 16.
 1 SYSTEMPATH\CodeIgniter.php(903): App\Controllers\StudentAdmissionController->__construct()
 2 SYSTEMPATH\CodeIgniter.php(498): CodeIgniter\CodeIgniter->createController()
 3 SYSTEMPATH\CodeIgniter.php(354): CodeIgniter\CodeIgniter->handleRequest(null, Object(Config\Cache), false)
 4 SYSTEMPATH\Boot.php(334): CodeIgniter\CodeIgniter->run()
 5 SYSTEMPATH\Boot.php(67): CodeIgniter\Boot::runCodeIgniter(Object(CodeIgniter\CodeIgniter))
 6 FCPATH\index.php(56): CodeIgniter\Boot::bootWeb(Object(Config\Paths))
WARNING - 2025-04-18 19:41:39 --> [DEPRECATED] Creation of dynamic property App\Controllers\StudentAdmissionController::$ClassModel is deprecated in APPPATH\Controllers\StudentAdmissionController.php on line 17.
 1 SYSTEMPATH\CodeIgniter.php(903): App\Controllers\StudentAdmissionController->__construct()
 2 SYSTEMPATH\CodeIgniter.php(498): CodeIgniter\CodeIgniter->createController()
 3 SYSTEMPATH\CodeIgniter.php(354): CodeIgniter\CodeIgniter->handleRequest(null, Object(Config\Cache), false)
 4 SYSTEMPATH\Boot.php(334): CodeIgniter\CodeIgniter->run()
 5 SYSTEMPATH\Boot.php(67): CodeIgniter\Boot::runCodeIgniter(Object(CodeIgniter\CodeIgniter))
 6 FCPATH\index.php(56): CodeIgniter\Boot::bootWeb(Object(Config\Paths))
CRITICAL - 2025-04-18 19:41:39 --> Error: Call to undefined method CodeIgniter\HTTP\IncomingRequest::get()
[Method: GET, Route: studentadmissionview]
in APPPATH\Controllers\StudentAdmissionController.php on line 58.
 1 SYSTEMPATH\CodeIgniter.php(933): App\Controllers\StudentAdmissionController->student_admission_single_view()
 2 SYSTEMPATH\CodeIgniter.php(507): CodeIgniter\CodeIgniter->runController(Object(App\Controllers\StudentAdmissionController))
 3 SYSTEMPATH\CodeIgniter.php(354): CodeIgniter\CodeIgniter->handleRequest(null, Object(Config\Cache), false)
 4 SYSTEMPATH\Boot.php(334): CodeIgniter\CodeIgniter->run()
 5 SYSTEMPATH\Boot.php(67): CodeIgniter\Boot::runCodeIgniter(Object(CodeIgniter\CodeIgniter))
 6 FCPATH\index.php(56): CodeIgniter\Boot::bootWeb(Object(Config\Paths))
WARNING - 2025-04-18 19:43:39 --> [DEPRECATED] Creation of dynamic property App\Controllers\StudentAdmissionController::$StudentAdmissionModel is deprecated in APPPATH\Controllers\StudentAdmissionController.php on line 16.
 1 SYSTEMPATH\CodeIgniter.php(903): App\Controllers\StudentAdmissionController->__construct()
 2 SYSTEMPATH\CodeIgniter.php(498): CodeIgniter\CodeIgniter->createController()
 3 SYSTEMPATH\CodeIgniter.php(354): CodeIgniter\CodeIgniter->handleRequest(null, Object(Config\Cache), false)
 4 SYSTEMPATH\Boot.php(334): CodeIgniter\CodeIgniter->run()
 5 SYSTEMPATH\Boot.php(67): CodeIgniter\Boot::runCodeIgniter(Object(CodeIgniter\CodeIgniter))
 6 FCPATH\index.php(56): CodeIgniter\Boot::bootWeb(Object(Config\Paths))
WARNING - 2025-04-18 19:43:39 --> [DEPRECATED] Creation of dynamic property App\Controllers\StudentAdmissionController::$ClassModel is deprecated in APPPATH\Controllers\StudentAdmissionController.php on line 17.
 1 SYSTEMPATH\CodeIgniter.php(903): App\Controllers\StudentAdmissionController->__construct()
 2 SYSTEMPATH\CodeIgniter.php(498): CodeIgniter\CodeIgniter->createController()
 3 SYSTEMPATH\CodeIgniter.php(354): CodeIgniter\CodeIgniter->handleRequest(null, Object(Config\Cache), false)
 4 SYSTEMPATH\Boot.php(334): CodeIgniter\CodeIgniter->run()
 5 SYSTEMPATH\Boot.php(67): CodeIgniter\Boot::runCodeIgniter(Object(CodeIgniter\CodeIgniter))
 6 FCPATH\index.php(56): CodeIgniter\Boot::bootWeb(Object(Config\Paths))
ERROR - 2025-04-18 19:43:39 --> mysqli_sql_exception: Unknown column 'bluck_student_info.student_info_sets_at_idddddss' in 'where clause' in D:\forphp\school_manage-master\system\Database\MySQLi\Connection.php:327
Stack trace:
#0 D:\forphp\school_manage-master\system\Database\MySQLi\Connection.php(327): mysqli->query('SELECT *\nFROM `...', 0)
#1 D:\forphp\school_manage-master\system\Database\BaseConnection.php(738): CodeIgniter\Database\MySQLi\Connection->execute('SELECT *\nFROM `...')
#2 D:\forphp\school_manage-master\system\Database\BaseConnection.php(652): CodeIgniter\Database\BaseConnection->simpleQuery('SELECT *\nFROM `...')
#3 D:\forphp\school_manage-master\system\Database\BaseBuilder.php(1649): CodeIgniter\Database\BaseConnection->query('SELECT *\nFROM `...', Array, false)
#4 D:\forphp\school_manage-master\system\Model.php(210): CodeIgniter\Database\BaseBuilder->get()
#5 D:\forphp\school_manage-master\system\BaseModel.php(609): CodeIgniter\Model->doFind(true, '1')
#6 D:\forphp\school_manage-master\app\Controllers\StudentAdmissionController.php(60): CodeIgniter\BaseModel->find('1')
#7 D:\forphp\school_manage-master\system\CodeIgniter.php(933): App\Controllers\StudentAdmissionController->student_admission_single_view()
#8 D:\forphp\school_manage-master\system\CodeIgniter.php(507): CodeIgniter\CodeIgniter->runController(Object(App\Controllers\StudentAdmissionController))
#9 D:\forphp\school_manage-master\system\CodeIgniter.php(354): CodeIgniter\CodeIgniter->handleRequest(NULL, Object(Config\Cache), false)
#10 D:\forphp\school_manage-master\system\Boot.php(334): CodeIgniter\CodeIgniter->run()
#11 D:\forphp\school_manage-master\system\Boot.php(67): CodeIgniter\Boot::runCodeIgniter(Object(CodeIgniter\CodeIgniter))
#12 D:\forphp\school_manage-master\index.php(56): CodeIgniter\Boot::bootWeb(Object(Config\Paths))
#13 {main}
CRITICAL - 2025-04-18 19:43:39 --> CodeIgniter\Database\Exceptions\DatabaseException: Unknown column 'bluck_student_info.student_info_sets_at_idddddss' in 'where clause'
[Method: GET, Route: studentadmissionview]
in SYSTEMPATH\Database\BaseConnection.php on line 692.
 1 SYSTEMPATH\Database\BaseBuilder.php(1649): CodeIgniter\Database\BaseConnection->query('SELECT *
FROM `bluck_student_info`
WHERE `bluck_student_info`.`student_info_sets_at_idddddss` = :bluck_student_info.student_info_sets_at_idddddss:', [...], false)
 2 SYSTEMPATH\Model.php(210): CodeIgniter\Database\BaseBuilder->get()
 3 SYSTEMPATH\BaseModel.php(609): CodeIgniter\Model->doFind(true, '1')
 4 APPPATH\Controllers\StudentAdmissionController.php(60): CodeIgniter\BaseModel->find('1')
 5 SYSTEMPATH\CodeIgniter.php(933): App\Controllers\StudentAdmissionController->student_admission_single_view()
 6 SYSTEMPATH\CodeIgniter.php(507): CodeIgniter\CodeIgniter->runController(Object(App\Controllers\StudentAdmissionController))
 7 SYSTEMPATH\CodeIgniter.php(354): CodeIgniter\CodeIgniter->handleRequest(null, Object(Config\Cache), false)
 8 SYSTEMPATH\Boot.php(334): CodeIgniter\CodeIgniter->run()
 9 SYSTEMPATH\Boot.php(67): CodeIgniter\Boot::runCodeIgniter(Object(CodeIgniter\CodeIgniter))
10 FCPATH\index.php(56): CodeIgniter\Boot::bootWeb(Object(Config\Paths))
CRITICAL - 2025-04-18 19:43:39 --> [Caused by] CodeIgniter\Database\Exceptions\DatabaseException: Unknown column 'bluck_student_info.student_info_sets_at_idddddss' in 'where clause'
in SYSTEMPATH\Database\MySQLi\Connection.php on line 332.
 1 SYSTEMPATH\Database\BaseConnection.php(738): CodeIgniter\Database\MySQLi\Connection->execute('SELECT *
FROM `bluck_student_info`
WHERE `bluck_student_info`.`student_info_sets_at_idddddss` = \'1\'')
 2 SYSTEMPATH\Database\BaseConnection.php(652): CodeIgniter\Database\BaseConnection->simpleQuery('SELECT *
FROM `bluck_student_info`
WHERE `bluck_student_info`.`student_info_sets_at_idddddss` = \'1\'')
 3 SYSTEMPATH\Database\BaseBuilder.php(1649): CodeIgniter\Database\BaseConnection->query('SELECT *
FROM `bluck_student_info`
WHERE `bluck_student_info`.`student_info_sets_at_idddddss` = :bluck_student_info.student_info_sets_at_idddddss:', [...], false)
 4 SYSTEMPATH\Model.php(210): CodeIgniter\Database\BaseBuilder->get()
 5 SYSTEMPATH\BaseModel.php(609): CodeIgniter\Model->doFind(true, '1')
 6 APPPATH\Controllers\StudentAdmissionController.php(60): CodeIgniter\BaseModel->find('1')
 7 SYSTEMPATH\CodeIgniter.php(933): App\Controllers\StudentAdmissionController->student_admission_single_view()
 8 SYSTEMPATH\CodeIgniter.php(507): CodeIgniter\CodeIgniter->runController(Object(App\Controllers\StudentAdmissionController))
 9 SYSTEMPATH\CodeIgniter.php(354): CodeIgniter\CodeIgniter->handleRequest(null, Object(Config\Cache), false)
10 SYSTEMPATH\Boot.php(334): CodeIgniter\CodeIgniter->run()
11 SYSTEMPATH\Boot.php(67): CodeIgniter\Boot::runCodeIgniter(Object(CodeIgniter\CodeIgniter))
12 FCPATH\index.php(56): CodeIgniter\Boot::bootWeb(Object(Config\Paths))
CRITICAL - 2025-04-18 19:43:39 --> [Caused by] mysqli_sql_exception: Unknown column 'bluck_student_info.student_info_sets_at_idddddss' in 'where clause'
in SYSTEMPATH\Database\MySQLi\Connection.php on line 327.
 1 SYSTEMPATH\Database\MySQLi\Connection.php(327): mysqli->query('SELECT *
FROM `bluck_student_info`
WHERE `bluck_student_info`.`student_info_sets_at_idddddss` = \'1\'', 0)
 2 SYSTEMPATH\Database\BaseConnection.php(738): CodeIgniter\Database\MySQLi\Connection->execute('SELECT *
FROM `bluck_student_info`
WHERE `bluck_student_info`.`student_info_sets_at_idddddss` = \'1\'')
 3 SYSTEMPATH\Database\BaseConnection.php(652): CodeIgniter\Database\BaseConnection->simpleQuery('SELECT *
FROM `bluck_student_info`
WHERE `bluck_student_info`.`student_info_sets_at_idddddss` = \'1\'')
 4 SYSTEMPATH\Database\BaseBuilder.php(1649): CodeIgniter\Database\BaseConnection->query('SELECT *
FROM `bluck_student_info`
WHERE `bluck_student_info`.`student_info_sets_at_idddddss` = :bluck_student_info.student_info_sets_at_idddddss:', [...], false)
 5 SYSTEMPATH\Model.php(210): CodeIgniter\Database\BaseBuilder->get()
 6 SYSTEMPATH\BaseModel.php(609): CodeIgniter\Model->doFind(true, '1')
 7 APPPATH\Controllers\StudentAdmissionController.php(60): CodeIgniter\BaseModel->find('1')
 8 SYSTEMPATH\CodeIgniter.php(933): App\Controllers\StudentAdmissionController->student_admission_single_view()
 9 SYSTEMPATH\CodeIgniter.php(507): CodeIgniter\CodeIgniter->runController(Object(App\Controllers\StudentAdmissionController))
10 SYSTEMPATH\CodeIgniter.php(354): CodeIgniter\CodeIgniter->handleRequest(null, Object(Config\Cache), false)
11 SYSTEMPATH\Boot.php(334): CodeIgniter\CodeIgniter->run()
12 SYSTEMPATH\Boot.php(67): CodeIgniter\Boot::runCodeIgniter(Object(CodeIgniter\CodeIgniter))
13 FCPATH\index.php(56): CodeIgniter\Boot::bootWeb(Object(Config\Paths))
WARNING - 2025-04-18 19:45:10 --> [DEPRECATED] Creation of dynamic property App\Controllers\StudentAdmissionController::$StudentAdmissionModel is deprecated in APPPATH\Controllers\StudentAdmissionController.php on line 16.
 1 SYSTEMPATH\CodeIgniter.php(903): App\Controllers\StudentAdmissionController->__construct()
 2 SYSTEMPATH\CodeIgniter.php(498): CodeIgniter\CodeIgniter->createController()
 3 SYSTEMPATH\CodeIgniter.php(354): CodeIgniter\CodeIgniter->handleRequest(null, Object(Config\Cache), false)
 4 SYSTEMPATH\Boot.php(334): CodeIgniter\CodeIgniter->run()
 5 SYSTEMPATH\Boot.php(67): CodeIgniter\Boot::runCodeIgniter(Object(CodeIgniter\CodeIgniter))
 6 FCPATH\index.php(56): CodeIgniter\Boot::bootWeb(Object(Config\Paths))
WARNING - 2025-04-18 19:45:10 --> [DEPRECATED] Creation of dynamic property App\Controllers\StudentAdmissionController::$ClassModel is deprecated in APPPATH\Controllers\StudentAdmissionController.php on line 17.
 1 SYSTEMPATH\CodeIgniter.php(903): App\Controllers\StudentAdmissionController->__construct()
 2 SYSTEMPATH\CodeIgniter.php(498): CodeIgniter\CodeIgniter->createController()
 3 SYSTEMPATH\CodeIgniter.php(354): CodeIgniter\CodeIgniter->handleRequest(null, Object(Config\Cache), false)
 4 SYSTEMPATH\Boot.php(334): CodeIgniter\CodeIgniter->run()
 5 SYSTEMPATH\Boot.php(67): CodeIgniter\Boot::runCodeIgniter(Object(CodeIgniter\CodeIgniter))
 6 FCPATH\index.php(56): CodeIgniter\Boot::bootWeb(Object(Config\Paths))
ERROR - 2025-04-18 19:45:10 --> mysqli_sql_exception: Unknown column 'bluck_student_info.student_info_sets_at_idddddss' in 'where clause' in D:\forphp\school_manage-master\system\Database\MySQLi\Connection.php:327
Stack trace:
#0 D:\forphp\school_manage-master\system\Database\MySQLi\Connection.php(327): mysqli->query('SELECT *\nFROM `...', 0)
#1 D:\forphp\school_manage-master\system\Database\BaseConnection.php(738): CodeIgniter\Database\MySQLi\Connection->execute('SELECT *\nFROM `...')
#2 D:\forphp\school_manage-master\system\Database\BaseConnection.php(652): CodeIgniter\Database\BaseConnection->simpleQuery('SELECT *\nFROM `...')
#3 D:\forphp\school_manage-master\system\Database\BaseBuilder.php(1649): CodeIgniter\Database\BaseConnection->query('SELECT *\nFROM `...', Array, false)
#4 D:\forphp\school_manage-master\system\Model.php(210): CodeIgniter\Database\BaseBuilder->get()
#5 D:\forphp\school_manage-master\system\BaseModel.php(609): CodeIgniter\Model->doFind(true, '1')
#6 D:\forphp\school_manage-master\app\Controllers\StudentAdmissionController.php(60): CodeIgniter\BaseModel->find('1')
#7 D:\forphp\school_manage-master\system\CodeIgniter.php(933): App\Controllers\StudentAdmissionController->student_admission_single_view()
#8 D:\forphp\school_manage-master\system\CodeIgniter.php(507): CodeIgniter\CodeIgniter->runController(Object(App\Controllers\StudentAdmissionController))
#9 D:\forphp\school_manage-master\system\CodeIgniter.php(354): CodeIgniter\CodeIgniter->handleRequest(NULL, Object(Config\Cache), false)
#10 D:\forphp\school_manage-master\system\Boot.php(334): CodeIgniter\CodeIgniter->run()
#11 D:\forphp\school_manage-master\system\Boot.php(67): CodeIgniter\Boot::runCodeIgniter(Object(CodeIgniter\CodeIgniter))
#12 D:\forphp\school_manage-master\index.php(56): CodeIgniter\Boot::bootWeb(Object(Config\Paths))
#13 {main}
CRITICAL - 2025-04-18 19:45:10 --> CodeIgniter\Database\Exceptions\DatabaseException: Unknown column 'bluck_student_info.student_info_sets_at_idddddss' in 'where clause'
[Method: GET, Route: studentadmissionview]
in SYSTEMPATH\Database\BaseConnection.php on line 692.
 1 SYSTEMPATH\Database\BaseBuilder.php(1649): CodeIgniter\Database\BaseConnection->query('SELECT *
FROM `bluck_student_info`
WHERE `bluck_student_info`.`student_info_sets_at_idddddss` = :bluck_student_info.student_info_sets_at_idddddss:', [...], false)
 2 SYSTEMPATH\Model.php(210): CodeIgniter\Database\BaseBuilder->get()
 3 SYSTEMPATH\BaseModel.php(609): CodeIgniter\Model->doFind(true, '1')
 4 APPPATH\Controllers\StudentAdmissionController.php(60): CodeIgniter\BaseModel->find('1')
 5 SYSTEMPATH\CodeIgniter.php(933): App\Controllers\StudentAdmissionController->student_admission_single_view()
 6 SYSTEMPATH\CodeIgniter.php(507): CodeIgniter\CodeIgniter->runController(Object(App\Controllers\StudentAdmissionController))
 7 SYSTEMPATH\CodeIgniter.php(354): CodeIgniter\CodeIgniter->handleRequest(null, Object(Config\Cache), false)
 8 SYSTEMPATH\Boot.php(334): CodeIgniter\CodeIgniter->run()
 9 SYSTEMPATH\Boot.php(67): CodeIgniter\Boot::runCodeIgniter(Object(CodeIgniter\CodeIgniter))
10 FCPATH\index.php(56): CodeIgniter\Boot::bootWeb(Object(Config\Paths))
CRITICAL - 2025-04-18 19:45:10 --> [Caused by] CodeIgniter\Database\Exceptions\DatabaseException: Unknown column 'bluck_student_info.student_info_sets_at_idddddss' in 'where clause'
in SYSTEMPATH\Database\MySQLi\Connection.php on line 332.
 1 SYSTEMPATH\Database\BaseConnection.php(738): CodeIgniter\Database\MySQLi\Connection->execute('SELECT *
FROM `bluck_student_info`
WHERE `bluck_student_info`.`student_info_sets_at_idddddss` = \'1\'')
 2 SYSTEMPATH\Database\BaseConnection.php(652): CodeIgniter\Database\BaseConnection->simpleQuery('SELECT *
FROM `bluck_student_info`
WHERE `bluck_student_info`.`student_info_sets_at_idddddss` = \'1\'')
 3 SYSTEMPATH\Database\BaseBuilder.php(1649): CodeIgniter\Database\BaseConnection->query('SELECT *
FROM `bluck_student_info`
WHERE `bluck_student_info`.`student_info_sets_at_idddddss` = :bluck_student_info.student_info_sets_at_idddddss:', [...], false)
 4 SYSTEMPATH\Model.php(210): CodeIgniter\Database\BaseBuilder->get()
 5 SYSTEMPATH\BaseModel.php(609): CodeIgniter\Model->doFind(true, '1')
 6 APPPATH\Controllers\StudentAdmissionController.php(60): CodeIgniter\BaseModel->find('1')
 7 SYSTEMPATH\CodeIgniter.php(933): App\Controllers\StudentAdmissionController->student_admission_single_view()
 8 SYSTEMPATH\CodeIgniter.php(507): CodeIgniter\CodeIgniter->runController(Object(App\Controllers\StudentAdmissionController))
 9 SYSTEMPATH\CodeIgniter.php(354): CodeIgniter\CodeIgniter->handleRequest(null, Object(Config\Cache), false)
10 SYSTEMPATH\Boot.php(334): CodeIgniter\CodeIgniter->run()
11 SYSTEMPATH\Boot.php(67): CodeIgniter\Boot::runCodeIgniter(Object(CodeIgniter\CodeIgniter))
12 FCPATH\index.php(56): CodeIgniter\Boot::bootWeb(Object(Config\Paths))
CRITICAL - 2025-04-18 19:45:10 --> [Caused by] mysqli_sql_exception: Unknown column 'bluck_student_info.student_info_sets_at_idddddss' in 'where clause'
in SYSTEMPATH\Database\MySQLi\Connection.php on line 327.
 1 SYSTEMPATH\Database\MySQLi\Connection.php(327): mysqli->query('SELECT *
FROM `bluck_student_info`
WHERE `bluck_student_info`.`student_info_sets_at_idddddss` = \'1\'', 0)
 2 SYSTEMPATH\Database\BaseConnection.php(738): CodeIgniter\Database\MySQLi\Connection->execute('SELECT *
FROM `bluck_student_info`
WHERE `bluck_student_info`.`student_info_sets_at_idddddss` = \'1\'')
 3 SYSTEMPATH\Database\BaseConnection.php(652): CodeIgniter\Database\BaseConnection->simpleQuery('SELECT *
FROM `bluck_student_info`
WHERE `bluck_student_info`.`student_info_sets_at_idddddss` = \'1\'')
 4 SYSTEMPATH\Database\BaseBuilder.php(1649): CodeIgniter\Database\BaseConnection->query('SELECT *
FROM `bluck_student_info`
WHERE `bluck_student_info`.`student_info_sets_at_idddddss` = :bluck_student_info.student_info_sets_at_idddddss:', [...], false)
 5 SYSTEMPATH\Model.php(210): CodeIgniter\Database\BaseBuilder->get()
 6 SYSTEMPATH\BaseModel.php(609): CodeIgniter\Model->doFind(true, '1')
 7 APPPATH\Controllers\StudentAdmissionController.php(60): CodeIgniter\BaseModel->find('1')
 8 SYSTEMPATH\CodeIgniter.php(933): App\Controllers\StudentAdmissionController->student_admission_single_view()
 9 SYSTEMPATH\CodeIgniter.php(507): CodeIgniter\CodeIgniter->runController(Object(App\Controllers\StudentAdmissionController))
10 SYSTEMPATH\CodeIgniter.php(354): CodeIgniter\CodeIgniter->handleRequest(null, Object(Config\Cache), false)
11 SYSTEMPATH\Boot.php(334): CodeIgniter\CodeIgniter->run()
12 SYSTEMPATH\Boot.php(67): CodeIgniter\Boot::runCodeIgniter(Object(CodeIgniter\CodeIgniter))
13 FCPATH\index.php(56): CodeIgniter\Boot::bootWeb(Object(Config\Paths))
WARNING - 2025-04-18 19:48:20 --> [DEPRECATED] Creation of dynamic property App\Controllers\StudentAdmissionController::$StudentAdmissionModel is deprecated in APPPATH\Controllers\StudentAdmissionController.php on line 16.
 1 SYSTEMPATH\CodeIgniter.php(903): App\Controllers\StudentAdmissionController->__construct()
 2 SYSTEMPATH\CodeIgniter.php(498): CodeIgniter\CodeIgniter->createController()
 3 SYSTEMPATH\CodeIgniter.php(354): CodeIgniter\CodeIgniter->handleRequest(null, Object(Config\Cache), false)
 4 SYSTEMPATH\Boot.php(334): CodeIgniter\CodeIgniter->run()
 5 SYSTEMPATH\Boot.php(67): CodeIgniter\Boot::runCodeIgniter(Object(CodeIgniter\CodeIgniter))
 6 FCPATH\index.php(56): CodeIgniter\Boot::bootWeb(Object(Config\Paths))
WARNING - 2025-04-18 19:48:20 --> [DEPRECATED] Creation of dynamic property App\Controllers\StudentAdmissionController::$ClassModel is deprecated in APPPATH\Controllers\StudentAdmissionController.php on line 17.
 1 SYSTEMPATH\CodeIgniter.php(903): App\Controllers\StudentAdmissionController->__construct()
 2 SYSTEMPATH\CodeIgniter.php(498): CodeIgniter\CodeIgniter->createController()
 3 SYSTEMPATH\CodeIgniter.php(354): CodeIgniter\CodeIgniter->handleRequest(null, Object(Config\Cache), false)
 4 SYSTEMPATH\Boot.php(334): CodeIgniter\CodeIgniter->run()
 5 SYSTEMPATH\Boot.php(67): CodeIgniter\Boot::runCodeIgniter(Object(CodeIgniter\CodeIgniter))
 6 FCPATH\index.php(56): CodeIgniter\Boot::bootWeb(Object(Config\Paths))
WARNING - 2025-04-18 19:48:37 --> [DEPRECATED] Creation of dynamic property App\Controllers\StudentAdmissionController::$StudentAdmissionModel is deprecated in APPPATH\Controllers\StudentAdmissionController.php on line 16.
 1 SYSTEMPATH\CodeIgniter.php(903): App\Controllers\StudentAdmissionController->__construct()
 2 SYSTEMPATH\CodeIgniter.php(498): CodeIgniter\CodeIgniter->createController()
 3 SYSTEMPATH\CodeIgniter.php(354): CodeIgniter\CodeIgniter->handleRequest(null, Object(Config\Cache), false)
 4 SYSTEMPATH\Boot.php(334): CodeIgniter\CodeIgniter->run()
 5 SYSTEMPATH\Boot.php(67): CodeIgniter\Boot::runCodeIgniter(Object(CodeIgniter\CodeIgniter))
 6 FCPATH\index.php(56): CodeIgniter\Boot::bootWeb(Object(Config\Paths))
WARNING - 2025-04-18 19:48:37 --> [DEPRECATED] Creation of dynamic property App\Controllers\StudentAdmissionController::$ClassModel is deprecated in APPPATH\Controllers\StudentAdmissionController.php on line 17.
 1 SYSTEMPATH\CodeIgniter.php(903): App\Controllers\StudentAdmissionController->__construct()
 2 SYSTEMPATH\CodeIgniter.php(498): CodeIgniter\CodeIgniter->createController()
 3 SYSTEMPATH\CodeIgniter.php(354): CodeIgniter\CodeIgniter->handleRequest(null, Object(Config\Cache), false)
 4 SYSTEMPATH\Boot.php(334): CodeIgniter\CodeIgniter->run()
 5 SYSTEMPATH\Boot.php(67): CodeIgniter\Boot::runCodeIgniter(Object(CodeIgniter\CodeIgniter))
 6 FCPATH\index.php(56): CodeIgniter\Boot::bootWeb(Object(Config\Paths))
