WARNING - 2025-04-16 07:40:23 --> [DEPRECATED] Creation of dynamic property App\Controllers\ClassController::$classModel is deprecated in APPPATH\Controllers\ClassController.php on line 12.
 1 SYSTEMPATH\CodeIgniter.php(903): App\Controllers\ClassController->__construct()
 2 SYSTEMPATH\CodeIgniter.php(498): CodeIgniter\CodeIgniter->createController()
 3 SYSTEMPATH\CodeIgniter.php(354): CodeIgniter\CodeIgniter->handleRequest(null, Object(Config\Cache), false)
 4 SYSTEMPATH\Boot.php(334): CodeIgniter\CodeIgniter->run()
 5 SYSTEMPATH\Boot.php(67): CodeIgniter\Boot::runCodeIgniter(Object(CodeIgniter\CodeIgniter))
 6 FCPATH\index.php(56): CodeIgniter\Boot::bootWeb(Object(Config\Paths))
ERROR - 2025-04-16 07:40:23 --> Error connecting to the database: mysqli_sql_exception: Access denied for user 'codertar_school'@'localhost' (using password: YES) in D:\forphp\school_manage-master\system\Database\MySQLi\Connection.php:201
Stack trace:
#0 D:\forphp\school_manage-master\system\Database\MySQLi\Connection.php(201): mysqli->real_connect('localhost', 'codertar_school', Object(SensitiveParameterValue), 'codertar_school...', 3306, '', 0)
#1 D:\forphp\school_manage-master\system\Database\BaseConnection.php(421): CodeIgniter\Database\MySQLi\Connection->connect(false)
#2 D:\forphp\school_manage-master\system\Database\BaseConnection.php(620): CodeIgniter\Database\BaseConnection->initialize()
#3 D:\forphp\school_manage-master\system\Database\BaseBuilder.php(1649): CodeIgniter\Database\BaseConnection->query('SELECT *\nFROM `...', Array, false)
#4 D:\forphp\school_manage-master\system\Model.php(286): CodeIgniter\Database\BaseBuilder->get()
#5 D:\forphp\school_manage-master\system\BaseModel.php(675): CodeIgniter\Model->doFindAll(0, 0)
#6 D:\forphp\school_manage-master\app\Controllers\ClassController.php(17): CodeIgniter\BaseModel->findAll()
#7 D:\forphp\school_manage-master\system\CodeIgniter.php(933): App\Controllers\ClassController->index()
#8 D:\forphp\school_manage-master\system\CodeIgniter.php(507): CodeIgniter\CodeIgniter->runController(Object(App\Controllers\ClassController))
#9 D:\forphp\school_manage-master\system\CodeIgniter.php(354): CodeIgniter\CodeIgniter->handleRequest(NULL, Object(Config\Cache), false)
#10 D:\forphp\school_manage-master\system\Boot.php(334): CodeIgniter\CodeIgniter->run()
#11 D:\forphp\school_manage-master\system\Boot.php(67): CodeIgniter\Boot::runCodeIgniter(Object(CodeIgniter\CodeIgniter))
#12 D:\forphp\school_manage-master\index.php(56): CodeIgniter\Boot::bootWeb(Object(Config\Paths))
#13 {main}

Next CodeIgniter\Database\Exceptions\DatabaseException: Access denied for user '****'@'localhost' (using password: YES) in D:\forphp\school_manage-master\system\Database\MySQLi\Connection.php:246
Stack trace:
#0 D:\forphp\school_manage-master\system\Database\BaseConnection.php(421): CodeIgniter\Database\MySQLi\Connection->connect(false)
#1 D:\forphp\school_manage-master\system\Database\BaseConnection.php(620): CodeIgniter\Database\BaseConnection->initialize()
#2 D:\forphp\school_manage-master\system\Database\BaseBuilder.php(1649): CodeIgniter\Database\BaseConnection->query('SELECT *\nFROM `...', Array, false)
#3 D:\forphp\school_manage-master\system\Model.php(286): CodeIgniter\Database\BaseBuilder->get()
#4 D:\forphp\school_manage-master\system\BaseModel.php(675): CodeIgniter\Model->doFindAll(0, 0)
#5 D:\forphp\school_manage-master\app\Controllers\ClassController.php(17): CodeIgniter\BaseModel->findAll()
#6 D:\forphp\school_manage-master\system\CodeIgniter.php(933): App\Controllers\ClassController->index()
#7 D:\forphp\school_manage-master\system\CodeIgniter.php(507): CodeIgniter\CodeIgniter->runController(Object(App\Controllers\ClassController))
#8 D:\forphp\school_manage-master\system\CodeIgniter.php(354): CodeIgniter\CodeIgniter->handleRequest(NULL, Object(Config\Cache), false)
#9 D:\forphp\school_manage-master\system\Boot.php(334): CodeIgniter\CodeIgniter->run()
#10 D:\forphp\school_manage-master\system\Boot.php(67): CodeIgniter\Boot::runCodeIgniter(Object(CodeIgniter\CodeIgniter))
#11 D:\forphp\school_manage-master\index.php(56): CodeIgniter\Boot::bootWeb(Object(Config\Paths))
#12 {main}
CRITICAL - 2025-04-16 07:40:23 --> CodeIgniter\Database\Exceptions\DatabaseException: Unable to connect to the database.
Main connection [MySQLi]: Access denied for user '****'@'localhost' (using password: YES)
[Method: GET, Route: class]
in SYSTEMPATH\Database\BaseConnection.php on line 467.
 1 SYSTEMPATH\Database\BaseConnection.php(620): CodeIgniter\Database\BaseConnection->initialize()
 2 SYSTEMPATH\Database\BaseBuilder.php(1649): CodeIgniter\Database\BaseConnection->query('SELECT *
FROM `class_name`', [], false)
 3 SYSTEMPATH\Model.php(286): CodeIgniter\Database\BaseBuilder->get()
 4 SYSTEMPATH\BaseModel.php(675): CodeIgniter\Model->doFindAll(0, 0)
 5 APPPATH\Controllers\ClassController.php(17): CodeIgniter\BaseModel->findAll()
 6 SYSTEMPATH\CodeIgniter.php(933): App\Controllers\ClassController->index()
 7 SYSTEMPATH\CodeIgniter.php(507): CodeIgniter\CodeIgniter->runController(Object(App\Controllers\ClassController))
 8 SYSTEMPATH\CodeIgniter.php(354): CodeIgniter\CodeIgniter->handleRequest(null, Object(Config\Cache), false)
 9 SYSTEMPATH\Boot.php(334): CodeIgniter\CodeIgniter->run()
10 SYSTEMPATH\Boot.php(67): CodeIgniter\Boot::runCodeIgniter(Object(CodeIgniter\CodeIgniter))
11 FCPATH\index.php(56): CodeIgniter\Boot::bootWeb(Object(Config\Paths))
CRITICAL - 2025-04-16 08:17:24 --> Error: Class "App\Controllers\StudentAdmissionModel" not found
[Method: GET, Route: studentadmission]
in APPPATH\Controllers\StudentAdmissionController.php on line 13.
 1 SYSTEMPATH\CodeIgniter.php(903): App\Controllers\StudentAdmissionController->__construct()
 2 SYSTEMPATH\CodeIgniter.php(498): CodeIgniter\CodeIgniter->createController()
 3 SYSTEMPATH\CodeIgniter.php(354): CodeIgniter\CodeIgniter->handleRequest(null, Object(Config\Cache), false)
 4 SYSTEMPATH\Boot.php(334): CodeIgniter\CodeIgniter->run()
 5 SYSTEMPATH\Boot.php(67): CodeIgniter\Boot::runCodeIgniter(Object(CodeIgniter\CodeIgniter))
 6 FCPATH\index.php(56): CodeIgniter\Boot::bootWeb(Object(Config\Paths))
WARNING - 2025-04-16 08:17:54 --> [DEPRECATED] Creation of dynamic property App\Controllers\StudentAdmissionController::$StudentAdmissionModel is deprecated in APPPATH\Controllers\StudentAdmissionController.php on line 14.
 1 SYSTEMPATH\CodeIgniter.php(903): App\Controllers\StudentAdmissionController->__construct()
 2 SYSTEMPATH\CodeIgniter.php(498): CodeIgniter\CodeIgniter->createController()
 3 SYSTEMPATH\CodeIgniter.php(354): CodeIgniter\CodeIgniter->handleRequest(null, Object(Config\Cache), false)
 4 SYSTEMPATH\Boot.php(334): CodeIgniter\CodeIgniter->run()
 5 SYSTEMPATH\Boot.php(67): CodeIgniter\Boot::runCodeIgniter(Object(CodeIgniter\CodeIgniter))
 6 FCPATH\index.php(56): CodeIgniter\Boot::bootWeb(Object(Config\Paths))
ERROR - 2025-04-16 08:17:54 --> Error connecting to the database: mysqli_sql_exception: Access denied for user 'codertar_school'@'localhost' (using password: YES) in D:\forphp\school_manage-master\system\Database\MySQLi\Connection.php:201
Stack trace:
#0 D:\forphp\school_manage-master\system\Database\MySQLi\Connection.php(201): mysqli->real_connect('localhost', 'codertar_school', Object(SensitiveParameterValue), 'codertar_school...', 3306, '', 0)
#1 D:\forphp\school_manage-master\system\Database\BaseConnection.php(421): CodeIgniter\Database\MySQLi\Connection->connect(false)
#2 D:\forphp\school_manage-master\system\Database\BaseConnection.php(620): CodeIgniter\Database\BaseConnection->initialize()
#3 D:\forphp\school_manage-master\system\Database\BaseBuilder.php(1649): CodeIgniter\Database\BaseConnection->query('SELECT *\nFROM `...', Array, false)
#4 D:\forphp\school_manage-master\system\Model.php(286): CodeIgniter\Database\BaseBuilder->get()
#5 D:\forphp\school_manage-master\system\BaseModel.php(675): CodeIgniter\Model->doFindAll(0, 0)
#6 D:\forphp\school_manage-master\app\Controllers\StudentAdmissionController.php(18): CodeIgniter\BaseModel->findAll()
#7 D:\forphp\school_manage-master\system\CodeIgniter.php(933): App\Controllers\StudentAdmissionController->index()
#8 D:\forphp\school_manage-master\system\CodeIgniter.php(507): CodeIgniter\CodeIgniter->runController(Object(App\Controllers\StudentAdmissionController))
#9 D:\forphp\school_manage-master\system\CodeIgniter.php(354): CodeIgniter\CodeIgniter->handleRequest(NULL, Object(Config\Cache), false)
#10 D:\forphp\school_manage-master\system\Boot.php(334): CodeIgniter\CodeIgniter->run()
#11 D:\forphp\school_manage-master\system\Boot.php(67): CodeIgniter\Boot::runCodeIgniter(Object(CodeIgniter\CodeIgniter))
#12 D:\forphp\school_manage-master\index.php(56): CodeIgniter\Boot::bootWeb(Object(Config\Paths))
#13 {main}

Next CodeIgniter\Database\Exceptions\DatabaseException: Access denied for user '****'@'localhost' (using password: YES) in D:\forphp\school_manage-master\system\Database\MySQLi\Connection.php:246
Stack trace:
#0 D:\forphp\school_manage-master\system\Database\BaseConnection.php(421): CodeIgniter\Database\MySQLi\Connection->connect(false)
#1 D:\forphp\school_manage-master\system\Database\BaseConnection.php(620): CodeIgniter\Database\BaseConnection->initialize()
#2 D:\forphp\school_manage-master\system\Database\BaseBuilder.php(1649): CodeIgniter\Database\BaseConnection->query('SELECT *\nFROM `...', Array, false)
#3 D:\forphp\school_manage-master\system\Model.php(286): CodeIgniter\Database\BaseBuilder->get()
#4 D:\forphp\school_manage-master\system\BaseModel.php(675): CodeIgniter\Model->doFindAll(0, 0)
#5 D:\forphp\school_manage-master\app\Controllers\StudentAdmissionController.php(18): CodeIgniter\BaseModel->findAll()
#6 D:\forphp\school_manage-master\system\CodeIgniter.php(933): App\Controllers\StudentAdmissionController->index()
#7 D:\forphp\school_manage-master\system\CodeIgniter.php(507): CodeIgniter\CodeIgniter->runController(Object(App\Controllers\StudentAdmissionController))
#8 D:\forphp\school_manage-master\system\CodeIgniter.php(354): CodeIgniter\CodeIgniter->handleRequest(NULL, Object(Config\Cache), false)
#9 D:\forphp\school_manage-master\system\Boot.php(334): CodeIgniter\CodeIgniter->run()
#10 D:\forphp\school_manage-master\system\Boot.php(67): CodeIgniter\Boot::runCodeIgniter(Object(CodeIgniter\CodeIgniter))
#11 D:\forphp\school_manage-master\index.php(56): CodeIgniter\Boot::bootWeb(Object(Config\Paths))
#12 {main}
CRITICAL - 2025-04-16 08:17:54 --> CodeIgniter\Database\Exceptions\DatabaseException: Unable to connect to the database.
Main connection [MySQLi]: Access denied for user '****'@'localhost' (using password: YES)
[Method: GET, Route: studentadmission]
in SYSTEMPATH\Database\BaseConnection.php on line 467.
 1 SYSTEMPATH\Database\BaseConnection.php(620): CodeIgniter\Database\BaseConnection->initialize()
 2 SYSTEMPATH\Database\BaseBuilder.php(1649): CodeIgniter\Database\BaseConnection->query('SELECT *
FROM `studentadmissions`', [], false)
 3 SYSTEMPATH\Model.php(286): CodeIgniter\Database\BaseBuilder->get()
 4 SYSTEMPATH\BaseModel.php(675): CodeIgniter\Model->doFindAll(0, 0)
 5 APPPATH\Controllers\StudentAdmissionController.php(18): CodeIgniter\BaseModel->findAll()
 6 SYSTEMPATH\CodeIgniter.php(933): App\Controllers\StudentAdmissionController->index()
 7 SYSTEMPATH\CodeIgniter.php(507): CodeIgniter\CodeIgniter->runController(Object(App\Controllers\StudentAdmissionController))
 8 SYSTEMPATH\CodeIgniter.php(354): CodeIgniter\CodeIgniter->handleRequest(null, Object(Config\Cache), false)
 9 SYSTEMPATH\Boot.php(334): CodeIgniter\CodeIgniter->run()
10 SYSTEMPATH\Boot.php(67): CodeIgniter\Boot::runCodeIgniter(Object(CodeIgniter\CodeIgniter))
11 FCPATH\index.php(56): CodeIgniter\Boot::bootWeb(Object(Config\Paths))
WARNING - 2025-04-16 08:18:21 --> [DEPRECATED] Creation of dynamic property App\Controllers\StudentAdmissionController::$StudentAdmissionModel is deprecated in APPPATH\Controllers\StudentAdmissionController.php on line 14.
 1 SYSTEMPATH\CodeIgniter.php(903): App\Controllers\StudentAdmissionController->__construct()
 2 SYSTEMPATH\CodeIgniter.php(498): CodeIgniter\CodeIgniter->createController()
 3 SYSTEMPATH\CodeIgniter.php(354): CodeIgniter\CodeIgniter->handleRequest(null, Object(Config\Cache), false)
 4 SYSTEMPATH\Boot.php(334): CodeIgniter\CodeIgniter->run()
 5 SYSTEMPATH\Boot.php(67): CodeIgniter\Boot::runCodeIgniter(Object(CodeIgniter\CodeIgniter))
 6 FCPATH\index.php(56): CodeIgniter\Boot::bootWeb(Object(Config\Paths))
ERROR - 2025-04-16 08:18:21 --> Error connecting to the database: mysqli_sql_exception: Access denied for user 'codertar_school'@'localhost' (using password: YES) in D:\forphp\school_manage-master\system\Database\MySQLi\Connection.php:201
Stack trace:
#0 D:\forphp\school_manage-master\system\Database\MySQLi\Connection.php(201): mysqli->real_connect('localhost', 'codertar_school', Object(SensitiveParameterValue), 'codertar_school...', 3306, '', 0)
#1 D:\forphp\school_manage-master\system\Database\BaseConnection.php(421): CodeIgniter\Database\MySQLi\Connection->connect(false)
#2 D:\forphp\school_manage-master\system\Database\BaseConnection.php(620): CodeIgniter\Database\BaseConnection->initialize()
#3 D:\forphp\school_manage-master\system\Database\BaseBuilder.php(1649): CodeIgniter\Database\BaseConnection->query('SELECT *\nFROM `...', Array, false)
#4 D:\forphp\school_manage-master\system\Model.php(286): CodeIgniter\Database\BaseBuilder->get()
#5 D:\forphp\school_manage-master\system\BaseModel.php(675): CodeIgniter\Model->doFindAll(0, 0)
#6 D:\forphp\school_manage-master\app\Controllers\StudentAdmissionController.php(18): CodeIgniter\BaseModel->findAll()
#7 D:\forphp\school_manage-master\system\CodeIgniter.php(933): App\Controllers\StudentAdmissionController->index()
#8 D:\forphp\school_manage-master\system\CodeIgniter.php(507): CodeIgniter\CodeIgniter->runController(Object(App\Controllers\StudentAdmissionController))
#9 D:\forphp\school_manage-master\system\CodeIgniter.php(354): CodeIgniter\CodeIgniter->handleRequest(NULL, Object(Config\Cache), false)
#10 D:\forphp\school_manage-master\system\Boot.php(334): CodeIgniter\CodeIgniter->run()
#11 D:\forphp\school_manage-master\system\Boot.php(67): CodeIgniter\Boot::runCodeIgniter(Object(CodeIgniter\CodeIgniter))
#12 D:\forphp\school_manage-master\index.php(56): CodeIgniter\Boot::bootWeb(Object(Config\Paths))
#13 {main}

Next CodeIgniter\Database\Exceptions\DatabaseException: Access denied for user '****'@'localhost' (using password: YES) in D:\forphp\school_manage-master\system\Database\MySQLi\Connection.php:246
Stack trace:
#0 D:\forphp\school_manage-master\system\Database\BaseConnection.php(421): CodeIgniter\Database\MySQLi\Connection->connect(false)
#1 D:\forphp\school_manage-master\system\Database\BaseConnection.php(620): CodeIgniter\Database\BaseConnection->initialize()
#2 D:\forphp\school_manage-master\system\Database\BaseBuilder.php(1649): CodeIgniter\Database\BaseConnection->query('SELECT *\nFROM `...', Array, false)
#3 D:\forphp\school_manage-master\system\Model.php(286): CodeIgniter\Database\BaseBuilder->get()
#4 D:\forphp\school_manage-master\system\BaseModel.php(675): CodeIgniter\Model->doFindAll(0, 0)
#5 D:\forphp\school_manage-master\app\Controllers\StudentAdmissionController.php(18): CodeIgniter\BaseModel->findAll()
#6 D:\forphp\school_manage-master\system\CodeIgniter.php(933): App\Controllers\StudentAdmissionController->index()
#7 D:\forphp\school_manage-master\system\CodeIgniter.php(507): CodeIgniter\CodeIgniter->runController(Object(App\Controllers\StudentAdmissionController))
#8 D:\forphp\school_manage-master\system\CodeIgniter.php(354): CodeIgniter\CodeIgniter->handleRequest(NULL, Object(Config\Cache), false)
#9 D:\forphp\school_manage-master\system\Boot.php(334): CodeIgniter\CodeIgniter->run()
#10 D:\forphp\school_manage-master\system\Boot.php(67): CodeIgniter\Boot::runCodeIgniter(Object(CodeIgniter\CodeIgniter))
#11 D:\forphp\school_manage-master\index.php(56): CodeIgniter\Boot::bootWeb(Object(Config\Paths))
#12 {main}
CRITICAL - 2025-04-16 08:18:21 --> CodeIgniter\Database\Exceptions\DatabaseException: Unable to connect to the database.
Main connection [MySQLi]: Access denied for user '****'@'localhost' (using password: YES)
[Method: GET, Route: studentadmission]
in SYSTEMPATH\Database\BaseConnection.php on line 467.
 1 SYSTEMPATH\Database\BaseConnection.php(620): CodeIgniter\Database\BaseConnection->initialize()
 2 SYSTEMPATH\Database\BaseBuilder.php(1649): CodeIgniter\Database\BaseConnection->query('SELECT *
FROM `studentadmissions`', [], false)
 3 SYSTEMPATH\Model.php(286): CodeIgniter\Database\BaseBuilder->get()
 4 SYSTEMPATH\BaseModel.php(675): CodeIgniter\Model->doFindAll(0, 0)
 5 APPPATH\Controllers\StudentAdmissionController.php(18): CodeIgniter\BaseModel->findAll()
 6 SYSTEMPATH\CodeIgniter.php(933): App\Controllers\StudentAdmissionController->index()
 7 SYSTEMPATH\CodeIgniter.php(507): CodeIgniter\CodeIgniter->runController(Object(App\Controllers\StudentAdmissionController))
 8 SYSTEMPATH\CodeIgniter.php(354): CodeIgniter\CodeIgniter->handleRequest(null, Object(Config\Cache), false)
 9 SYSTEMPATH\Boot.php(334): CodeIgniter\CodeIgniter->run()
10 SYSTEMPATH\Boot.php(67): CodeIgniter\Boot::runCodeIgniter(Object(CodeIgniter\CodeIgniter))
11 FCPATH\index.php(56): CodeIgniter\Boot::bootWeb(Object(Config\Paths))
WARNING - 2025-04-16 08:19:05 --> [DEPRECATED] Creation of dynamic property App\Controllers\StudentAdmissionController::$StudentAdmissionModel is deprecated in APPPATH\Controllers\StudentAdmissionController.php on line 14.
 1 SYSTEMPATH\CodeIgniter.php(903): App\Controllers\StudentAdmissionController->__construct()
 2 SYSTEMPATH\CodeIgniter.php(498): CodeIgniter\CodeIgniter->createController()
 3 SYSTEMPATH\CodeIgniter.php(354): CodeIgniter\CodeIgniter->handleRequest(null, Object(Config\Cache), false)
 4 SYSTEMPATH\Boot.php(334): CodeIgniter\CodeIgniter->run()
 5 SYSTEMPATH\Boot.php(67): CodeIgniter\Boot::runCodeIgniter(Object(CodeIgniter\CodeIgniter))
 6 FCPATH\index.php(56): CodeIgniter\Boot::bootWeb(Object(Config\Paths))
ERROR - 2025-04-16 08:19:05 --> Error connecting to the database: mysqli_sql_exception: Unknown database 'codertar_school_s' in D:\forphp\school_manage-master\system\Database\MySQLi\Connection.php:201
Stack trace:
#0 D:\forphp\school_manage-master\system\Database\MySQLi\Connection.php(201): mysqli->real_connect('localhost', 'root', Object(SensitiveParameterValue), 'codertar_school...', 3306, '', 0)
#1 D:\forphp\school_manage-master\system\Database\BaseConnection.php(421): CodeIgniter\Database\MySQLi\Connection->connect(false)
#2 D:\forphp\school_manage-master\system\Database\BaseConnection.php(620): CodeIgniter\Database\BaseConnection->initialize()
#3 D:\forphp\school_manage-master\system\Database\BaseBuilder.php(1649): CodeIgniter\Database\BaseConnection->query('SELECT *\nFROM `...', Array, false)
#4 D:\forphp\school_manage-master\system\Model.php(286): CodeIgniter\Database\BaseBuilder->get()
#5 D:\forphp\school_manage-master\system\BaseModel.php(675): CodeIgniter\Model->doFindAll(0, 0)
#6 D:\forphp\school_manage-master\app\Controllers\StudentAdmissionController.php(18): CodeIgniter\BaseModel->findAll()
#7 D:\forphp\school_manage-master\system\CodeIgniter.php(933): App\Controllers\StudentAdmissionController->index()
#8 D:\forphp\school_manage-master\system\CodeIgniter.php(507): CodeIgniter\CodeIgniter->runController(Object(App\Controllers\StudentAdmissionController))
#9 D:\forphp\school_manage-master\system\CodeIgniter.php(354): CodeIgniter\CodeIgniter->handleRequest(NULL, Object(Config\Cache), false)
#10 D:\forphp\school_manage-master\system\Boot.php(334): CodeIgniter\CodeIgniter->run()
#11 D:\forphp\school_manage-master\system\Boot.php(67): CodeIgniter\Boot::runCodeIgniter(Object(CodeIgniter\CodeIgniter))
#12 D:\forphp\school_manage-master\index.php(56): CodeIgniter\Boot::bootWeb(Object(Config\Paths))
#13 {main}

Next CodeIgniter\Database\Exceptions\DatabaseException: Unknown database 'codertar_school_s' in D:\forphp\school_manage-master\system\Database\MySQLi\Connection.php:246
Stack trace:
#0 D:\forphp\school_manage-master\system\Database\BaseConnection.php(421): CodeIgniter\Database\MySQLi\Connection->connect(false)
#1 D:\forphp\school_manage-master\system\Database\BaseConnection.php(620): CodeIgniter\Database\BaseConnection->initialize()
#2 D:\forphp\school_manage-master\system\Database\BaseBuilder.php(1649): CodeIgniter\Database\BaseConnection->query('SELECT *\nFROM `...', Array, false)
#3 D:\forphp\school_manage-master\system\Model.php(286): CodeIgniter\Database\BaseBuilder->get()
#4 D:\forphp\school_manage-master\system\BaseModel.php(675): CodeIgniter\Model->doFindAll(0, 0)
#5 D:\forphp\school_manage-master\app\Controllers\StudentAdmissionController.php(18): CodeIgniter\BaseModel->findAll()
#6 D:\forphp\school_manage-master\system\CodeIgniter.php(933): App\Controllers\StudentAdmissionController->index()
#7 D:\forphp\school_manage-master\system\CodeIgniter.php(507): CodeIgniter\CodeIgniter->runController(Object(App\Controllers\StudentAdmissionController))
#8 D:\forphp\school_manage-master\system\CodeIgniter.php(354): CodeIgniter\CodeIgniter->handleRequest(NULL, Object(Config\Cache), false)
#9 D:\forphp\school_manage-master\system\Boot.php(334): CodeIgniter\CodeIgniter->run()
#10 D:\forphp\school_manage-master\system\Boot.php(67): CodeIgniter\Boot::runCodeIgniter(Object(CodeIgniter\CodeIgniter))
#11 D:\forphp\school_manage-master\index.php(56): CodeIgniter\Boot::bootWeb(Object(Config\Paths))
#12 {main}
CRITICAL - 2025-04-16 08:19:05 --> CodeIgniter\Database\Exceptions\DatabaseException: Unable to connect to the database.
Main connection [MySQLi]: Unknown database 'codertar_school_s'
[Method: GET, Route: studentadmission]
in SYSTEMPATH\Database\BaseConnection.php on line 467.
 1 SYSTEMPATH\Database\BaseConnection.php(620): CodeIgniter\Database\BaseConnection->initialize()
 2 SYSTEMPATH\Database\BaseBuilder.php(1649): CodeIgniter\Database\BaseConnection->query('SELECT *
FROM `studentadmissions`', [], false)
 3 SYSTEMPATH\Model.php(286): CodeIgniter\Database\BaseBuilder->get()
 4 SYSTEMPATH\BaseModel.php(675): CodeIgniter\Model->doFindAll(0, 0)
 5 APPPATH\Controllers\StudentAdmissionController.php(18): CodeIgniter\BaseModel->findAll()
 6 SYSTEMPATH\CodeIgniter.php(933): App\Controllers\StudentAdmissionController->index()
 7 SYSTEMPATH\CodeIgniter.php(507): CodeIgniter\CodeIgniter->runController(Object(App\Controllers\StudentAdmissionController))
 8 SYSTEMPATH\CodeIgniter.php(354): CodeIgniter\CodeIgniter->handleRequest(null, Object(Config\Cache), false)
 9 SYSTEMPATH\Boot.php(334): CodeIgniter\CodeIgniter->run()
10 SYSTEMPATH\Boot.php(67): CodeIgniter\Boot::runCodeIgniter(Object(CodeIgniter\CodeIgniter))
11 FCPATH\index.php(56): CodeIgniter\Boot::bootWeb(Object(Config\Paths))
WARNING - 2025-04-16 08:29:56 --> [DEPRECATED] Creation of dynamic property App\Controllers\StudentAdmissionController::$StudentAdmissionModel is deprecated in APPPATH\Controllers\StudentAdmissionController.php on line 14.
 1 SYSTEMPATH\CodeIgniter.php(903): App\Controllers\StudentAdmissionController->__construct()
 2 SYSTEMPATH\CodeIgniter.php(498): CodeIgniter\CodeIgniter->createController()
 3 SYSTEMPATH\CodeIgniter.php(354): CodeIgniter\CodeIgniter->handleRequest(null, Object(Config\Cache), false)
 4 SYSTEMPATH\Boot.php(334): CodeIgniter\CodeIgniter->run()
 5 SYSTEMPATH\Boot.php(67): CodeIgniter\Boot::runCodeIgniter(Object(CodeIgniter\CodeIgniter))
 6 FCPATH\index.php(56): CodeIgniter\Boot::bootWeb(Object(Config\Paths))
ERROR - 2025-04-16 08:29:56 --> mysqli_sql_exception: Table 'codertar_school_s.studentadmissions' doesn't exist in D:\forphp\school_manage-master\system\Database\MySQLi\Connection.php:327
Stack trace:
#0 D:\forphp\school_manage-master\system\Database\MySQLi\Connection.php(327): mysqli->query('SELECT *\nFROM `...', 0)
#1 D:\forphp\school_manage-master\system\Database\BaseConnection.php(738): CodeIgniter\Database\MySQLi\Connection->execute('SELECT *\nFROM `...')
#2 D:\forphp\school_manage-master\system\Database\BaseConnection.php(652): CodeIgniter\Database\BaseConnection->simpleQuery('SELECT *\nFROM `...')
#3 D:\forphp\school_manage-master\system\Database\BaseBuilder.php(1649): CodeIgniter\Database\BaseConnection->query('SELECT *\nFROM `...', Array, false)
#4 D:\forphp\school_manage-master\system\Model.php(286): CodeIgniter\Database\BaseBuilder->get()
#5 D:\forphp\school_manage-master\system\BaseModel.php(675): CodeIgniter\Model->doFindAll(0, 0)
#6 D:\forphp\school_manage-master\app\Controllers\StudentAdmissionController.php(18): CodeIgniter\BaseModel->findAll()
#7 D:\forphp\school_manage-master\system\CodeIgniter.php(933): App\Controllers\StudentAdmissionController->index()
#8 D:\forphp\school_manage-master\system\CodeIgniter.php(507): CodeIgniter\CodeIgniter->runController(Object(App\Controllers\StudentAdmissionController))
#9 D:\forphp\school_manage-master\system\CodeIgniter.php(354): CodeIgniter\CodeIgniter->handleRequest(NULL, Object(Config\Cache), false)
#10 D:\forphp\school_manage-master\system\Boot.php(334): CodeIgniter\CodeIgniter->run()
#11 D:\forphp\school_manage-master\system\Boot.php(67): CodeIgniter\Boot::runCodeIgniter(Object(CodeIgniter\CodeIgniter))
#12 D:\forphp\school_manage-master\index.php(56): CodeIgniter\Boot::bootWeb(Object(Config\Paths))
#13 {main}
CRITICAL - 2025-04-16 08:29:56 --> CodeIgniter\Database\Exceptions\DatabaseException: Table 'codertar_school_s.studentadmissions' doesn't exist
[Method: GET, Route: studentadmission]
in SYSTEMPATH\Database\BaseConnection.php on line 692.
 1 SYSTEMPATH\Database\BaseBuilder.php(1649): CodeIgniter\Database\BaseConnection->query('SELECT *
FROM `studentadmissions`', [], false)
 2 SYSTEMPATH\Model.php(286): CodeIgniter\Database\BaseBuilder->get()
 3 SYSTEMPATH\BaseModel.php(675): CodeIgniter\Model->doFindAll(0, 0)
 4 APPPATH\Controllers\StudentAdmissionController.php(18): CodeIgniter\BaseModel->findAll()
 5 SYSTEMPATH\CodeIgniter.php(933): App\Controllers\StudentAdmissionController->index()
 6 SYSTEMPATH\CodeIgniter.php(507): CodeIgniter\CodeIgniter->runController(Object(App\Controllers\StudentAdmissionController))
 7 SYSTEMPATH\CodeIgniter.php(354): CodeIgniter\CodeIgniter->handleRequest(null, Object(Config\Cache), false)
 8 SYSTEMPATH\Boot.php(334): CodeIgniter\CodeIgniter->run()
 9 SYSTEMPATH\Boot.php(67): CodeIgniter\Boot::runCodeIgniter(Object(CodeIgniter\CodeIgniter))
10 FCPATH\index.php(56): CodeIgniter\Boot::bootWeb(Object(Config\Paths))
CRITICAL - 2025-04-16 08:29:56 --> [Caused by] CodeIgniter\Database\Exceptions\DatabaseException: Table 'codertar_school_s.studentadmissions' doesn't exist
in SYSTEMPATH\Database\MySQLi\Connection.php on line 332.
 1 SYSTEMPATH\Database\BaseConnection.php(738): CodeIgniter\Database\MySQLi\Connection->execute('SELECT *
FROM `studentadmissions`')
 2 SYSTEMPATH\Database\BaseConnection.php(652): CodeIgniter\Database\BaseConnection->simpleQuery('SELECT *
FROM `studentadmissions`')
 3 SYSTEMPATH\Database\BaseBuilder.php(1649): CodeIgniter\Database\BaseConnection->query('SELECT *
FROM `studentadmissions`', [], false)
 4 SYSTEMPATH\Model.php(286): CodeIgniter\Database\BaseBuilder->get()
 5 SYSTEMPATH\BaseModel.php(675): CodeIgniter\Model->doFindAll(0, 0)
 6 APPPATH\Controllers\StudentAdmissionController.php(18): CodeIgniter\BaseModel->findAll()
 7 SYSTEMPATH\CodeIgniter.php(933): App\Controllers\StudentAdmissionController->index()
 8 SYSTEMPATH\CodeIgniter.php(507): CodeIgniter\CodeIgniter->runController(Object(App\Controllers\StudentAdmissionController))
 9 SYSTEMPATH\CodeIgniter.php(354): CodeIgniter\CodeIgniter->handleRequest(null, Object(Config\Cache), false)
10 SYSTEMPATH\Boot.php(334): CodeIgniter\CodeIgniter->run()
11 SYSTEMPATH\Boot.php(67): CodeIgniter\Boot::runCodeIgniter(Object(CodeIgniter\CodeIgniter))
12 FCPATH\index.php(56): CodeIgniter\Boot::bootWeb(Object(Config\Paths))
CRITICAL - 2025-04-16 08:29:56 --> [Caused by] mysqli_sql_exception: Table 'codertar_school_s.studentadmissions' doesn't exist
in SYSTEMPATH\Database\MySQLi\Connection.php on line 327.
 1 SYSTEMPATH\Database\MySQLi\Connection.php(327): mysqli->query('SELECT *
FROM `studentadmissions`', 0)
 2 SYSTEMPATH\Database\BaseConnection.php(738): CodeIgniter\Database\MySQLi\Connection->execute('SELECT *
FROM `studentadmissions`')
 3 SYSTEMPATH\Database\BaseConnection.php(652): CodeIgniter\Database\BaseConnection->simpleQuery('SELECT *
FROM `studentadmissions`')
 4 SYSTEMPATH\Database\BaseBuilder.php(1649): CodeIgniter\Database\BaseConnection->query('SELECT *
FROM `studentadmissions`', [], false)
 5 SYSTEMPATH\Model.php(286): CodeIgniter\Database\BaseBuilder->get()
 6 SYSTEMPATH\BaseModel.php(675): CodeIgniter\Model->doFindAll(0, 0)
 7 APPPATH\Controllers\StudentAdmissionController.php(18): CodeIgniter\BaseModel->findAll()
 8 SYSTEMPATH\CodeIgniter.php(933): App\Controllers\StudentAdmissionController->index()
 9 SYSTEMPATH\CodeIgniter.php(507): CodeIgniter\CodeIgniter->runController(Object(App\Controllers\StudentAdmissionController))
10 SYSTEMPATH\CodeIgniter.php(354): CodeIgniter\CodeIgniter->handleRequest(null, Object(Config\Cache), false)
11 SYSTEMPATH\Boot.php(334): CodeIgniter\CodeIgniter->run()
12 SYSTEMPATH\Boot.php(67): CodeIgniter\Boot::runCodeIgniter(Object(CodeIgniter\CodeIgniter))
13 FCPATH\index.php(56): CodeIgniter\Boot::bootWeb(Object(Config\Paths))
WARNING - 2025-04-16 08:41:57 --> [DEPRECATED] Creation of dynamic property App\Controllers\StudentAdmissionController::$StudentAdmissionModel is deprecated in APPPATH\Controllers\StudentAdmissionController.php on line 14.
 1 SYSTEMPATH\CodeIgniter.php(903): App\Controllers\StudentAdmissionController->__construct()
 2 SYSTEMPATH\CodeIgniter.php(498): CodeIgniter\CodeIgniter->createController()
 3 SYSTEMPATH\CodeIgniter.php(354): CodeIgniter\CodeIgniter->handleRequest(null, Object(Config\Cache), false)
 4 SYSTEMPATH\Boot.php(334): CodeIgniter\CodeIgniter->run()
 5 SYSTEMPATH\Boot.php(67): CodeIgniter\Boot::runCodeIgniter(Object(CodeIgniter\CodeIgniter))
 6 FCPATH\index.php(56): CodeIgniter\Boot::bootWeb(Object(Config\Paths))
ERROR - 2025-04-16 08:41:57 --> mysqli_sql_exception: Table 'codertar_school_s.studentadmissions' doesn't exist in D:\forphp\school_manage-master\system\Database\MySQLi\Connection.php:327
Stack trace:
#0 D:\forphp\school_manage-master\system\Database\MySQLi\Connection.php(327): mysqli->query('SELECT *\nFROM `...', 0)
#1 D:\forphp\school_manage-master\system\Database\BaseConnection.php(738): CodeIgniter\Database\MySQLi\Connection->execute('SELECT *\nFROM `...')
#2 D:\forphp\school_manage-master\system\Database\BaseConnection.php(652): CodeIgniter\Database\BaseConnection->simpleQuery('SELECT *\nFROM `...')
#3 D:\forphp\school_manage-master\system\Database\BaseBuilder.php(1649): CodeIgniter\Database\BaseConnection->query('SELECT *\nFROM `...', Array, false)
#4 D:\forphp\school_manage-master\system\Model.php(286): CodeIgniter\Database\BaseBuilder->get()
#5 D:\forphp\school_manage-master\system\BaseModel.php(675): CodeIgniter\Model->doFindAll(0, 0)
#6 D:\forphp\school_manage-master\app\Controllers\StudentAdmissionController.php(18): CodeIgniter\BaseModel->findAll()
#7 D:\forphp\school_manage-master\system\CodeIgniter.php(933): App\Controllers\StudentAdmissionController->index()
#8 D:\forphp\school_manage-master\system\CodeIgniter.php(507): CodeIgniter\CodeIgniter->runController(Object(App\Controllers\StudentAdmissionController))
#9 D:\forphp\school_manage-master\system\CodeIgniter.php(354): CodeIgniter\CodeIgniter->handleRequest(NULL, Object(Config\Cache), false)
#10 D:\forphp\school_manage-master\system\Boot.php(334): CodeIgniter\CodeIgniter->run()
#11 D:\forphp\school_manage-master\system\Boot.php(67): CodeIgniter\Boot::runCodeIgniter(Object(CodeIgniter\CodeIgniter))
#12 D:\forphp\school_manage-master\index.php(56): CodeIgniter\Boot::bootWeb(Object(Config\Paths))
#13 {main}
CRITICAL - 2025-04-16 08:41:57 --> CodeIgniter\Database\Exceptions\DatabaseException: Table 'codertar_school_s.studentadmissions' doesn't exist
[Method: GET, Route: studentadmission]
in SYSTEMPATH\Database\BaseConnection.php on line 692.
 1 SYSTEMPATH\Database\BaseBuilder.php(1649): CodeIgniter\Database\BaseConnection->query('SELECT *
FROM `studentadmissions`', [], false)
 2 SYSTEMPATH\Model.php(286): CodeIgniter\Database\BaseBuilder->get()
 3 SYSTEMPATH\BaseModel.php(675): CodeIgniter\Model->doFindAll(0, 0)
 4 APPPATH\Controllers\StudentAdmissionController.php(18): CodeIgniter\BaseModel->findAll()
 5 SYSTEMPATH\CodeIgniter.php(933): App\Controllers\StudentAdmissionController->index()
 6 SYSTEMPATH\CodeIgniter.php(507): CodeIgniter\CodeIgniter->runController(Object(App\Controllers\StudentAdmissionController))
 7 SYSTEMPATH\CodeIgniter.php(354): CodeIgniter\CodeIgniter->handleRequest(null, Object(Config\Cache), false)
 8 SYSTEMPATH\Boot.php(334): CodeIgniter\CodeIgniter->run()
 9 SYSTEMPATH\Boot.php(67): CodeIgniter\Boot::runCodeIgniter(Object(CodeIgniter\CodeIgniter))
10 FCPATH\index.php(56): CodeIgniter\Boot::bootWeb(Object(Config\Paths))
CRITICAL - 2025-04-16 08:41:57 --> [Caused by] CodeIgniter\Database\Exceptions\DatabaseException: Table 'codertar_school_s.studentadmissions' doesn't exist
in SYSTEMPATH\Database\MySQLi\Connection.php on line 332.
 1 SYSTEMPATH\Database\BaseConnection.php(738): CodeIgniter\Database\MySQLi\Connection->execute('SELECT *
FROM `studentadmissions`')
 2 SYSTEMPATH\Database\BaseConnection.php(652): CodeIgniter\Database\BaseConnection->simpleQuery('SELECT *
FROM `studentadmissions`')
 3 SYSTEMPATH\Database\BaseBuilder.php(1649): CodeIgniter\Database\BaseConnection->query('SELECT *
FROM `studentadmissions`', [], false)
 4 SYSTEMPATH\Model.php(286): CodeIgniter\Database\BaseBuilder->get()
 5 SYSTEMPATH\BaseModel.php(675): CodeIgniter\Model->doFindAll(0, 0)
 6 APPPATH\Controllers\StudentAdmissionController.php(18): CodeIgniter\BaseModel->findAll()
 7 SYSTEMPATH\CodeIgniter.php(933): App\Controllers\StudentAdmissionController->index()
 8 SYSTEMPATH\CodeIgniter.php(507): CodeIgniter\CodeIgniter->runController(Object(App\Controllers\StudentAdmissionController))
 9 SYSTEMPATH\CodeIgniter.php(354): CodeIgniter\CodeIgniter->handleRequest(null, Object(Config\Cache), false)
10 SYSTEMPATH\Boot.php(334): CodeIgniter\CodeIgniter->run()
11 SYSTEMPATH\Boot.php(67): CodeIgniter\Boot::runCodeIgniter(Object(CodeIgniter\CodeIgniter))
12 FCPATH\index.php(56): CodeIgniter\Boot::bootWeb(Object(Config\Paths))
CRITICAL - 2025-04-16 08:41:57 --> [Caused by] mysqli_sql_exception: Table 'codertar_school_s.studentadmissions' doesn't exist
in SYSTEMPATH\Database\MySQLi\Connection.php on line 327.
 1 SYSTEMPATH\Database\MySQLi\Connection.php(327): mysqli->query('SELECT *
FROM `studentadmissions`', 0)
 2 SYSTEMPATH\Database\BaseConnection.php(738): CodeIgniter\Database\MySQLi\Connection->execute('SELECT *
FROM `studentadmissions`')
 3 SYSTEMPATH\Database\BaseConnection.php(652): CodeIgniter\Database\BaseConnection->simpleQuery('SELECT *
FROM `studentadmissions`')
 4 SYSTEMPATH\Database\BaseBuilder.php(1649): CodeIgniter\Database\BaseConnection->query('SELECT *
FROM `studentadmissions`', [], false)
 5 SYSTEMPATH\Model.php(286): CodeIgniter\Database\BaseBuilder->get()
 6 SYSTEMPATH\BaseModel.php(675): CodeIgniter\Model->doFindAll(0, 0)
 7 APPPATH\Controllers\StudentAdmissionController.php(18): CodeIgniter\BaseModel->findAll()
 8 SYSTEMPATH\CodeIgniter.php(933): App\Controllers\StudentAdmissionController->index()
 9 SYSTEMPATH\CodeIgniter.php(507): CodeIgniter\CodeIgniter->runController(Object(App\Controllers\StudentAdmissionController))
10 SYSTEMPATH\CodeIgniter.php(354): CodeIgniter\CodeIgniter->handleRequest(null, Object(Config\Cache), false)
11 SYSTEMPATH\Boot.php(334): CodeIgniter\CodeIgniter->run()
12 SYSTEMPATH\Boot.php(67): CodeIgniter\Boot::runCodeIgniter(Object(CodeIgniter\CodeIgniter))
13 FCPATH\index.php(56): CodeIgniter\Boot::bootWeb(Object(Config\Paths))
WARNING - 2025-04-16 08:53:00 --> [DEPRECATED] Creation of dynamic property App\Controllers\StudentAdmissionController::$StudentAdmissionModel is deprecated in APPPATH\Controllers\StudentAdmissionController.php on line 14.
 1 SYSTEMPATH\CodeIgniter.php(903): App\Controllers\StudentAdmissionController->__construct()
 2 SYSTEMPATH\CodeIgniter.php(498): CodeIgniter\CodeIgniter->createController()
 3 SYSTEMPATH\CodeIgniter.php(354): CodeIgniter\CodeIgniter->handleRequest(null, Object(Config\Cache), false)
 4 SYSTEMPATH\Boot.php(334): CodeIgniter\CodeIgniter->run()
 5 SYSTEMPATH\Boot.php(67): CodeIgniter\Boot::runCodeIgniter(Object(CodeIgniter\CodeIgniter))
 6 FCPATH\index.php(56): CodeIgniter\Boot::bootWeb(Object(Config\Paths))
ERROR - 2025-04-16 08:53:00 --> mysqli_sql_exception: Table 'codertar_school_s.studentadmissions' doesn't exist in D:\forphp\school_manage-master\system\Database\MySQLi\Connection.php:327
Stack trace:
#0 D:\forphp\school_manage-master\system\Database\MySQLi\Connection.php(327): mysqli->query('SELECT *\nFROM `...', 0)
#1 D:\forphp\school_manage-master\system\Database\BaseConnection.php(738): CodeIgniter\Database\MySQLi\Connection->execute('SELECT *\nFROM `...')
#2 D:\forphp\school_manage-master\system\Database\BaseConnection.php(652): CodeIgniter\Database\BaseConnection->simpleQuery('SELECT *\nFROM `...')
#3 D:\forphp\school_manage-master\system\Database\BaseBuilder.php(1649): CodeIgniter\Database\BaseConnection->query('SELECT *\nFROM `...', Array, false)
#4 D:\forphp\school_manage-master\system\Model.php(286): CodeIgniter\Database\BaseBuilder->get()
#5 D:\forphp\school_manage-master\system\BaseModel.php(675): CodeIgniter\Model->doFindAll(0, 0)
#6 D:\forphp\school_manage-master\app\Controllers\StudentAdmissionController.php(18): CodeIgniter\BaseModel->findAll()
#7 D:\forphp\school_manage-master\system\CodeIgniter.php(933): App\Controllers\StudentAdmissionController->index()
#8 D:\forphp\school_manage-master\system\CodeIgniter.php(507): CodeIgniter\CodeIgniter->runController(Object(App\Controllers\StudentAdmissionController))
#9 D:\forphp\school_manage-master\system\CodeIgniter.php(354): CodeIgniter\CodeIgniter->handleRequest(NULL, Object(Config\Cache), false)
#10 D:\forphp\school_manage-master\system\Boot.php(334): CodeIgniter\CodeIgniter->run()
#11 D:\forphp\school_manage-master\system\Boot.php(67): CodeIgniter\Boot::runCodeIgniter(Object(CodeIgniter\CodeIgniter))
#12 D:\forphp\school_manage-master\index.php(56): CodeIgniter\Boot::bootWeb(Object(Config\Paths))
#13 {main}
CRITICAL - 2025-04-16 08:53:00 --> CodeIgniter\Database\Exceptions\DatabaseException: Table 'codertar_school_s.studentadmissions' doesn't exist
[Method: GET, Route: studentadmission]
in SYSTEMPATH\Database\BaseConnection.php on line 692.
 1 SYSTEMPATH\Database\BaseBuilder.php(1649): CodeIgniter\Database\BaseConnection->query('SELECT *
FROM `studentadmissions`', [], false)
 2 SYSTEMPATH\Model.php(286): CodeIgniter\Database\BaseBuilder->get()
 3 SYSTEMPATH\BaseModel.php(675): CodeIgniter\Model->doFindAll(0, 0)
 4 APPPATH\Controllers\StudentAdmissionController.php(18): CodeIgniter\BaseModel->findAll()
 5 SYSTEMPATH\CodeIgniter.php(933): App\Controllers\StudentAdmissionController->index()
 6 SYSTEMPATH\CodeIgniter.php(507): CodeIgniter\CodeIgniter->runController(Object(App\Controllers\StudentAdmissionController))
 7 SYSTEMPATH\CodeIgniter.php(354): CodeIgniter\CodeIgniter->handleRequest(null, Object(Config\Cache), false)
 8 SYSTEMPATH\Boot.php(334): CodeIgniter\CodeIgniter->run()
 9 SYSTEMPATH\Boot.php(67): CodeIgniter\Boot::runCodeIgniter(Object(CodeIgniter\CodeIgniter))
10 FCPATH\index.php(56): CodeIgniter\Boot::bootWeb(Object(Config\Paths))
CRITICAL - 2025-04-16 08:53:00 --> [Caused by] CodeIgniter\Database\Exceptions\DatabaseException: Table 'codertar_school_s.studentadmissions' doesn't exist
in SYSTEMPATH\Database\MySQLi\Connection.php on line 332.
 1 SYSTEMPATH\Database\BaseConnection.php(738): CodeIgniter\Database\MySQLi\Connection->execute('SELECT *
FROM `studentadmissions`')
 2 SYSTEMPATH\Database\BaseConnection.php(652): CodeIgniter\Database\BaseConnection->simpleQuery('SELECT *
FROM `studentadmissions`')
 3 SYSTEMPATH\Database\BaseBuilder.php(1649): CodeIgniter\Database\BaseConnection->query('SELECT *
FROM `studentadmissions`', [], false)
 4 SYSTEMPATH\Model.php(286): CodeIgniter\Database\BaseBuilder->get()
 5 SYSTEMPATH\BaseModel.php(675): CodeIgniter\Model->doFindAll(0, 0)
 6 APPPATH\Controllers\StudentAdmissionController.php(18): CodeIgniter\BaseModel->findAll()
 7 SYSTEMPATH\CodeIgniter.php(933): App\Controllers\StudentAdmissionController->index()
 8 SYSTEMPATH\CodeIgniter.php(507): CodeIgniter\CodeIgniter->runController(Object(App\Controllers\StudentAdmissionController))
 9 SYSTEMPATH\CodeIgniter.php(354): CodeIgniter\CodeIgniter->handleRequest(null, Object(Config\Cache), false)
10 SYSTEMPATH\Boot.php(334): CodeIgniter\CodeIgniter->run()
11 SYSTEMPATH\Boot.php(67): CodeIgniter\Boot::runCodeIgniter(Object(CodeIgniter\CodeIgniter))
12 FCPATH\index.php(56): CodeIgniter\Boot::bootWeb(Object(Config\Paths))
CRITICAL - 2025-04-16 08:53:00 --> [Caused by] mysqli_sql_exception: Table 'codertar_school_s.studentadmissions' doesn't exist
in SYSTEMPATH\Database\MySQLi\Connection.php on line 327.
 1 SYSTEMPATH\Database\MySQLi\Connection.php(327): mysqli->query('SELECT *
FROM `studentadmissions`', 0)
 2 SYSTEMPATH\Database\BaseConnection.php(738): CodeIgniter\Database\MySQLi\Connection->execute('SELECT *
FROM `studentadmissions`')
 3 SYSTEMPATH\Database\BaseConnection.php(652): CodeIgniter\Database\BaseConnection->simpleQuery('SELECT *
FROM `studentadmissions`')
 4 SYSTEMPATH\Database\BaseBuilder.php(1649): CodeIgniter\Database\BaseConnection->query('SELECT *
FROM `studentadmissions`', [], false)
 5 SYSTEMPATH\Model.php(286): CodeIgniter\Database\BaseBuilder->get()
 6 SYSTEMPATH\BaseModel.php(675): CodeIgniter\Model->doFindAll(0, 0)
 7 APPPATH\Controllers\StudentAdmissionController.php(18): CodeIgniter\BaseModel->findAll()
 8 SYSTEMPATH\CodeIgniter.php(933): App\Controllers\StudentAdmissionController->index()
 9 SYSTEMPATH\CodeIgniter.php(507): CodeIgniter\CodeIgniter->runController(Object(App\Controllers\StudentAdmissionController))
10 SYSTEMPATH\CodeIgniter.php(354): CodeIgniter\CodeIgniter->handleRequest(null, Object(Config\Cache), false)
11 SYSTEMPATH\Boot.php(334): CodeIgniter\CodeIgniter->run()
12 SYSTEMPATH\Boot.php(67): CodeIgniter\Boot::runCodeIgniter(Object(CodeIgniter\CodeIgniter))
13 FCPATH\index.php(56): CodeIgniter\Boot::bootWeb(Object(Config\Paths))
WARNING - 2025-04-16 10:16:42 --> [DEPRECATED] Creation of dynamic property App\Controllers\StudentAdmissionController::$StudentAdmissionModel is deprecated in APPPATH\Controllers\StudentAdmissionController.php on line 14.
 1 SYSTEMPATH\CodeIgniter.php(903): App\Controllers\StudentAdmissionController->__construct()
 2 SYSTEMPATH\CodeIgniter.php(498): CodeIgniter\CodeIgniter->createController()
 3 SYSTEMPATH\CodeIgniter.php(354): CodeIgniter\CodeIgniter->handleRequest(null, Object(Config\Cache), false)
 4 SYSTEMPATH\Boot.php(334): CodeIgniter\CodeIgniter->run()
 5 SYSTEMPATH\Boot.php(67): CodeIgniter\Boot::runCodeIgniter(Object(CodeIgniter\CodeIgniter))
 6 FCPATH\index.php(56): CodeIgniter\Boot::bootWeb(Object(Config\Paths))
ERROR - 2025-04-16 10:16:42 --> mysqli_sql_exception: Table 'codertar_school_s.studentadmissions' doesn't exist in D:\forphp\school_manage-master\system\Database\MySQLi\Connection.php:327
Stack trace:
#0 D:\forphp\school_manage-master\system\Database\MySQLi\Connection.php(327): mysqli->query('SELECT *\nFROM `...', 0)
#1 D:\forphp\school_manage-master\system\Database\BaseConnection.php(738): CodeIgniter\Database\MySQLi\Connection->execute('SELECT *\nFROM `...')
#2 D:\forphp\school_manage-master\system\Database\BaseConnection.php(652): CodeIgniter\Database\BaseConnection->simpleQuery('SELECT *\nFROM `...')
#3 D:\forphp\school_manage-master\system\Database\BaseBuilder.php(1649): CodeIgniter\Database\BaseConnection->query('SELECT *\nFROM `...', Array, false)
#4 D:\forphp\school_manage-master\system\Model.php(286): CodeIgniter\Database\BaseBuilder->get()
#5 D:\forphp\school_manage-master\system\BaseModel.php(675): CodeIgniter\Model->doFindAll(0, 0)
#6 D:\forphp\school_manage-master\app\Controllers\StudentAdmissionController.php(18): CodeIgniter\BaseModel->findAll()
#7 D:\forphp\school_manage-master\system\CodeIgniter.php(933): App\Controllers\StudentAdmissionController->index()
#8 D:\forphp\school_manage-master\system\CodeIgniter.php(507): CodeIgniter\CodeIgniter->runController(Object(App\Controllers\StudentAdmissionController))
#9 D:\forphp\school_manage-master\system\CodeIgniter.php(354): CodeIgniter\CodeIgniter->handleRequest(NULL, Object(Config\Cache), false)
#10 D:\forphp\school_manage-master\system\Boot.php(334): CodeIgniter\CodeIgniter->run()
#11 D:\forphp\school_manage-master\system\Boot.php(67): CodeIgniter\Boot::runCodeIgniter(Object(CodeIgniter\CodeIgniter))
#12 D:\forphp\school_manage-master\index.php(56): CodeIgniter\Boot::bootWeb(Object(Config\Paths))
#13 {main}
CRITICAL - 2025-04-16 10:16:42 --> CodeIgniter\Database\Exceptions\DatabaseException: Table 'codertar_school_s.studentadmissions' doesn't exist
[Method: GET, Route: studentadmission]
in SYSTEMPATH\Database\BaseConnection.php on line 692.
 1 SYSTEMPATH\Database\BaseBuilder.php(1649): CodeIgniter\Database\BaseConnection->query('SELECT *
FROM `studentadmissions`', [], false)
 2 SYSTEMPATH\Model.php(286): CodeIgniter\Database\BaseBuilder->get()
 3 SYSTEMPATH\BaseModel.php(675): CodeIgniter\Model->doFindAll(0, 0)
 4 APPPATH\Controllers\StudentAdmissionController.php(18): CodeIgniter\BaseModel->findAll()
 5 SYSTEMPATH\CodeIgniter.php(933): App\Controllers\StudentAdmissionController->index()
 6 SYSTEMPATH\CodeIgniter.php(507): CodeIgniter\CodeIgniter->runController(Object(App\Controllers\StudentAdmissionController))
 7 SYSTEMPATH\CodeIgniter.php(354): CodeIgniter\CodeIgniter->handleRequest(null, Object(Config\Cache), false)
 8 SYSTEMPATH\Boot.php(334): CodeIgniter\CodeIgniter->run()
 9 SYSTEMPATH\Boot.php(67): CodeIgniter\Boot::runCodeIgniter(Object(CodeIgniter\CodeIgniter))
10 FCPATH\index.php(56): CodeIgniter\Boot::bootWeb(Object(Config\Paths))
CRITICAL - 2025-04-16 10:16:42 --> [Caused by] CodeIgniter\Database\Exceptions\DatabaseException: Table 'codertar_school_s.studentadmissions' doesn't exist
in SYSTEMPATH\Database\MySQLi\Connection.php on line 332.
 1 SYSTEMPATH\Database\BaseConnection.php(738): CodeIgniter\Database\MySQLi\Connection->execute('SELECT *
FROM `studentadmissions`')
 2 SYSTEMPATH\Database\BaseConnection.php(652): CodeIgniter\Database\BaseConnection->simpleQuery('SELECT *
FROM `studentadmissions`')
 3 SYSTEMPATH\Database\BaseBuilder.php(1649): CodeIgniter\Database\BaseConnection->query('SELECT *
FROM `studentadmissions`', [], false)
 4 SYSTEMPATH\Model.php(286): CodeIgniter\Database\BaseBuilder->get()
 5 SYSTEMPATH\BaseModel.php(675): CodeIgniter\Model->doFindAll(0, 0)
 6 APPPATH\Controllers\StudentAdmissionController.php(18): CodeIgniter\BaseModel->findAll()
 7 SYSTEMPATH\CodeIgniter.php(933): App\Controllers\StudentAdmissionController->index()
 8 SYSTEMPATH\CodeIgniter.php(507): CodeIgniter\CodeIgniter->runController(Object(App\Controllers\StudentAdmissionController))
 9 SYSTEMPATH\CodeIgniter.php(354): CodeIgniter\CodeIgniter->handleRequest(null, Object(Config\Cache), false)
10 SYSTEMPATH\Boot.php(334): CodeIgniter\CodeIgniter->run()
11 SYSTEMPATH\Boot.php(67): CodeIgniter\Boot::runCodeIgniter(Object(CodeIgniter\CodeIgniter))
12 FCPATH\index.php(56): CodeIgniter\Boot::bootWeb(Object(Config\Paths))
CRITICAL - 2025-04-16 10:16:42 --> [Caused by] mysqli_sql_exception: Table 'codertar_school_s.studentadmissions' doesn't exist
in SYSTEMPATH\Database\MySQLi\Connection.php on line 327.
 1 SYSTEMPATH\Database\MySQLi\Connection.php(327): mysqli->query('SELECT *
FROM `studentadmissions`', 0)
 2 SYSTEMPATH\Database\BaseConnection.php(738): CodeIgniter\Database\MySQLi\Connection->execute('SELECT *
FROM `studentadmissions`')
 3 SYSTEMPATH\Database\BaseConnection.php(652): CodeIgniter\Database\BaseConnection->simpleQuery('SELECT *
FROM `studentadmissions`')
 4 SYSTEMPATH\Database\BaseBuilder.php(1649): CodeIgniter\Database\BaseConnection->query('SELECT *
FROM `studentadmissions`', [], false)
 5 SYSTEMPATH\Model.php(286): CodeIgniter\Database\BaseBuilder->get()
 6 SYSTEMPATH\BaseModel.php(675): CodeIgniter\Model->doFindAll(0, 0)
 7 APPPATH\Controllers\StudentAdmissionController.php(18): CodeIgniter\BaseModel->findAll()
 8 SYSTEMPATH\CodeIgniter.php(933): App\Controllers\StudentAdmissionController->index()
 9 SYSTEMPATH\CodeIgniter.php(507): CodeIgniter\CodeIgniter->runController(Object(App\Controllers\StudentAdmissionController))
10 SYSTEMPATH\CodeIgniter.php(354): CodeIgniter\CodeIgniter->handleRequest(null, Object(Config\Cache), false)
11 SYSTEMPATH\Boot.php(334): CodeIgniter\CodeIgniter->run()
12 SYSTEMPATH\Boot.php(67): CodeIgniter\Boot::runCodeIgniter(Object(CodeIgniter\CodeIgniter))
13 FCPATH\index.php(56): CodeIgniter\Boot::bootWeb(Object(Config\Paths))
WARNING - 2025-04-16 18:47:11 --> [DEPRECATED] Creation of dynamic property App\Controllers\StudentAdmissionController::$StudentAdmissionModel is deprecated in APPPATH\Controllers\StudentAdmissionController.php on line 14.
 1 SYSTEMPATH\CodeIgniter.php(903): App\Controllers\StudentAdmissionController->__construct()
 2 SYSTEMPATH\CodeIgniter.php(498): CodeIgniter\CodeIgniter->createController()
 3 SYSTEMPATH\CodeIgniter.php(354): CodeIgniter\CodeIgniter->handleRequest(null, Object(Config\Cache), false)
 4 SYSTEMPATH\Boot.php(334): CodeIgniter\CodeIgniter->run()
 5 SYSTEMPATH\Boot.php(67): CodeIgniter\Boot::runCodeIgniter(Object(CodeIgniter\CodeIgniter))
 6 FCPATH\index.php(56): CodeIgniter\Boot::bootWeb(Object(Config\Paths))
WARNING - 2025-04-16 18:52:46 --> [DEPRECATED] Creation of dynamic property App\Controllers\StudentAdmissionController::$StudentAdmissionModel is deprecated in APPPATH\Controllers\StudentAdmissionController.php on line 14.
 1 SYSTEMPATH\CodeIgniter.php(903): App\Controllers\StudentAdmissionController->__construct()
 2 SYSTEMPATH\CodeIgniter.php(498): CodeIgniter\CodeIgniter->createController()
 3 SYSTEMPATH\CodeIgniter.php(354): CodeIgniter\CodeIgniter->handleRequest(null, Object(Config\Cache), false)
 4 SYSTEMPATH\Boot.php(334): CodeIgniter\CodeIgniter->run()
 5 SYSTEMPATH\Boot.php(67): CodeIgniter\Boot::runCodeIgniter(Object(CodeIgniter\CodeIgniter))
 6 FCPATH\index.php(56): CodeIgniter\Boot::bootWeb(Object(Config\Paths))
WARNING - 2025-04-16 18:53:00 --> [DEPRECATED] Creation of dynamic property App\Controllers\StudentAdmissionController::$StudentAdmissionModel is deprecated in APPPATH\Controllers\StudentAdmissionController.php on line 14.
 1 SYSTEMPATH\CodeIgniter.php(903): App\Controllers\StudentAdmissionController->__construct()
 2 SYSTEMPATH\CodeIgniter.php(498): CodeIgniter\CodeIgniter->createController()
 3 SYSTEMPATH\CodeIgniter.php(354): CodeIgniter\CodeIgniter->handleRequest(null, Object(Config\Cache), false)
 4 SYSTEMPATH\Boot.php(334): CodeIgniter\CodeIgniter->run()
 5 SYSTEMPATH\Boot.php(67): CodeIgniter\Boot::runCodeIgniter(Object(CodeIgniter\CodeIgniter))
 6 FCPATH\index.php(56): CodeIgniter\Boot::bootWeb(Object(Config\Paths))
