CRITICAL - 2025-05-10 07:13:02 --> Error: Class "App\Controllers\StudentAddFromAdminPanelModel" not found
[Method: GET, Route: student_add_from_admin_panel]
in APPPATH\Controllers\StudentAddFromAdminPanelController.php on line 18.
 1 SYSTEMPATH\CodeIgniter.php(903): App\Controllers\StudentAddFromAdminPanelController->__construct()
 2 SYSTEMPATH\CodeIgniter.php(498): CodeIgniter\CodeIgniter->createController()
 3 SYSTEMPATH\CodeIgniter.php(354): CodeIgniter\CodeIgniter->handleRequest(null, Object(Config\Cache), false)
 4 SYSTEMPATH\Boot.php(334): CodeIgniter\CodeIgniter->run()
 5 SYSTEMPATH\Boot.php(67): CodeIgniter\Boot::runCodeIgniter(Object(CodeIgniter\CodeIgniter))
 6 FCPATH\index.php(56): CodeIgniter\Boot::bootWeb(Object(Config\Paths))
WARNING - 2025-05-10 07:14:01 --> [DEPRECATED] Creation of dynamic property App\Controllers\StudentAddFromAdminPanelController::$StudentAddFromAdminPanelModel is deprecated in APPPATH\Controllers\StudentAddFromAdminPanelController.php on line 21.
 1 SYSTEMPATH\CodeIgniter.php(903): App\Controllers\StudentAddFromAdminPanelController->__construct()
 2 SYSTEMPATH\CodeIgniter.php(498): CodeIgniter\CodeIgniter->createController()
 3 SYSTEMPATH\CodeIgniter.php(354): CodeIgniter\CodeIgniter->handleRequest(null, Object(Config\Cache), false)
 4 SYSTEMPATH\Boot.php(334): CodeIgniter\CodeIgniter->run()
 5 SYSTEMPATH\Boot.php(67): CodeIgniter\Boot::runCodeIgniter(Object(CodeIgniter\CodeIgniter))
 6 FCPATH\index.php(56): CodeIgniter\Boot::bootWeb(Object(Config\Paths))
WARNING - 2025-05-10 07:14:01 --> [DEPRECATED] Creation of dynamic property App\Controllers\StudentAddFromAdminPanelController::$StudentAdmissionModel is deprecated in APPPATH\Controllers\StudentAddFromAdminPanelController.php on line 22.
 1 SYSTEMPATH\CodeIgniter.php(903): App\Controllers\StudentAddFromAdminPanelController->__construct()
 2 SYSTEMPATH\CodeIgniter.php(498): CodeIgniter\CodeIgniter->createController()
 3 SYSTEMPATH\CodeIgniter.php(354): CodeIgniter\CodeIgniter->handleRequest(null, Object(Config\Cache), false)
 4 SYSTEMPATH\Boot.php(334): CodeIgniter\CodeIgniter->run()
 5 SYSTEMPATH\Boot.php(67): CodeIgniter\Boot::runCodeIgniter(Object(CodeIgniter\CodeIgniter))
 6 FCPATH\index.php(56): CodeIgniter\Boot::bootWeb(Object(Config\Paths))
WARNING - 2025-05-10 07:14:01 --> [DEPRECATED] Creation of dynamic property App\Controllers\StudentAddFromAdminPanelController::$ClassModel is deprecated in APPPATH\Controllers\StudentAddFromAdminPanelController.php on line 23.
 1 SYSTEMPATH\CodeIgniter.php(903): App\Controllers\StudentAddFromAdminPanelController->__construct()
 2 SYSTEMPATH\CodeIgniter.php(498): CodeIgniter\CodeIgniter->createController()
 3 SYSTEMPATH\CodeIgniter.php(354): CodeIgniter\CodeIgniter->handleRequest(null, Object(Config\Cache), false)
 4 SYSTEMPATH\Boot.php(334): CodeIgniter\CodeIgniter->run()
 5 SYSTEMPATH\Boot.php(67): CodeIgniter\Boot::runCodeIgniter(Object(CodeIgniter\CodeIgniter))
 6 FCPATH\index.php(56): CodeIgniter\Boot::bootWeb(Object(Config\Paths))
WARNING - 2025-05-10 07:24:56 --> [DEPRECATED] Creation of dynamic property App\Controllers\StudentAddFromAdminPanelController::$StudentAddFromAdminPanelModel is deprecated in APPPATH\Controllers\StudentAddFromAdminPanelController.php on line 21.
 1 SYSTEMPATH\CodeIgniter.php(903): App\Controllers\StudentAddFromAdminPanelController->__construct()
 2 SYSTEMPATH\CodeIgniter.php(498): CodeIgniter\CodeIgniter->createController()
 3 SYSTEMPATH\CodeIgniter.php(354): CodeIgniter\CodeIgniter->handleRequest(null, Object(Config\Cache), false)
 4 SYSTEMPATH\Boot.php(334): CodeIgniter\CodeIgniter->run()
 5 SYSTEMPATH\Boot.php(67): CodeIgniter\Boot::runCodeIgniter(Object(CodeIgniter\CodeIgniter))
 6 FCPATH\index.php(56): CodeIgniter\Boot::bootWeb(Object(Config\Paths))
WARNING - 2025-05-10 07:24:56 --> [DEPRECATED] Creation of dynamic property App\Controllers\StudentAddFromAdminPanelController::$StudentAdmissionModel is deprecated in APPPATH\Controllers\StudentAddFromAdminPanelController.php on line 22.
 1 SYSTEMPATH\CodeIgniter.php(903): App\Controllers\StudentAddFromAdminPanelController->__construct()
 2 SYSTEMPATH\CodeIgniter.php(498): CodeIgniter\CodeIgniter->createController()
 3 SYSTEMPATH\CodeIgniter.php(354): CodeIgniter\CodeIgniter->handleRequest(null, Object(Config\Cache), false)
 4 SYSTEMPATH\Boot.php(334): CodeIgniter\CodeIgniter->run()
 5 SYSTEMPATH\Boot.php(67): CodeIgniter\Boot::runCodeIgniter(Object(CodeIgniter\CodeIgniter))
 6 FCPATH\index.php(56): CodeIgniter\Boot::bootWeb(Object(Config\Paths))
WARNING - 2025-05-10 07:24:56 --> [DEPRECATED] Creation of dynamic property App\Controllers\StudentAddFromAdminPanelController::$ClassModel is deprecated in APPPATH\Controllers\StudentAddFromAdminPanelController.php on line 23.
 1 SYSTEMPATH\CodeIgniter.php(903): App\Controllers\StudentAddFromAdminPanelController->__construct()
 2 SYSTEMPATH\CodeIgniter.php(498): CodeIgniter\CodeIgniter->createController()
 3 SYSTEMPATH\CodeIgniter.php(354): CodeIgniter\CodeIgniter->handleRequest(null, Object(Config\Cache), false)
 4 SYSTEMPATH\Boot.php(334): CodeIgniter\CodeIgniter->run()
 5 SYSTEMPATH\Boot.php(67): CodeIgniter\Boot::runCodeIgniter(Object(CodeIgniter\CodeIgniter))
 6 FCPATH\index.php(56): CodeIgniter\Boot::bootWeb(Object(Config\Paths))
CRITICAL - 2025-05-10 17:25:49 --> ErrorException: Undefined variable $totalTime
[Method: GET, Route: /]
in SYSTEMPATH\Debug\Toolbar\Views\toolbar.tpl.php on line 46.
 1 SYSTEMPATH\Debug\Toolbar\Views\toolbar.tpl.php(46): CodeIgniter\Debug\Exceptions->errorHandler(2, 'Undefined variable $totalTime', 'D:\\forphp\\school_manage-master\\system\\Debug\\Toolbar\\Views\\toolbar.tpl.php', 46)
 2 SYSTEMPATH\Debug\Toolbar.php(533): include('D:\\forphp\\school_manage-master\\system\\Debug\\Toolbar\\Views\\toolbar.tpl.php')
 3 SYSTEMPATH\Debug\Toolbar.php(496): CodeIgniter\Debug\Toolbar->format([...], 'html')
 4 APPPATH\Config\Events.php(47): CodeIgniter\Debug\Toolbar->respond()
 5 SYSTEMPATH\Events\Events.php(155): CodeIgniter\Events\Events::Config\{closure}()
 6 SYSTEMPATH\CodeIgniter.php(339): CodeIgniter\Events\Events::trigger('pre_system')
 7 SYSTEMPATH\Boot.php(334): CodeIgniter\CodeIgniter->run()
 8 SYSTEMPATH\Boot.php(67): CodeIgniter\Boot::runCodeIgniter(Object(CodeIgniter\CodeIgniter))
 9 FCPATH\index.php(56): CodeIgniter\Boot::bootWeb(Object(Config\Paths))
CRITICAL - 2025-05-10 17:26:07 --> Error: Call to a member function admin_panel() on null
[Method: GET, Route: student_add_from_admin_panel]
in APPPATH\Controllers\StudentAddFromAdminPanelController.php on line 26.
 1 SYSTEMPATH\CodeIgniter.php(933): App\Controllers\StudentAddFromAdminPanelController->student_add_from_admin_panel()
 2 SYSTEMPATH\CodeIgniter.php(507): CodeIgniter\CodeIgniter->runController(Object(App\Controllers\StudentAddFromAdminPanelController))
 3 SYSTEMPATH\CodeIgniter.php(354): CodeIgniter\CodeIgniter->handleRequest(null, Object(Config\Cache), false)
 4 SYSTEMPATH\Boot.php(334): CodeIgniter\CodeIgniter->run()
 5 SYSTEMPATH\Boot.php(67): CodeIgniter\Boot::runCodeIgniter(Object(CodeIgniter\CodeIgniter))
 6 FCPATH\index.php(56): CodeIgniter\Boot::bootWeb(Object(Config\Paths))
CRITICAL - 2025-05-10 17:32:02 --> Error: Call to a member function admin_panel() on null
[Method: GET, Route: student_add_from_admin_panel]
in APPPATH\Controllers\StudentAddFromAdminPanelController.php on line 26.
 1 SYSTEMPATH\CodeIgniter.php(933): App\Controllers\StudentAddFromAdminPanelController->student_add_from_admin_panel()
 2 SYSTEMPATH\CodeIgniter.php(507): CodeIgniter\CodeIgniter->runController(Object(App\Controllers\StudentAddFromAdminPanelController))
 3 SYSTEMPATH\CodeIgniter.php(354): CodeIgniter\CodeIgniter->handleRequest(null, Object(Config\Cache), false)
 4 SYSTEMPATH\Boot.php(334): CodeIgniter\CodeIgniter->run()
 5 SYSTEMPATH\Boot.php(67): CodeIgniter\Boot::runCodeIgniter(Object(CodeIgniter\CodeIgniter))
 6 FCPATH\index.php(56): CodeIgniter\Boot::bootWeb(Object(Config\Paths))
CRITICAL - 2025-05-10 17:53:32 --> Error: Call to a member function admin_panel() on null
[Method: GET, Route: student_add_from_admin_panel]
in APPPATH\Controllers\StudentAddFromAdminPanelController.php on line 26.
 1 SYSTEMPATH\CodeIgniter.php(933): App\Controllers\StudentAddFromAdminPanelController->student_add_from_admin_panel()
 2 SYSTEMPATH\CodeIgniter.php(507): CodeIgniter\CodeIgniter->runController(Object(App\Controllers\StudentAddFromAdminPanelController))
 3 SYSTEMPATH\CodeIgniter.php(354): CodeIgniter\CodeIgniter->handleRequest(null, Object(Config\Cache), false)
 4 SYSTEMPATH\Boot.php(334): CodeIgniter\CodeIgniter->run()
 5 SYSTEMPATH\Boot.php(67): CodeIgniter\Boot::runCodeIgniter(Object(CodeIgniter\CodeIgniter))
 6 FCPATH\index.php(56): CodeIgniter\Boot::bootWeb(Object(Config\Paths))
CRITICAL - 2025-05-10 17:54:20 --> Error: Call to a member function admin_panel() on null
[Method: GET, Route: student_add_from_admin_panel]
in APPPATH\Controllers\StudentAddFromAdminPanelController.php on line 26.
 1 SYSTEMPATH\CodeIgniter.php(933): App\Controllers\StudentAddFromAdminPanelController->student_add_from_admin_panel()
 2 SYSTEMPATH\CodeIgniter.php(507): CodeIgniter\CodeIgniter->runController(Object(App\Controllers\StudentAddFromAdminPanelController))
 3 SYSTEMPATH\CodeIgniter.php(354): CodeIgniter\CodeIgniter->handleRequest(null, Object(Config\Cache), false)
 4 SYSTEMPATH\Boot.php(334): CodeIgniter\CodeIgniter->run()
 5 SYSTEMPATH\Boot.php(67): CodeIgniter\Boot::runCodeIgniter(Object(CodeIgniter\CodeIgniter))
 6 FCPATH\index.php(56): CodeIgniter\Boot::bootWeb(Object(Config\Paths))
CRITICAL - 2025-05-10 17:58:14 --> Error: Call to a member function admin_panel() on null
[Method: GET, Route: student_add_from_admin_panel]
in APPPATH\Controllers\StudentAddFromAdminPanelController.php on line 26.
 1 SYSTEMPATH\CodeIgniter.php(933): App\Controllers\StudentAddFromAdminPanelController->student_add_from_admin_panel()
 2 SYSTEMPATH\CodeIgniter.php(507): CodeIgniter\CodeIgniter->runController(Object(App\Controllers\StudentAddFromAdminPanelController))
 3 SYSTEMPATH\CodeIgniter.php(354): CodeIgniter\CodeIgniter->handleRequest(null, Object(Config\Cache), false)
 4 SYSTEMPATH\Boot.php(334): CodeIgniter\CodeIgniter->run()
 5 SYSTEMPATH\Boot.php(67): CodeIgniter\Boot::runCodeIgniter(Object(CodeIgniter\CodeIgniter))
 6 FCPATH\index.php(56): CodeIgniter\Boot::bootWeb(Object(Config\Paths))
CRITICAL - 2025-05-10 17:58:30 --> Error: Call to a member function admin_panel() on null
[Method: GET, Route: student_add_from_admin_panel]
in APPPATH\Controllers\StudentAddFromAdminPanelController.php on line 26.
 1 SYSTEMPATH\CodeIgniter.php(933): App\Controllers\StudentAddFromAdminPanelController->student_add_from_admin_panel()
 2 SYSTEMPATH\CodeIgniter.php(507): CodeIgniter\CodeIgniter->runController(Object(App\Controllers\StudentAddFromAdminPanelController))
 3 SYSTEMPATH\CodeIgniter.php(354): CodeIgniter\CodeIgniter->handleRequest(null, Object(Config\Cache), false)
 4 SYSTEMPATH\Boot.php(334): CodeIgniter\CodeIgniter->run()
 5 SYSTEMPATH\Boot.php(67): CodeIgniter\Boot::runCodeIgniter(Object(CodeIgniter\CodeIgniter))
 6 FCPATH\index.php(56): CodeIgniter\Boot::bootWeb(Object(Config\Paths))
CRITICAL - 2025-05-10 18:00:58 --> Error: Call to a member function admin_panel() on null
[Method: GET, Route: student_add_from_admin_panel]
in APPPATH\Controllers\StudentAddFromAdminPanelController.php on line 26.
 1 SYSTEMPATH\CodeIgniter.php(933): App\Controllers\StudentAddFromAdminPanelController->student_add_from_admin_panel()
 2 SYSTEMPATH\CodeIgniter.php(507): CodeIgniter\CodeIgniter->runController(Object(App\Controllers\StudentAddFromAdminPanelController))
 3 SYSTEMPATH\CodeIgniter.php(354): CodeIgniter\CodeIgniter->handleRequest(null, Object(Config\Cache), false)
 4 SYSTEMPATH\Boot.php(334): CodeIgniter\CodeIgniter->run()
 5 SYSTEMPATH\Boot.php(67): CodeIgniter\Boot::runCodeIgniter(Object(CodeIgniter\CodeIgniter))
 6 FCPATH\index.php(56): CodeIgniter\Boot::bootWeb(Object(Config\Paths))
CRITICAL - 2025-05-10 18:03:28 --> Error: Call to a member function admin_panel() on null
[Method: GET, Route: student_add_from_admin_panel]
in APPPATH\Controllers\StudentAddFromAdminPanelController.php on line 26.
 1 SYSTEMPATH\CodeIgniter.php(933): App\Controllers\StudentAddFromAdminPanelController->student_add_from_admin_panel()
 2 SYSTEMPATH\CodeIgniter.php(507): CodeIgniter\CodeIgniter->runController(Object(App\Controllers\StudentAddFromAdminPanelController))
 3 SYSTEMPATH\CodeIgniter.php(354): CodeIgniter\CodeIgniter->handleRequest(null, Object(Config\Cache), false)
 4 SYSTEMPATH\Boot.php(334): CodeIgniter\CodeIgniter->run()
 5 SYSTEMPATH\Boot.php(67): CodeIgniter\Boot::runCodeIgniter(Object(CodeIgniter\CodeIgniter))
 6 FCPATH\index.php(56): CodeIgniter\Boot::bootWeb(Object(Config\Paths))
CRITICAL - 2025-05-10 18:03:58 --> Error: Call to a member function admin_panel() on null
[Method: GET, Route: student_add_from_admin_panel]
in APPPATH\Controllers\StudentAddFromAdminPanelController.php on line 26.
 1 SYSTEMPATH\CodeIgniter.php(933): App\Controllers\StudentAddFromAdminPanelController->student_add_from_admin_panel()
 2 SYSTEMPATH\CodeIgniter.php(507): CodeIgniter\CodeIgniter->runController(Object(App\Controllers\StudentAddFromAdminPanelController))
 3 SYSTEMPATH\CodeIgniter.php(354): CodeIgniter\CodeIgniter->handleRequest(null, Object(Config\Cache), false)
 4 SYSTEMPATH\Boot.php(334): CodeIgniter\CodeIgniter->run()
 5 SYSTEMPATH\Boot.php(67): CodeIgniter\Boot::runCodeIgniter(Object(CodeIgniter\CodeIgniter))
 6 FCPATH\index.php(56): CodeIgniter\Boot::bootWeb(Object(Config\Paths))
CRITICAL - 2025-05-10 18:08:05 --> ErrorException: Undefined property: App\Controllers\StudentAddFromAdminPanelController::$classModel
[Method: GET, Route: student_add_from_admin_panel]
in APPPATH\Controllers\StudentAddFromAdminPanelController.php on line 26.
 1 APPPATH\Controllers\StudentAddFromAdminPanelController.php(26): CodeIgniter\Debug\Exceptions->errorHandler(2, 'Undefined property: App\\Controllers\\StudentAddFromAdminPanelController::$classModel', 'D:\\forphp\\school_manage-master\\app\\Controllers\\StudentAddFromAdminPanelController.php', 26)
 2 SYSTEMPATH\CodeIgniter.php(933): App\Controllers\StudentAddFromAdminPanelController->student_add_from_admin_panel()
 3 SYSTEMPATH\CodeIgniter.php(507): CodeIgniter\CodeIgniter->runController(Object(App\Controllers\StudentAddFromAdminPanelController))
 4 SYSTEMPATH\CodeIgniter.php(354): CodeIgniter\CodeIgniter->handleRequest(null, Object(Config\Cache), false)
 5 SYSTEMPATH\Boot.php(334): CodeIgniter\CodeIgniter->run()
 6 SYSTEMPATH\Boot.php(67): CodeIgniter\Boot::runCodeIgniter(Object(CodeIgniter\CodeIgniter))
 7 FCPATH\index.php(56): CodeIgniter\Boot::bootWeb(Object(Config\Paths))
CRITICAL - 2025-05-10 18:08:49 --> Error: Call to a member function admin_panel() on null
[Method: GET, Route: student_add_from_admin_panel]
in APPPATH\Controllers\StudentAddFromAdminPanelController.php on line 27.
 1 SYSTEMPATH\CodeIgniter.php(933): App\Controllers\StudentAddFromAdminPanelController->student_add_from_admin_panel()
 2 SYSTEMPATH\CodeIgniter.php(507): CodeIgniter\CodeIgniter->runController(Object(App\Controllers\StudentAddFromAdminPanelController))
 3 SYSTEMPATH\CodeIgniter.php(354): CodeIgniter\CodeIgniter->handleRequest(null, Object(Config\Cache), false)
 4 SYSTEMPATH\Boot.php(334): CodeIgniter\CodeIgniter->run()
 5 SYSTEMPATH\Boot.php(67): CodeIgniter\Boot::runCodeIgniter(Object(CodeIgniter\CodeIgniter))
 6 FCPATH\index.php(56): CodeIgniter\Boot::bootWeb(Object(Config\Paths))
CRITICAL - 2025-05-10 18:10:40 --> Error: Call to a member function admin_panel() on null
[Method: GET, Route: student_add_from_admin_panel]
in APPPATH\Controllers\StudentAddFromAdminPanelController.php on line 27.
 1 SYSTEMPATH\CodeIgniter.php(933): App\Controllers\StudentAddFromAdminPanelController->student_add_from_admin_panel()
 2 SYSTEMPATH\CodeIgniter.php(507): CodeIgniter\CodeIgniter->runController(Object(App\Controllers\StudentAddFromAdminPanelController))
 3 SYSTEMPATH\CodeIgniter.php(354): CodeIgniter\CodeIgniter->handleRequest(null, Object(Config\Cache), false)
 4 SYSTEMPATH\Boot.php(334): CodeIgniter\CodeIgniter->run()
 5 SYSTEMPATH\Boot.php(67): CodeIgniter\Boot::runCodeIgniter(Object(CodeIgniter\CodeIgniter))
 6 FCPATH\index.php(56): CodeIgniter\Boot::bootWeb(Object(Config\Paths))
CRITICAL - 2025-05-10 18:10:58 --> Error: Call to a member function admin_panel() on null
[Method: GET, Route: student_add_from_admin_panel]
in APPPATH\Controllers\StudentAddFromAdminPanelController.php on line 27.
 1 SYSTEMPATH\CodeIgniter.php(933): App\Controllers\StudentAddFromAdminPanelController->student_add_from_admin_panel()
 2 SYSTEMPATH\CodeIgniter.php(507): CodeIgniter\CodeIgniter->runController(Object(App\Controllers\StudentAddFromAdminPanelController))
 3 SYSTEMPATH\CodeIgniter.php(354): CodeIgniter\CodeIgniter->handleRequest(null, Object(Config\Cache), false)
 4 SYSTEMPATH\Boot.php(334): CodeIgniter\CodeIgniter->run()
 5 SYSTEMPATH\Boot.php(67): CodeIgniter\Boot::runCodeIgniter(Object(CodeIgniter\CodeIgniter))
 6 FCPATH\index.php(56): CodeIgniter\Boot::bootWeb(Object(Config\Paths))
DEBUG - 2025-05-10 18:29:06 --> Session: Class initialized using 'CodeIgniter\Session\Handlers\FileHandler' driver.
ERROR - 2025-05-10 18:29:06 --> mysqli_sql_exception: Unknown column 'create_user_idss' in 'field list' in D:\forphp\school_manage-master\system\Database\MySQLi\Connection.php:327
Stack trace:
#0 D:\forphp\school_manage-master\system\Database\MySQLi\Connection.php(327): mysqli->query('INSERT INTO `st...', 0)
#1 D:\forphp\school_manage-master\system\Database\BaseConnection.php(738): CodeIgniter\Database\MySQLi\Connection->execute('INSERT INTO `st...')
#2 D:\forphp\school_manage-master\system\Database\BaseConnection.php(652): CodeIgniter\Database\BaseConnection->simpleQuery('INSERT INTO `st...')
#3 D:\forphp\school_manage-master\system\Database\BaseBuilder.php(2345): CodeIgniter\Database\BaseConnection->query('INSERT INTO `st...', Array, false)
#4 D:\forphp\school_manage-master\system\Model.php(394): CodeIgniter\Database\BaseBuilder->insert()
#5 D:\forphp\school_manage-master\system\BaseModel.php(839): CodeIgniter\Model->doInsert(Array)
#6 D:\forphp\school_manage-master\system\Model.php(800): CodeIgniter\BaseModel->insert(Array, true)
#7 D:\forphp\school_manage-master\app\Controllers\StudentAddFromAdminPanelController.php(64): CodeIgniter\Model->insert(Array)
#8 D:\forphp\school_manage-master\system\CodeIgniter.php(933): App\Controllers\StudentAddFromAdminPanelController->student_add_from_admin_panel_form()
#9 D:\forphp\school_manage-master\system\CodeIgniter.php(507): CodeIgniter\CodeIgniter->runController(Object(App\Controllers\StudentAddFromAdminPanelController))
#10 D:\forphp\school_manage-master\system\CodeIgniter.php(354): CodeIgniter\CodeIgniter->handleRequest(NULL, Object(Config\Cache), false)
#11 D:\forphp\school_manage-master\system\Boot.php(334): CodeIgniter\CodeIgniter->run()
#12 D:\forphp\school_manage-master\system\Boot.php(67): CodeIgniter\Boot::runCodeIgniter(Object(CodeIgniter\CodeIgniter))
#13 D:\forphp\school_manage-master\index.php(56): CodeIgniter\Boot::bootWeb(Object(Config\Paths))
#14 {main}
CRITICAL - 2025-05-10 18:29:07 --> CodeIgniter\Database\Exceptions\DatabaseException: Unknown column 'create_user_idss' in 'field list'
[Method: POST, Route: student_add_from_admin_panel_form]
in SYSTEMPATH\Database\BaseConnection.php on line 692.
 1 SYSTEMPATH\Database\BaseBuilder.php(2345): CodeIgniter\Database\BaseConnection->query('INSERT INTO `student_info` (`student_info_bn_names`, `student_info_names_en`, `birth_date_dob`, `birth_registration_nos`, `student_info_addresss`, `student_info_father_name_en`, `student_info_bn_father_name`, `student_info_mother_en`, `student_info_bn_mother`, `student_info_gradian_phone1`, `student_info_gradian_phone2nd`, `gardian_name`, `gardian_relationss`, `class_iddddd`, `online_admission_auto_idddiiid`, `section_uniq_iddsss`, `student_picture_pathssss`, `create_timess`, `update_timess`, `create_datesss`, `create_user_idss`) VALUES (:student_info_bn_names:, :student_info_names_en:, :birth_date_dob:, :birth_registration_nos:, :student_info_addresss:, :student_info_father_name_en:, :student_info_bn_father_name:, :student_info_mother_en:, :student_info_bn_mother:, :student_info_gradian_phone1:, :student_info_gradian_phone2nd:, :gardian_name:, :gardian_relationss:, :class_iddddd:, :online_admission_auto_idddiiid:, :section_uniq_iddsss:, :student_picture_pathssss:, :create_timess:, :update_timess:, :create_datesss:, :create_user_idss:)', [...], false)
 2 SYSTEMPATH\Model.php(394): CodeIgniter\Database\BaseBuilder->insert()
 3 SYSTEMPATH\BaseModel.php(839): CodeIgniter\Model->doInsert([...])
 4 SYSTEMPATH\Model.php(800): CodeIgniter\BaseModel->insert([...], true)
 5 APPPATH\Controllers\StudentAddFromAdminPanelController.php(64): CodeIgniter\Model->insert([...])
 6 SYSTEMPATH\CodeIgniter.php(933): App\Controllers\StudentAddFromAdminPanelController->student_add_from_admin_panel_form()
 7 SYSTEMPATH\CodeIgniter.php(507): CodeIgniter\CodeIgniter->runController(Object(App\Controllers\StudentAddFromAdminPanelController))
 8 SYSTEMPATH\CodeIgniter.php(354): CodeIgniter\CodeIgniter->handleRequest(null, Object(Config\Cache), false)
 9 SYSTEMPATH\Boot.php(334): CodeIgniter\CodeIgniter->run()
10 SYSTEMPATH\Boot.php(67): CodeIgniter\Boot::runCodeIgniter(Object(CodeIgniter\CodeIgniter))
11 FCPATH\index.php(56): CodeIgniter\Boot::bootWeb(Object(Config\Paths))
CRITICAL - 2025-05-10 18:29:07 --> [Caused by] CodeIgniter\Database\Exceptions\DatabaseException: Unknown column 'create_user_idss' in 'field list'
in SYSTEMPATH\Database\MySQLi\Connection.php on line 332.
 1 SYSTEMPATH\Database\BaseConnection.php(738): CodeIgniter\Database\MySQLi\Connection->execute('INSERT INTO `student_info` (`student_info_bn_names`, `student_info_names_en`, `birth_date_dob`, `birth_registration_nos`, `student_info_addresss`, `student_info_father_name_en`, `student_info_bn_father_name`, `student_info_mother_en`, `student_info_bn_mother`, `student_info_gradian_phone1`, `student_info_gradian_phone2nd`, `gardian_name`, `gardian_relationss`, `class_iddddd`, `online_admission_auto_idddiiid`, `section_uniq_iddsss`, `student_picture_pathssss`, `create_timess`, `update_timess`, `create_datesss`, `create_user_idss`) VALUES (\'ss\', \'aa\', \'2025-05-07\', \'11\', \'aaa\', \'qqq\', \'qqq\', \'qqq\', \'qqq\', \'111\', \'111\', \'dddd\', \'ddd\', \'\', \'dd\', \'dddd\', NULL, 1746901745, NULL, \'2025-05-10\', 0)')
 2 SYSTEMPATH\Database\BaseConnection.php(652): CodeIgniter\Database\BaseConnection->simpleQuery('INSERT INTO `student_info` (`student_info_bn_names`, `student_info_names_en`, `birth_date_dob`, `birth_registration_nos`, `student_info_addresss`, `student_info_father_name_en`, `student_info_bn_father_name`, `student_info_mother_en`, `student_info_bn_mother`, `student_info_gradian_phone1`, `student_info_gradian_phone2nd`, `gardian_name`, `gardian_relationss`, `class_iddddd`, `online_admission_auto_idddiiid`, `section_uniq_iddsss`, `student_picture_pathssss`, `create_timess`, `update_timess`, `create_datesss`, `create_user_idss`) VALUES (\'ss\', \'aa\', \'2025-05-07\', \'11\', \'aaa\', \'qqq\', \'qqq\', \'qqq\', \'qqq\', \'111\', \'111\', \'dddd\', \'ddd\', \'\', \'dd\', \'dddd\', NULL, 1746901745, NULL, \'2025-05-10\', 0)')
 3 SYSTEMPATH\Database\BaseBuilder.php(2345): CodeIgniter\Database\BaseConnection->query('INSERT INTO `student_info` (`student_info_bn_names`, `student_info_names_en`, `birth_date_dob`, `birth_registration_nos`, `student_info_addresss`, `student_info_father_name_en`, `student_info_bn_father_name`, `student_info_mother_en`, `student_info_bn_mother`, `student_info_gradian_phone1`, `student_info_gradian_phone2nd`, `gardian_name`, `gardian_relationss`, `class_iddddd`, `online_admission_auto_idddiiid`, `section_uniq_iddsss`, `student_picture_pathssss`, `create_timess`, `update_timess`, `create_datesss`, `create_user_idss`) VALUES (:student_info_bn_names:, :student_info_names_en:, :birth_date_dob:, :birth_registration_nos:, :student_info_addresss:, :student_info_father_name_en:, :student_info_bn_father_name:, :student_info_mother_en:, :student_info_bn_mother:, :student_info_gradian_phone1:, :student_info_gradian_phone2nd:, :gardian_name:, :gardian_relationss:, :class_iddddd:, :online_admission_auto_idddiiid:, :section_uniq_iddsss:, :student_picture_pathssss:, :create_timess:, :update_timess:, :create_datesss:, :create_user_idss:)', [...], false)
 4 SYSTEMPATH\Model.php(394): CodeIgniter\Database\BaseBuilder->insert()
 5 SYSTEMPATH\BaseModel.php(839): CodeIgniter\Model->doInsert([...])
 6 SYSTEMPATH\Model.php(800): CodeIgniter\BaseModel->insert([...], true)
 7 APPPATH\Controllers\StudentAddFromAdminPanelController.php(64): CodeIgniter\Model->insert([...])
 8 SYSTEMPATH\CodeIgniter.php(933): App\Controllers\StudentAddFromAdminPanelController->student_add_from_admin_panel_form()
 9 SYSTEMPATH\CodeIgniter.php(507): CodeIgniter\CodeIgniter->runController(Object(App\Controllers\StudentAddFromAdminPanelController))
10 SYSTEMPATH\CodeIgniter.php(354): CodeIgniter\CodeIgniter->handleRequest(null, Object(Config\Cache), false)
11 SYSTEMPATH\Boot.php(334): CodeIgniter\CodeIgniter->run()
12 SYSTEMPATH\Boot.php(67): CodeIgniter\Boot::runCodeIgniter(Object(CodeIgniter\CodeIgniter))
13 FCPATH\index.php(56): CodeIgniter\Boot::bootWeb(Object(Config\Paths))
CRITICAL - 2025-05-10 18:29:07 --> [Caused by] mysqli_sql_exception: Unknown column 'create_user_idss' in 'field list'
in SYSTEMPATH\Database\MySQLi\Connection.php on line 327.
 1 SYSTEMPATH\Database\MySQLi\Connection.php(327): mysqli->query('INSERT INTO `student_info` (`student_info_bn_names`, `student_info_names_en`, `birth_date_dob`, `birth_registration_nos`, `student_info_addresss`, `student_info_father_name_en`, `student_info_bn_father_name`, `student_info_mother_en`, `student_info_bn_mother`, `student_info_gradian_phone1`, `student_info_gradian_phone2nd`, `gardian_name`, `gardian_relationss`, `class_iddddd`, `online_admission_auto_idddiiid`, `section_uniq_iddsss`, `student_picture_pathssss`, `create_timess`, `update_timess`, `create_datesss`, `create_user_idss`) VALUES (\'ss\', \'aa\', \'2025-05-07\', \'11\', \'aaa\', \'qqq\', \'qqq\', \'qqq\', \'qqq\', \'111\', \'111\', \'dddd\', \'ddd\', \'\', \'dd\', \'dddd\', NULL, 1746901745, NULL, \'2025-05-10\', 0)', 0)
 2 SYSTEMPATH\Database\BaseConnection.php(738): CodeIgniter\Database\MySQLi\Connection->execute('INSERT INTO `student_info` (`student_info_bn_names`, `student_info_names_en`, `birth_date_dob`, `birth_registration_nos`, `student_info_addresss`, `student_info_father_name_en`, `student_info_bn_father_name`, `student_info_mother_en`, `student_info_bn_mother`, `student_info_gradian_phone1`, `student_info_gradian_phone2nd`, `gardian_name`, `gardian_relationss`, `class_iddddd`, `online_admission_auto_idddiiid`, `section_uniq_iddsss`, `student_picture_pathssss`, `create_timess`, `update_timess`, `create_datesss`, `create_user_idss`) VALUES (\'ss\', \'aa\', \'2025-05-07\', \'11\', \'aaa\', \'qqq\', \'qqq\', \'qqq\', \'qqq\', \'111\', \'111\', \'dddd\', \'ddd\', \'\', \'dd\', \'dddd\', NULL, 1746901745, NULL, \'2025-05-10\', 0)')
 3 SYSTEMPATH\Database\BaseConnection.php(652): CodeIgniter\Database\BaseConnection->simpleQuery('INSERT INTO `student_info` (`student_info_bn_names`, `student_info_names_en`, `birth_date_dob`, `birth_registration_nos`, `student_info_addresss`, `student_info_father_name_en`, `student_info_bn_father_name`, `student_info_mother_en`, `student_info_bn_mother`, `student_info_gradian_phone1`, `student_info_gradian_phone2nd`, `gardian_name`, `gardian_relationss`, `class_iddddd`, `online_admission_auto_idddiiid`, `section_uniq_iddsss`, `student_picture_pathssss`, `create_timess`, `update_timess`, `create_datesss`, `create_user_idss`) VALUES (\'ss\', \'aa\', \'2025-05-07\', \'11\', \'aaa\', \'qqq\', \'qqq\', \'qqq\', \'qqq\', \'111\', \'111\', \'dddd\', \'ddd\', \'\', \'dd\', \'dddd\', NULL, 1746901745, NULL, \'2025-05-10\', 0)')
 4 SYSTEMPATH\Database\BaseBuilder.php(2345): CodeIgniter\Database\BaseConnection->query('INSERT INTO `student_info` (`student_info_bn_names`, `student_info_names_en`, `birth_date_dob`, `birth_registration_nos`, `student_info_addresss`, `student_info_father_name_en`, `student_info_bn_father_name`, `student_info_mother_en`, `student_info_bn_mother`, `student_info_gradian_phone1`, `student_info_gradian_phone2nd`, `gardian_name`, `gardian_relationss`, `class_iddddd`, `online_admission_auto_idddiiid`, `section_uniq_iddsss`, `student_picture_pathssss`, `create_timess`, `update_timess`, `create_datesss`, `create_user_idss`) VALUES (:student_info_bn_names:, :student_info_names_en:, :birth_date_dob:, :birth_registration_nos:, :student_info_addresss:, :student_info_father_name_en:, :student_info_bn_father_name:, :student_info_mother_en:, :student_info_bn_mother:, :student_info_gradian_phone1:, :student_info_gradian_phone2nd:, :gardian_name:, :gardian_relationss:, :class_iddddd:, :online_admission_auto_idddiiid:, :section_uniq_iddsss:, :student_picture_pathssss:, :create_timess:, :update_timess:, :create_datesss:, :create_user_idss:)', [...], false)
 5 SYSTEMPATH\Model.php(394): CodeIgniter\Database\BaseBuilder->insert()
 6 SYSTEMPATH\BaseModel.php(839): CodeIgniter\Model->doInsert([...])
 7 SYSTEMPATH\Model.php(800): CodeIgniter\BaseModel->insert([...], true)
 8 APPPATH\Controllers\StudentAddFromAdminPanelController.php(64): CodeIgniter\Model->insert([...])
 9 SYSTEMPATH\CodeIgniter.php(933): App\Controllers\StudentAddFromAdminPanelController->student_add_from_admin_panel_form()
10 SYSTEMPATH\CodeIgniter.php(507): CodeIgniter\CodeIgniter->runController(Object(App\Controllers\StudentAddFromAdminPanelController))
11 SYSTEMPATH\CodeIgniter.php(354): CodeIgniter\CodeIgniter->handleRequest(null, Object(Config\Cache), false)
12 SYSTEMPATH\Boot.php(334): CodeIgniter\CodeIgniter->run()
13 SYSTEMPATH\Boot.php(67): CodeIgniter\Boot::runCodeIgniter(Object(CodeIgniter\CodeIgniter))
14 FCPATH\index.php(56): CodeIgniter\Boot::bootWeb(Object(Config\Paths))
