WARNING - 2025-03-24 14:12:18 --> [DEPRECATED] Creation of dynamic property App\Controllers\ClassController::$classModel is deprecated in APPPATH/Controllers/ClassController.php on line 12.
 1 SYSTEMPATH/CodeIgniter.php(903): App\Controllers\ClassController->__construct()
 2 SYSTEMPATH/CodeIgniter.php(498): CodeIgniter\CodeIgniter->createController()
 3 SYSTEMPATH/CodeIgniter.php(354): CodeIgniter\CodeIgniter->handleRequest(null, Object(Config\Cache), false)
 4 SYSTEMPATH/Boot.php(334): CodeIgniter\CodeIgniter->run()
 5 SYSTEMPATH/Boot.php(67): CodeIgniter\Boot::runCodeIgniter(Object(CodeIgniter\CodeIgniter))
 6 FCPATH/index.php(56): CodeIgniter\Boot::bootWeb(Object(Config\Paths))
ERROR - 2025-03-24 14:12:18 --> Error connecting to the database: mysqli_sql_exception: Access denied for user ''@'localhost' (using password: NO) in /home/codertar/allionit/system/Database/MySQLi/Connection.php:201
Stack trace:
#0 /home/codertar/allionit/system/Database/MySQLi/Connection.php(201): mysqli->real_connect()
#1 /home/codertar/allionit/system/Database/BaseConnection.php(421): CodeIgniter\Database\MySQLi\Connection->connect()
#2 /home/codertar/allionit/system/Database/BaseConnection.php(620): CodeIgniter\Database\BaseConnection->initialize()
#3 /home/codertar/allionit/system/Database/BaseBuilder.php(1649): CodeIgniter\Database\BaseConnection->query()
#4 /home/codertar/allionit/system/Model.php(286): CodeIgniter\Database\BaseBuilder->get()
#5 /home/codertar/allionit/system/BaseModel.php(675): CodeIgniter\Model->doFindAll()
#6 /home/codertar/allionit/app/Controllers/ClassController.php(17): CodeIgniter\BaseModel->findAll()
#7 /home/codertar/allionit/system/CodeIgniter.php(933): App\Controllers\ClassController->index()
#8 /home/codertar/allionit/system/CodeIgniter.php(507): CodeIgniter\CodeIgniter->runController()
#9 /home/codertar/allionit/system/CodeIgniter.php(354): CodeIgniter\CodeIgniter->handleRequest()
#10 /home/codertar/allionit/system/Boot.php(334): CodeIgniter\CodeIgniter->run()
#11 /home/codertar/allionit/system/Boot.php(67): CodeIgniter\Boot::runCodeIgniter()
#12 /home/codertar/allionit/index.php(56): CodeIgniter\Boot::bootWeb()
#13 {main}

Next CodeIgniter\Database\Exceptions\DatabaseException: Access denied for user ''@'localhost' (using password: NO) in /home/codertar/allionit/system/Database/MySQLi/Connection.php:246
Stack trace:
#0 /home/codertar/allionit/system/Database/BaseConnection.php(421): CodeIgniter\Database\MySQLi\Connection->connect()
#1 /home/codertar/allionit/system/Database/BaseConnection.php(620): CodeIgniter\Database\BaseConnection->initialize()
#2 /home/codertar/allionit/system/Database/BaseBuilder.php(1649): CodeIgniter\Database\BaseConnection->query()
#3 /home/codertar/allionit/system/Model.php(286): CodeIgniter\Database\BaseBuilder->get()
#4 /home/codertar/allionit/system/BaseModel.php(675): CodeIgniter\Model->doFindAll()
#5 /home/codertar/allionit/app/Controllers/ClassController.php(17): CodeIgniter\BaseModel->findAll()
#6 /home/codertar/allionit/system/CodeIgniter.php(933): App\Controllers\ClassController->index()
#7 /home/codertar/allionit/system/CodeIgniter.php(507): CodeIgniter\CodeIgniter->runController()
#8 /home/codertar/allionit/system/CodeIgniter.php(354): CodeIgniter\CodeIgniter->handleRequest()
#9 /home/codertar/allionit/system/Boot.php(334): CodeIgniter\CodeIgniter->run()
#10 /home/codertar/allionit/system/Boot.php(67): CodeIgniter\Boot::runCodeIgniter()
#11 /home/codertar/allionit/index.php(56): CodeIgniter\Boot::bootWeb()
#12 {main}
CRITICAL - 2025-03-24 14:12:18 --> CodeIgniter\Database\Exceptions\DatabaseException: Unable to connect to the database.
Main connection [MySQLi]: Access denied for user ''@'localhost' (using password: NO)
[Method: GET, Route: class]
in SYSTEMPATH/Database/BaseConnection.php on line 467.
 1 SYSTEMPATH/Database/BaseConnection.php(620): CodeIgniter\Database\BaseConnection->initialize()
 2 SYSTEMPATH/Database/BaseBuilder.php(1649): CodeIgniter\Database\BaseConnection->query()
 3 SYSTEMPATH/Model.php(286): CodeIgniter\Database\BaseBuilder->get()
 4 SYSTEMPATH/BaseModel.php(675): CodeIgniter\Model->doFindAll()
 5 APPPATH/Controllers/ClassController.php(17): CodeIgniter\BaseModel->findAll()
 6 SYSTEMPATH/CodeIgniter.php(933): App\Controllers\ClassController->index()
 7 SYSTEMPATH/CodeIgniter.php(507): CodeIgniter\CodeIgniter->runController()
 8 SYSTEMPATH/CodeIgniter.php(354): CodeIgniter\CodeIgniter->handleRequest()
 9 SYSTEMPATH/Boot.php(334): CodeIgniter\CodeIgniter->run()
10 SYSTEMPATH/Boot.php(67): CodeIgniter\Boot::runCodeIgniter()
11 FCPATH/index.php(56): CodeIgniter\Boot::bootWeb()
WARNING - 2025-03-24 14:14:38 --> [DEPRECATED] Creation of dynamic property App\Controllers\ClassController::$classModel is deprecated in APPPATH/Controllers/ClassController.php on line 12.
 1 SYSTEMPATH/CodeIgniter.php(903): App\Controllers\ClassController->__construct()
 2 SYSTEMPATH/CodeIgniter.php(498): CodeIgniter\CodeIgniter->createController()
 3 SYSTEMPATH/CodeIgniter.php(354): CodeIgniter\CodeIgniter->handleRequest(null, Object(Config\Cache), false)
 4 SYSTEMPATH/Boot.php(334): CodeIgniter\CodeIgniter->run()
 5 SYSTEMPATH/Boot.php(67): CodeIgniter\Boot::runCodeIgniter(Object(CodeIgniter\CodeIgniter))
 6 FCPATH/index.php(56): CodeIgniter\Boot::bootWeb(Object(Config\Paths))
ERROR - 2025-03-24 14:14:38 --> Error connecting to the database: mysqli_sql_exception: Access denied for user 'codertar_school'@'localhost' to database 'school_s' in /home/codertar/allionit/system/Database/MySQLi/Connection.php:201
Stack trace:
#0 /home/codertar/allionit/system/Database/MySQLi/Connection.php(201): mysqli->real_connect()
#1 /home/codertar/allionit/system/Database/BaseConnection.php(421): CodeIgniter\Database\MySQLi\Connection->connect()
#2 /home/codertar/allionit/system/Database/BaseConnection.php(620): CodeIgniter\Database\BaseConnection->initialize()
#3 /home/codertar/allionit/system/Database/BaseBuilder.php(1649): CodeIgniter\Database\BaseConnection->query()
#4 /home/codertar/allionit/system/Model.php(286): CodeIgniter\Database\BaseBuilder->get()
#5 /home/codertar/allionit/system/BaseModel.php(675): CodeIgniter\Model->doFindAll()
#6 /home/codertar/allionit/app/Controllers/ClassController.php(17): CodeIgniter\BaseModel->findAll()
#7 /home/codertar/allionit/system/CodeIgniter.php(933): App\Controllers\ClassController->index()
#8 /home/codertar/allionit/system/CodeIgniter.php(507): CodeIgniter\CodeIgniter->runController()
#9 /home/codertar/allionit/system/CodeIgniter.php(354): CodeIgniter\CodeIgniter->handleRequest()
#10 /home/codertar/allionit/system/Boot.php(334): CodeIgniter\CodeIgniter->run()
#11 /home/codertar/allionit/system/Boot.php(67): CodeIgniter\Boot::runCodeIgniter()
#12 /home/codertar/allionit/index.php(56): CodeIgniter\Boot::bootWeb()
#13 {main}

Next CodeIgniter\Database\Exceptions\DatabaseException: Access denied for user '****'@'localhost' to database 'school_s' in /home/codertar/allionit/system/Database/MySQLi/Connection.php:246
Stack trace:
#0 /home/codertar/allionit/system/Database/BaseConnection.php(421): CodeIgniter\Database\MySQLi\Connection->connect()
#1 /home/codertar/allionit/system/Database/BaseConnection.php(620): CodeIgniter\Database\BaseConnection->initialize()
#2 /home/codertar/allionit/system/Database/BaseBuilder.php(1649): CodeIgniter\Database\BaseConnection->query()
#3 /home/codertar/allionit/system/Model.php(286): CodeIgniter\Database\BaseBuilder->get()
#4 /home/codertar/allionit/system/BaseModel.php(675): CodeIgniter\Model->doFindAll()
#5 /home/codertar/allionit/app/Controllers/ClassController.php(17): CodeIgniter\BaseModel->findAll()
#6 /home/codertar/allionit/system/CodeIgniter.php(933): App\Controllers\ClassController->index()
#7 /home/codertar/allionit/system/CodeIgniter.php(507): CodeIgniter\CodeIgniter->runController()
#8 /home/codertar/allionit/system/CodeIgniter.php(354): CodeIgniter\CodeIgniter->handleRequest()
#9 /home/codertar/allionit/system/Boot.php(334): CodeIgniter\CodeIgniter->run()
#10 /home/codertar/allionit/system/Boot.php(67): CodeIgniter\Boot::runCodeIgniter()
#11 /home/codertar/allionit/index.php(56): CodeIgniter\Boot::bootWeb()
#12 {main}
CRITICAL - 2025-03-24 14:14:38 --> CodeIgniter\Database\Exceptions\DatabaseException: Unable to connect to the database.
Main connection [MySQLi]: Access denied for user '****'@'localhost' to database 'school_s'
[Method: GET, Route: class]
in SYSTEMPATH/Database/BaseConnection.php on line 467.
 1 SYSTEMPATH/Database/BaseConnection.php(620): CodeIgniter\Database\BaseConnection->initialize()
 2 SYSTEMPATH/Database/BaseBuilder.php(1649): CodeIgniter\Database\BaseConnection->query()
 3 SYSTEMPATH/Model.php(286): CodeIgniter\Database\BaseBuilder->get()
 4 SYSTEMPATH/BaseModel.php(675): CodeIgniter\Model->doFindAll()
 5 APPPATH/Controllers/ClassController.php(17): CodeIgniter\BaseModel->findAll()
 6 SYSTEMPATH/CodeIgniter.php(933): App\Controllers\ClassController->index()
 7 SYSTEMPATH/CodeIgniter.php(507): CodeIgniter\CodeIgniter->runController()
 8 SYSTEMPATH/CodeIgniter.php(354): CodeIgniter\CodeIgniter->handleRequest()
 9 SYSTEMPATH/Boot.php(334): CodeIgniter\CodeIgniter->run()
10 SYSTEMPATH/Boot.php(67): CodeIgniter\Boot::runCodeIgniter()
11 FCPATH/index.php(56): CodeIgniter\Boot::bootWeb()
WARNING - 2025-03-24 14:15:05 --> [DEPRECATED] Creation of dynamic property App\Controllers\ClassController::$classModel is deprecated in APPPATH/Controllers/ClassController.php on line 12.
 1 SYSTEMPATH/CodeIgniter.php(903): App\Controllers\ClassController->__construct()
 2 SYSTEMPATH/CodeIgniter.php(498): CodeIgniter\CodeIgniter->createController()
 3 SYSTEMPATH/CodeIgniter.php(354): CodeIgniter\CodeIgniter->handleRequest(null, Object(Config\Cache), false)
 4 SYSTEMPATH/Boot.php(334): CodeIgniter\CodeIgniter->run()
 5 SYSTEMPATH/Boot.php(67): CodeIgniter\Boot::runCodeIgniter(Object(CodeIgniter\CodeIgniter))
 6 FCPATH/index.php(56): CodeIgniter\Boot::bootWeb(Object(Config\Paths))
ERROR - 2025-03-24 14:15:05 --> mysqli_sql_exception: Table 'codertar_school_s.class_name' doesn't exist in /home/codertar/allionit/system/Database/MySQLi/Connection.php:327
Stack trace:
#0 /home/codertar/allionit/system/Database/MySQLi/Connection.php(327): mysqli->query()
#1 /home/codertar/allionit/system/Database/BaseConnection.php(738): CodeIgniter\Database\MySQLi\Connection->execute()
#2 /home/codertar/allionit/system/Database/BaseConnection.php(652): CodeIgniter\Database\BaseConnection->simpleQuery()
#3 /home/codertar/allionit/system/Database/BaseBuilder.php(1649): CodeIgniter\Database\BaseConnection->query()
#4 /home/codertar/allionit/system/Model.php(286): CodeIgniter\Database\BaseBuilder->get()
#5 /home/codertar/allionit/system/BaseModel.php(675): CodeIgniter\Model->doFindAll()
#6 /home/codertar/allionit/app/Controllers/ClassController.php(17): CodeIgniter\BaseModel->findAll()
#7 /home/codertar/allionit/system/CodeIgniter.php(933): App\Controllers\ClassController->index()
#8 /home/codertar/allionit/system/CodeIgniter.php(507): CodeIgniter\CodeIgniter->runController()
#9 /home/codertar/allionit/system/CodeIgniter.php(354): CodeIgniter\CodeIgniter->handleRequest()
#10 /home/codertar/allionit/system/Boot.php(334): CodeIgniter\CodeIgniter->run()
#11 /home/codertar/allionit/system/Boot.php(67): CodeIgniter\Boot::runCodeIgniter()
#12 /home/codertar/allionit/index.php(56): CodeIgniter\Boot::bootWeb()
#13 {main}
CRITICAL - 2025-03-24 14:15:05 --> CodeIgniter\Database\Exceptions\DatabaseException: Table 'codertar_school_s.class_name' doesn't exist
[Method: GET, Route: class]
in SYSTEMPATH/Database/BaseConnection.php on line 692.
 1 SYSTEMPATH/Database/BaseBuilder.php(1649): CodeIgniter\Database\BaseConnection->query()
 2 SYSTEMPATH/Model.php(286): CodeIgniter\Database\BaseBuilder->get()
 3 SYSTEMPATH/BaseModel.php(675): CodeIgniter\Model->doFindAll()
 4 APPPATH/Controllers/ClassController.php(17): CodeIgniter\BaseModel->findAll()
 5 SYSTEMPATH/CodeIgniter.php(933): App\Controllers\ClassController->index()
 6 SYSTEMPATH/CodeIgniter.php(507): CodeIgniter\CodeIgniter->runController()
 7 SYSTEMPATH/CodeIgniter.php(354): CodeIgniter\CodeIgniter->handleRequest()
 8 SYSTEMPATH/Boot.php(334): CodeIgniter\CodeIgniter->run()
 9 SYSTEMPATH/Boot.php(67): CodeIgniter\Boot::runCodeIgniter()
10 FCPATH/index.php(56): CodeIgniter\Boot::bootWeb()
CRITICAL - 2025-03-24 14:15:05 --> [Caused by] CodeIgniter\Database\Exceptions\DatabaseException: Table 'codertar_school_s.class_name' doesn't exist
in SYSTEMPATH/Database/MySQLi/Connection.php on line 332.
 1 SYSTEMPATH/Database/BaseConnection.php(738): CodeIgniter\Database\MySQLi\Connection->execute()
 2 SYSTEMPATH/Database/BaseConnection.php(652): CodeIgniter\Database\BaseConnection->simpleQuery()
 3 SYSTEMPATH/Database/BaseBuilder.php(1649): CodeIgniter\Database\BaseConnection->query()
 4 SYSTEMPATH/Model.php(286): CodeIgniter\Database\BaseBuilder->get()
 5 SYSTEMPATH/BaseModel.php(675): CodeIgniter\Model->doFindAll()
 6 APPPATH/Controllers/ClassController.php(17): CodeIgniter\BaseModel->findAll()
 7 SYSTEMPATH/CodeIgniter.php(933): App\Controllers\ClassController->index()
 8 SYSTEMPATH/CodeIgniter.php(507): CodeIgniter\CodeIgniter->runController()
 9 SYSTEMPATH/CodeIgniter.php(354): CodeIgniter\CodeIgniter->handleRequest()
10 SYSTEMPATH/Boot.php(334): CodeIgniter\CodeIgniter->run()
11 SYSTEMPATH/Boot.php(67): CodeIgniter\Boot::runCodeIgniter()
12 FCPATH/index.php(56): CodeIgniter\Boot::bootWeb()
CRITICAL - 2025-03-24 14:15:05 --> [Caused by] mysqli_sql_exception: Table 'codertar_school_s.class_name' doesn't exist
in SYSTEMPATH/Database/MySQLi/Connection.php on line 327.
 1 SYSTEMPATH/Database/MySQLi/Connection.php(327): mysqli->query()
 2 SYSTEMPATH/Database/BaseConnection.php(738): CodeIgniter\Database\MySQLi\Connection->execute()
 3 SYSTEMPATH/Database/BaseConnection.php(652): CodeIgniter\Database\BaseConnection->simpleQuery()
 4 SYSTEMPATH/Database/BaseBuilder.php(1649): CodeIgniter\Database\BaseConnection->query()
 5 SYSTEMPATH/Model.php(286): CodeIgniter\Database\BaseBuilder->get()
 6 SYSTEMPATH/BaseModel.php(675): CodeIgniter\Model->doFindAll()
 7 APPPATH/Controllers/ClassController.php(17): CodeIgniter\BaseModel->findAll()
 8 SYSTEMPATH/CodeIgniter.php(933): App\Controllers\ClassController->index()
 9 SYSTEMPATH/CodeIgniter.php(507): CodeIgniter\CodeIgniter->runController()
10 SYSTEMPATH/CodeIgniter.php(354): CodeIgniter\CodeIgniter->handleRequest()
11 SYSTEMPATH/Boot.php(334): CodeIgniter\CodeIgniter->run()
12 SYSTEMPATH/Boot.php(67): CodeIgniter\Boot::runCodeIgniter()
13 FCPATH/index.php(56): CodeIgniter\Boot::bootWeb()
CRITICAL - 2025-03-24 20:06:23 --> CodeIgniter\HTTP\Exceptions\BadRequestException: The URI you submitted has disallowed characters: "$web"
[Method: GET, Route: $web/index.html]
in SYSTEMPATH/Router/Router.php on line 739.
 1 SYSTEMPATH/Router/Router.php(207): CodeIgniter\Router\Router->checkDisallowedChars()
 2 SYSTEMPATH/CodeIgniter.php(832): CodeIgniter\Router\Router->handle()
 3 SYSTEMPATH/CodeIgniter.php(455): CodeIgniter\CodeIgniter->tryToRouteIt()
 4 SYSTEMPATH/CodeIgniter.php(354): CodeIgniter\CodeIgniter->handleRequest()
 5 SYSTEMPATH/Boot.php(334): CodeIgniter\CodeIgniter->run()
 6 SYSTEMPATH/Boot.php(67): CodeIgniter\Boot::runCodeIgniter()
 7 FCPATH/index.php(56): CodeIgniter\Boot::bootWeb()
CRITICAL - 2025-03-24 20:06:30 --> CodeIgniter\HTTP\Exceptions\BadRequestException: The URI you submitted has disallowed characters: "exchangerateuserconfig!get.action"
[Method: GET, Route: wap/api/exchangerateuserconfig%21get.action]
in SYSTEMPATH/Router/Router.php on line 739.
 1 SYSTEMPATH/Router/Router.php(207): CodeIgniter\Router\Router->checkDisallowedChars()
 2 SYSTEMPATH/CodeIgniter.php(832): CodeIgniter\Router\Router->handle()
 3 SYSTEMPATH/CodeIgniter.php(455): CodeIgniter\CodeIgniter->tryToRouteIt()
 4 SYSTEMPATH/CodeIgniter.php(354): CodeIgniter\CodeIgniter->handleRequest()
 5 SYSTEMPATH/Boot.php(334): CodeIgniter\CodeIgniter->run()
 6 SYSTEMPATH/Boot.php(67): CodeIgniter\Boot::runCodeIgniter()
 7 FCPATH/index.php(56): CodeIgniter\Boot::bootWeb()
CRITICAL - 2025-03-24 20:06:30 --> CodeIgniter\HTTP\Exceptions\BadRequestException: The URI you submitted has disallowed characters: "exchangerateuserconfig!get.action"
[Method: GET, Route: api/api/exchangerateuserconfig%21get.action]
in SYSTEMPATH/Router/Router.php on line 739.
 1 SYSTEMPATH/Router/Router.php(207): CodeIgniter\Router\Router->checkDisallowedChars()
 2 SYSTEMPATH/CodeIgniter.php(832): CodeIgniter\Router\Router->handle()
 3 SYSTEMPATH/CodeIgniter.php(455): CodeIgniter\CodeIgniter->tryToRouteIt()
 4 SYSTEMPATH/CodeIgniter.php(354): CodeIgniter\CodeIgniter->handleRequest()
 5 SYSTEMPATH/Boot.php(334): CodeIgniter\CodeIgniter->run()
 6 SYSTEMPATH/Boot.php(67): CodeIgniter\Boot::runCodeIgniter()
 7 FCPATH/index.php(56): CodeIgniter\Boot::bootWeb()
CRITICAL - 2025-03-24 20:06:42 --> CodeIgniter\HTTP\Exceptions\BadRequestException: The URI you submitted has disallowed characters: "$web"
[Method: GET, Route: $web/index.html]
in SYSTEMPATH/Router/Router.php on line 739.
 1 SYSTEMPATH/Router/Router.php(207): CodeIgniter\Router\Router->checkDisallowedChars()
 2 SYSTEMPATH/CodeIgniter.php(832): CodeIgniter\Router\Router->handle()
 3 SYSTEMPATH/CodeIgniter.php(455): CodeIgniter\CodeIgniter->tryToRouteIt()
 4 SYSTEMPATH/CodeIgniter.php(354): CodeIgniter\CodeIgniter->handleRequest()
 5 SYSTEMPATH/Boot.php(334): CodeIgniter\CodeIgniter->run()
 6 SYSTEMPATH/Boot.php(67): CodeIgniter\Boot::runCodeIgniter()
 7 FCPATH/index.php(56): CodeIgniter\Boot::bootWeb()
CRITICAL - 2025-03-24 20:06:49 --> CodeIgniter\HTTP\Exceptions\BadRequestException: The URI you submitted has disallowed characters: "exchangerateuserconfig!get.action"
[Method: GET, Route: wap/api/exchangerateuserconfig%21get.action]
in SYSTEMPATH/Router/Router.php on line 739.
 1 SYSTEMPATH/Router/Router.php(207): CodeIgniter\Router\Router->checkDisallowedChars()
 2 SYSTEMPATH/CodeIgniter.php(832): CodeIgniter\Router\Router->handle()
 3 SYSTEMPATH/CodeIgniter.php(455): CodeIgniter\CodeIgniter->tryToRouteIt()
 4 SYSTEMPATH/CodeIgniter.php(354): CodeIgniter\CodeIgniter->handleRequest()
 5 SYSTEMPATH/Boot.php(334): CodeIgniter\CodeIgniter->run()
 6 SYSTEMPATH/Boot.php(67): CodeIgniter\Boot::runCodeIgniter()
 7 FCPATH/index.php(56): CodeIgniter\Boot::bootWeb()
CRITICAL - 2025-03-24 20:06:50 --> CodeIgniter\HTTP\Exceptions\BadRequestException: The URI you submitted has disallowed characters: "exchangerateuserconfig!get.action"
[Method: GET, Route: api/api/exchangerateuserconfig%21get.action]
in SYSTEMPATH/Router/Router.php on line 739.
 1 SYSTEMPATH/Router/Router.php(207): CodeIgniter\Router\Router->checkDisallowedChars()
 2 SYSTEMPATH/CodeIgniter.php(832): CodeIgniter\Router\Router->handle()
 3 SYSTEMPATH/CodeIgniter.php(455): CodeIgniter\CodeIgniter->tryToRouteIt()
 4 SYSTEMPATH/CodeIgniter.php(354): CodeIgniter\CodeIgniter->handleRequest()
 5 SYSTEMPATH/Boot.php(334): CodeIgniter\CodeIgniter->run()
 6 SYSTEMPATH/Boot.php(67): CodeIgniter\Boot::runCodeIgniter()
 7 FCPATH/index.php(56): CodeIgniter\Boot::bootWeb()
