CRITICAL - 2025-05-20 07:19:01 --> ErrorException: Undefined variable $notice
[Method: GET, Route: admin/notice]
in APPPATH\Views\admin\notice.php on line 113.
 1 APPPATH\Views\admin\notice.php(113): CodeIgniter\Debug\Exceptions->errorHandler(2, 'Undefined variable $notice', 'C:\\laragon\\www\\school\\app\\Views\\admin\\notice.php', 113)
 2 SYSTEMPATH\View\View.php(224): include('C:\\laragon\\www\\school\\app\\Views\\admin\\notice.php')
 3 SYSTEMPATH\View\View.php(227): CodeIgniter\View\View->CodeIgniter\View\{closure}()
 4 SYSTEMPATH\Common.php(1173): CodeIgniter\View\View->render('admin/notice', [], true)
 5 APPPATH\Libraries\Template.php(17): view('admin/notice', [...])
 6 APPPATH\Controllers\AdminNoticeController.php(19): App\Libraries\Template->admin_panel('notice', [...])
 7 SYSTEMPATH\CodeIgniter.php(933): App\Controllers\AdminNoticeController->index()
 8 SYSTEMPATH\CodeIgniter.php(507): CodeIgniter\CodeIgniter->runController(Object(App\Controllers\AdminNoticeController))
 9 SYSTEMPATH\CodeIgniter.php(354): CodeIgniter\CodeIgniter->handleRequest(null, Object(Config\Cache), false)
10 SYSTEMPATH\Boot.php(334): CodeIgniter\CodeIgniter->run()
11 SYSTEMPATH\Boot.php(67): CodeIgniter\Boot::runCodeIgniter(Object(CodeIgniter\CodeIgniter))
12 FCPATH\index.php(56): CodeIgniter\Boot::bootWeb(Object(Config\Paths))
CRITICAL - 2025-05-20 07:19:02 --> ErrorException: Undefined variable $notice
[Method: GET, Route: admin/notice]
in APPPATH\Views\admin\notice.php on line 113.
 1 APPPATH\Views\admin\notice.php(113): CodeIgniter\Debug\Exceptions->errorHandler(2, 'Undefined variable $notice', 'C:\\laragon\\www\\school\\app\\Views\\admin\\notice.php', 113)
 2 SYSTEMPATH\View\View.php(224): include('C:\\laragon\\www\\school\\app\\Views\\admin\\notice.php')
 3 SYSTEMPATH\View\View.php(227): CodeIgniter\View\View->CodeIgniter\View\{closure}()
 4 SYSTEMPATH\Common.php(1173): CodeIgniter\View\View->render('admin/notice', [], true)
 5 APPPATH\Libraries\Template.php(17): view('admin/notice', [...])
 6 APPPATH\Controllers\AdminNoticeController.php(19): App\Libraries\Template->admin_panel('notice', [...])
 7 SYSTEMPATH\CodeIgniter.php(933): App\Controllers\AdminNoticeController->index()
 8 SYSTEMPATH\CodeIgniter.php(507): CodeIgniter\CodeIgniter->runController(Object(App\Controllers\AdminNoticeController))
 9 SYSTEMPATH\CodeIgniter.php(354): CodeIgniter\CodeIgniter->handleRequest(null, Object(Config\Cache), false)
10 SYSTEMPATH\Boot.php(334): CodeIgniter\CodeIgniter->run()
11 SYSTEMPATH\Boot.php(67): CodeIgniter\Boot::runCodeIgniter(Object(CodeIgniter\CodeIgniter))
12 FCPATH\index.php(56): CodeIgniter\Boot::bootWeb(Object(Config\Paths))
CRITICAL - 2025-05-20 07:19:02 --> ErrorException: Undefined variable $notice
[Method: GET, Route: admin/notice]
in APPPATH\Views\admin\notice.php on line 113.
 1 APPPATH\Views\admin\notice.php(113): CodeIgniter\Debug\Exceptions->errorHandler(2, 'Undefined variable $notice', 'C:\\laragon\\www\\school\\app\\Views\\admin\\notice.php', 113)
 2 SYSTEMPATH\View\View.php(224): include('C:\\laragon\\www\\school\\app\\Views\\admin\\notice.php')
 3 SYSTEMPATH\View\View.php(227): CodeIgniter\View\View->CodeIgniter\View\{closure}()
 4 SYSTEMPATH\Common.php(1173): CodeIgniter\View\View->render('admin/notice', [], true)
 5 APPPATH\Libraries\Template.php(17): view('admin/notice', [...])
 6 APPPATH\Controllers\AdminNoticeController.php(19): App\Libraries\Template->admin_panel('notice', [...])
 7 SYSTEMPATH\CodeIgniter.php(933): App\Controllers\AdminNoticeController->index()
 8 SYSTEMPATH\CodeIgniter.php(507): CodeIgniter\CodeIgniter->runController(Object(App\Controllers\AdminNoticeController))
 9 SYSTEMPATH\CodeIgniter.php(354): CodeIgniter\CodeIgniter->handleRequest(null, Object(Config\Cache), false)
10 SYSTEMPATH\Boot.php(334): CodeIgniter\CodeIgniter->run()
11 SYSTEMPATH\Boot.php(67): CodeIgniter\Boot::runCodeIgniter(Object(CodeIgniter\CodeIgniter))
12 FCPATH\index.php(56): CodeIgniter\Boot::bootWeb(Object(Config\Paths))
CRITICAL - 2025-05-20 07:19:02 --> ErrorException: Undefined variable $notice
[Method: GET, Route: admin/notice]
in APPPATH\Views\admin\notice.php on line 113.
 1 APPPATH\Views\admin\notice.php(113): CodeIgniter\Debug\Exceptions->errorHandler(2, 'Undefined variable $notice', 'C:\\laragon\\www\\school\\app\\Views\\admin\\notice.php', 113)
 2 SYSTEMPATH\View\View.php(224): include('C:\\laragon\\www\\school\\app\\Views\\admin\\notice.php')
 3 SYSTEMPATH\View\View.php(227): CodeIgniter\View\View->CodeIgniter\View\{closure}()
 4 SYSTEMPATH\Common.php(1173): CodeIgniter\View\View->render('admin/notice', [], true)
 5 APPPATH\Libraries\Template.php(17): view('admin/notice', [...])
 6 APPPATH\Controllers\AdminNoticeController.php(19): App\Libraries\Template->admin_panel('notice', [...])
 7 SYSTEMPATH\CodeIgniter.php(933): App\Controllers\AdminNoticeController->index()
 8 SYSTEMPATH\CodeIgniter.php(507): CodeIgniter\CodeIgniter->runController(Object(App\Controllers\AdminNoticeController))
 9 SYSTEMPATH\CodeIgniter.php(354): CodeIgniter\CodeIgniter->handleRequest(null, Object(Config\Cache), false)
10 SYSTEMPATH\Boot.php(334): CodeIgniter\CodeIgniter->run()
11 SYSTEMPATH\Boot.php(67): CodeIgniter\Boot::runCodeIgniter(Object(CodeIgniter\CodeIgniter))
12 FCPATH\index.php(56): CodeIgniter\Boot::bootWeb(Object(Config\Paths))
CRITICAL - 2025-05-20 07:21:36 --> ErrorException: Undefined variable $notice
[Method: GET, Route: admin/notice]
in APPPATH\Views\admin\notice.php on line 114.
 1 APPPATH\Views\admin\notice.php(114): CodeIgniter\Debug\Exceptions->errorHandler(2, 'Undefined variable $notice', 'C:\\laragon\\www\\school\\app\\Views\\admin\\notice.php', 114)
 2 SYSTEMPATH\View\View.php(224): include('C:\\laragon\\www\\school\\app\\Views\\admin\\notice.php')
 3 SYSTEMPATH\View\View.php(227): CodeIgniter\View\View->CodeIgniter\View\{closure}()
 4 SYSTEMPATH\Common.php(1173): CodeIgniter\View\View->render('admin/notice', [], true)
 5 APPPATH\Libraries\Template.php(17): view('admin/notice', [...])
 6 APPPATH\Controllers\AdminNoticeController.php(19): App\Libraries\Template->admin_panel('notice', [...])
 7 SYSTEMPATH\CodeIgniter.php(933): App\Controllers\AdminNoticeController->index()
 8 SYSTEMPATH\CodeIgniter.php(507): CodeIgniter\CodeIgniter->runController(Object(App\Controllers\AdminNoticeController))
 9 SYSTEMPATH\CodeIgniter.php(354): CodeIgniter\CodeIgniter->handleRequest(null, Object(Config\Cache), false)
10 SYSTEMPATH\Boot.php(334): CodeIgniter\CodeIgniter->run()
11 SYSTEMPATH\Boot.php(67): CodeIgniter\Boot::runCodeIgniter(Object(CodeIgniter\CodeIgniter))
12 FCPATH\index.php(56): CodeIgniter\Boot::bootWeb(Object(Config\Paths))
CRITICAL - 2025-05-20 07:22:39 --> ErrorException: Undefined variable $notice
[Method: GET, Route: admin/notice]
in APPPATH\Views\admin\notice.php on line 114.
 1 APPPATH\Views\admin\notice.php(114): CodeIgniter\Debug\Exceptions->errorHandler(2, 'Undefined variable $notice', 'C:\\laragon\\www\\school\\app\\Views\\admin\\notice.php', 114)
 2 SYSTEMPATH\View\View.php(224): include('C:\\laragon\\www\\school\\app\\Views\\admin\\notice.php')
 3 SYSTEMPATH\View\View.php(227): CodeIgniter\View\View->CodeIgniter\View\{closure}()
 4 SYSTEMPATH\Common.php(1173): CodeIgniter\View\View->render('admin/notice', [], true)
 5 APPPATH\Libraries\Template.php(17): view('admin/notice', [...])
 6 APPPATH\Controllers\AdminNoticeController.php(19): App\Libraries\Template->admin_panel('notice', [...])
 7 SYSTEMPATH\CodeIgniter.php(933): App\Controllers\AdminNoticeController->index()
 8 SYSTEMPATH\CodeIgniter.php(507): CodeIgniter\CodeIgniter->runController(Object(App\Controllers\AdminNoticeController))
 9 SYSTEMPATH\CodeIgniter.php(354): CodeIgniter\CodeIgniter->handleRequest(null, Object(Config\Cache), false)
10 SYSTEMPATH\Boot.php(334): CodeIgniter\CodeIgniter->run()
11 SYSTEMPATH\Boot.php(67): CodeIgniter\Boot::runCodeIgniter(Object(CodeIgniter\CodeIgniter))
12 FCPATH\index.php(56): CodeIgniter\Boot::bootWeb(Object(Config\Paths))
CRITICAL - 2025-05-20 07:23:11 --> ErrorException: Undefined variable $notice
[Method: GET, Route: admin/notice]
in APPPATH\Views\admin\notice.php on line 114.
 1 APPPATH\Views\admin\notice.php(114): CodeIgniter\Debug\Exceptions->errorHandler(2, 'Undefined variable $notice', 'C:\\laragon\\www\\school\\app\\Views\\admin\\notice.php', 114)
 2 SYSTEMPATH\View\View.php(224): include('C:\\laragon\\www\\school\\app\\Views\\admin\\notice.php')
 3 SYSTEMPATH\View\View.php(227): CodeIgniter\View\View->CodeIgniter\View\{closure}()
 4 SYSTEMPATH\Common.php(1173): CodeIgniter\View\View->render('admin/notice', [], true)
 5 APPPATH\Libraries\Template.php(17): view('admin/notice', [...])
 6 APPPATH\Controllers\AdminNoticeController.php(19): App\Libraries\Template->admin_panel('notice', [...])
 7 SYSTEMPATH\CodeIgniter.php(933): App\Controllers\AdminNoticeController->index()
 8 SYSTEMPATH\CodeIgniter.php(507): CodeIgniter\CodeIgniter->runController(Object(App\Controllers\AdminNoticeController))
 9 SYSTEMPATH\CodeIgniter.php(354): CodeIgniter\CodeIgniter->handleRequest(null, Object(Config\Cache), false)
10 SYSTEMPATH\Boot.php(334): CodeIgniter\CodeIgniter->run()
11 SYSTEMPATH\Boot.php(67): CodeIgniter\Boot::runCodeIgniter(Object(CodeIgniter\CodeIgniter))
12 FCPATH\index.php(56): CodeIgniter\Boot::bootWeb(Object(Config\Paths))
CRITICAL - 2025-05-20 07:23:49 --> ErrorException: Undefined variable $notice
[Method: GET, Route: admin/notice]
in APPPATH\Views\admin\notice.php on line 93.
 1 APPPATH\Views\admin\notice.php(93): CodeIgniter\Debug\Exceptions->errorHandler(2, 'Undefined variable $notice', 'C:\\laragon\\www\\school\\app\\Views\\admin\\notice.php', 93)
 2 SYSTEMPATH\View\View.php(224): include('C:\\laragon\\www\\school\\app\\Views\\admin\\notice.php')
 3 SYSTEMPATH\View\View.php(227): CodeIgniter\View\View->CodeIgniter\View\{closure}()
 4 SYSTEMPATH\Common.php(1173): CodeIgniter\View\View->render('admin/notice', [], true)
 5 APPPATH\Libraries\Template.php(17): view('admin/notice', [...])
 6 APPPATH\Controllers\AdminNoticeController.php(19): App\Libraries\Template->admin_panel('notice', [...])
 7 SYSTEMPATH\CodeIgniter.php(933): App\Controllers\AdminNoticeController->index()
 8 SYSTEMPATH\CodeIgniter.php(507): CodeIgniter\CodeIgniter->runController(Object(App\Controllers\AdminNoticeController))
 9 SYSTEMPATH\CodeIgniter.php(354): CodeIgniter\CodeIgniter->handleRequest(null, Object(Config\Cache), false)
10 SYSTEMPATH\Boot.php(334): CodeIgniter\CodeIgniter->run()
11 SYSTEMPATH\Boot.php(67): CodeIgniter\Boot::runCodeIgniter(Object(CodeIgniter\CodeIgniter))
12 FCPATH\index.php(56): CodeIgniter\Boot::bootWeb(Object(Config\Paths))
CRITICAL - 2025-05-20 07:24:55 --> ErrorException: Undefined variable $notice_C
[Method: GET, Route: admin/notice]
in APPPATH\Views\admin\notice.php on line 93.
 1 APPPATH\Views\admin\notice.php(93): CodeIgniter\Debug\Exceptions->errorHandler(2, 'Undefined variable $notice_C', 'C:\\laragon\\www\\school\\app\\Views\\admin\\notice.php', 93)
 2 SYSTEMPATH\View\View.php(224): include('C:\\laragon\\www\\school\\app\\Views\\admin\\notice.php')
 3 SYSTEMPATH\View\View.php(227): CodeIgniter\View\View->CodeIgniter\View\{closure}()
 4 SYSTEMPATH\Common.php(1173): CodeIgniter\View\View->render('admin/notice', [], true)
 5 APPPATH\Libraries\Template.php(17): view('admin/notice', [...])
 6 APPPATH\Controllers\AdminNoticeController.php(19): App\Libraries\Template->admin_panel('notice', [...])
 7 SYSTEMPATH\CodeIgniter.php(933): App\Controllers\AdminNoticeController->index()
 8 SYSTEMPATH\CodeIgniter.php(507): CodeIgniter\CodeIgniter->runController(Object(App\Controllers\AdminNoticeController))
 9 SYSTEMPATH\CodeIgniter.php(354): CodeIgniter\CodeIgniter->handleRequest(null, Object(Config\Cache), false)
10 SYSTEMPATH\Boot.php(334): CodeIgniter\CodeIgniter->run()
11 SYSTEMPATH\Boot.php(67): CodeIgniter\Boot::runCodeIgniter(Object(CodeIgniter\CodeIgniter))
12 FCPATH\index.php(56): CodeIgniter\Boot::bootWeb(Object(Config\Paths))
CRITICAL - 2025-05-20 13:51:52 --> ErrorException: Undefined variable $notice
[Method: GET, Route: admin/notice]
in APPPATH\Views\admin\notice.php on line 59.
 1 APPPATH\Views\admin\notice.php(59): CodeIgniter\Debug\Exceptions->errorHandler(2, 'Undefined variable $notice', 'C:\\laragon\\www\\school\\app\\Views\\admin\\notice.php', 59)
 2 SYSTEMPATH\View\View.php(224): include('C:\\laragon\\www\\school\\app\\Views\\admin\\notice.php')
 3 SYSTEMPATH\View\View.php(227): CodeIgniter\View\View->CodeIgniter\View\{closure}()
 4 SYSTEMPATH\Common.php(1173): CodeIgniter\View\View->render('admin/notice', [], true)
 5 APPPATH\Libraries\Template.php(17): view('admin/notice', [...])
 6 APPPATH\Controllers\AdminNoticeController.php(19): App\Libraries\Template->admin_panel('notice', [...])
 7 SYSTEMPATH\CodeIgniter.php(933): App\Controllers\AdminNoticeController->index()
 8 SYSTEMPATH\CodeIgniter.php(507): CodeIgniter\CodeIgniter->runController(Object(App\Controllers\AdminNoticeController))
 9 SYSTEMPATH\CodeIgniter.php(354): CodeIgniter\CodeIgniter->handleRequest(null, Object(Config\Cache), false)
10 SYSTEMPATH\Boot.php(334): CodeIgniter\CodeIgniter->run()
11 SYSTEMPATH\Boot.php(67): CodeIgniter\Boot::runCodeIgniter(Object(CodeIgniter\CodeIgniter))
12 FCPATH\index.php(56): CodeIgniter\Boot::bootWeb(Object(Config\Paths))
CRITICAL - 2025-05-20 13:55:33 --> ErrorException: Undefined variable $notice
[Method: GET, Route: admin/notice]
in APPPATH\Views\admin\notice.php on line 59.
 1 APPPATH\Views\admin\notice.php(59): CodeIgniter\Debug\Exceptions->errorHandler(2, 'Undefined variable $notice', 'C:\\laragon\\www\\school\\app\\Views\\admin\\notice.php', 59)
 2 SYSTEMPATH\View\View.php(224): include('C:\\laragon\\www\\school\\app\\Views\\admin\\notice.php')
 3 SYSTEMPATH\View\View.php(227): CodeIgniter\View\View->CodeIgniter\View\{closure}()
 4 SYSTEMPATH\Common.php(1173): CodeIgniter\View\View->render('admin/notice', [], true)
 5 APPPATH\Libraries\Template.php(17): view('admin/notice', [...])
 6 APPPATH\Controllers\AdminNoticeController.php(19): App\Libraries\Template->admin_panel('notice', [...])
 7 SYSTEMPATH\CodeIgniter.php(933): App\Controllers\AdminNoticeController->index()
 8 SYSTEMPATH\CodeIgniter.php(507): CodeIgniter\CodeIgniter->runController(Object(App\Controllers\AdminNoticeController))
 9 SYSTEMPATH\CodeIgniter.php(354): CodeIgniter\CodeIgniter->handleRequest(null, Object(Config\Cache), false)
10 SYSTEMPATH\Boot.php(334): CodeIgniter\CodeIgniter->run()
11 SYSTEMPATH\Boot.php(67): CodeIgniter\Boot::runCodeIgniter(Object(CodeIgniter\CodeIgniter))
12 FCPATH\index.php(56): CodeIgniter\Boot::bootWeb(Object(Config\Paths))
